
============================================
 Foundgine Agent End-to-End Performance Run
============================================
Mode:                    replay
Customer tiers:          1
Concurrency:             1
Runs per tier:           1
Warmups per flow:        1
Relationships/customer:  4
Contracts/relationship:  3
Transactions/contract:   4
Reports:                 C:\Foundgine\benchmarks\AgentEndToEnd\Run1\artifacts

Restoring benchmark projects...
  Determining projects to restore...
  Restored C:\Foundgine\benchmarks\CoffeeBeanery.Performance\CoffeeBeanery.Database\CoffeeBeanery.Database.csproj (in 202 ms).
  Determining projects to restore...
  Restored C:\Foundgine\benchmarks\AgentEndToEnd\Run1\Foundgine.AgentEndToEnd.Benchmark.csproj (in 157 ms).
  1 of 2 projects are up-to-date for restore.
Removing benchmark containers and PostgreSQL volume...
Removing benchmark containers and PostgreSQL volume...
Starting PostgreSQL 17 benchmark container on host port 52328...
 Network foundgine-agent-e2e-run1_default Creating 
 Network foundgine-agent-e2e-run1_default Created 
 Volume foundgine-agent-e2e-run1_agent-e2e-postgres-data Creating 
 Volume foundgine-agent-e2e-run1_agent-e2e-postgres-data Created 
 Container foundgine-agent-e2e-run1-postgres-1 Creating 
 Container foundgine-agent-e2e-run1-postgres-1 Created 
 Container foundgine-agent-e2e-run1-postgres-1 Starting 
 Container foundgine-agent-e2e-run1-postgres-1 Started 
Waiting for PostgreSQL...
Seeding fixture: 1 customers ...
Seeding 1 customers, 4 relationships, 12 contracts and 48 transactions...
Seeded: 1 customers, 4 relationships, 12 contracts, 48 transactions.
Benchmark graph for Customer 1: 4 relationships -> 12 contracts -> 48 transactions.
Customer 1 is the deterministic benchmark target.
Building and starting Foundgine warm benchmark API...
 Image foundgine-agent-e2e-run1-foundgine-warm Building 
#1 [internal] load local bake definitions
#1 reading from stdin 622B done
#1 DONE 0.0s

#2 [internal] load build definition from Dockerfile
#2 transferring dockerfile: 1.18kB done
#2 DONE 0.0s

#3 [internal] load metadata for mcr.microsoft.com/dotnet/sdk:9.0
#3 DONE 0.2s

#4 [internal] load metadata for mcr.microsoft.com/dotnet/aspnet:9.0
#4 DONE 0.2s

#5 [internal] load .dockerignore
#5 transferring context: 2B done
#5 DONE 0.0s

#6 [stage-1 1/4] FROM mcr.microsoft.com/dotnet/aspnet:9.0@sha256:b1201ee0ccf9a22c06844982296c1be40d5ff9c7685dc002729f204e63fb1730
#6 resolve mcr.microsoft.com/dotnet/aspnet:9.0@sha256:b1201ee0ccf9a22c06844982296c1be40d5ff9c7685dc002729f204e63fb1730 0.0s done
#6 DONE 0.0s

#7 [build 1/5] FROM mcr.microsoft.com/dotnet/sdk:9.0@sha256:f190d2dd9eef2899c91ac323caa0bd2b39334a5400ba93013e5199da39dad940
#7 resolve mcr.microsoft.com/dotnet/sdk:9.0@sha256:f190d2dd9eef2899c91ac323caa0bd2b39334a5400ba93013e5199da39dad940 0.0s done
#7 DONE 0.0s

#8 [internal] load build context
#8 transferring context: 1.11MB 0.1s done
#8 DONE 0.1s

#9 [build 2/5] WORKDIR /src
#9 CACHED

#10 [build 3/5] COPY . .
#10 DONE 0.6s

#11 [build 4/5] RUN dotnet restore     benchmarks/CoffeeBeanery.Performance/Foundgine.CoffeeBeanery.BenchmarkApi/Foundgine.CoffeeBeanery.BenchmarkApi.csproj
#11 0.644   Determining projects to restore...
#11 1.537   Restored /src/src/Foundgine.Metadata/Foundgine.Metadata.csproj (in 99 ms).
#11 1.537   Restored /src/src/Foundgine.Abstractions/Foundgine.Abstractions.csproj (in 88 ms).
#11 1.537   Restored /src/src/Foundgine.Execution/Foundgine.Execution.csproj (in 99 ms).
#11 1.537   Restored /src/src/Foundgine.Semantics/Foundgine.Semantics.csproj (in 99 ms).
#11 1.537   Restored /src/src/Foundgine.Planning/Foundgine.Planning.csproj (in 99 ms).
#11 3.304   Restored /src/src/Foundgine/Foundgine.csproj (in 1.89 sec).
#11 3.304   Restored /src/src/Foundgine.Sql/Foundgine.Sql.csproj (in 1.75 sec).
#11 3.306   Restored /src/src/Foundgine.GraphQL.HotChocolate/Foundgine.GraphQL.HotChocolate.csproj (in 1.9 sec).
#11 3.306   Restored /src/src/Foundgine.GraphQL.HotChocolate.Mutations/Foundgine.GraphQL.HotChocolate.Mutations.csproj (in 1.76 sec).
#11 3.307   Restored /src/benchmarks/CoffeeBeanery.Performance/Foundgine.CoffeeBeanery.BenchmarkApi/Foundgine.CoffeeBeanery.BenchmarkApi.csproj (in 1.9 sec).
#11 DONE 3.5s

#12 [build 5/5] RUN dotnet publish     benchmarks/CoffeeBeanery.Performance/Foundgine.CoffeeBeanery.BenchmarkApi/Foundgine.CoffeeBeanery.BenchmarkApi.csproj     -c Release     -o /app/publish
#12 0.732   Determining projects to restore...
#12 1.588   All projects are up-to-date for restore.
#12 3.752   Foundgine.Abstractions -> /src/src/Foundgine.Abstractions/bin/Release/net9.0/Foundgine.Abstractions.dll
#12 4.841   Foundgine.Semantics -> /src/src/Foundgine.Semantics/bin/Release/net9.0/Foundgine.Semantics.dll
#12 5.229   Foundgine.Metadata -> /src/src/Foundgine.Metadata/bin/Release/net9.0/Foundgine.Metadata.dll
#12 5.382   Foundgine.Planning -> /src/src/Foundgine.Planning/bin/Release/net9.0/Foundgine.Planning.dll
#12 5.729   Foundgine.Execution -> /src/src/Foundgine.Execution/bin/Release/net9.0/Foundgine.Execution.dll
#12 5.973   Foundgine -> /src/src/Foundgine/bin/Release/net9.0/Foundgine.dll
#12 6.446   Foundgine.Sql -> /src/src/Foundgine.Sql/bin/Release/net9.0/Foundgine.Sql.dll
#12 6.477   Foundgine.GraphQL.HotChocolate -> /src/src/Foundgine.GraphQL.HotChocolate/bin/Release/net9.0/Foundgine.GraphQL.HotChocolate.dll
#12 6.877   Foundgine.GraphQL.HotChocolate.Mutations -> /src/src/Foundgine.GraphQL.HotChocolate.Mutations/bin/Release/net9.0/Foundgine.GraphQL.HotChocolate.Mutations.dll
#12 7.630   Foundgine.CoffeeBeanery.BenchmarkApi -> /src/benchmarks/CoffeeBeanery.Performance/Foundgine.CoffeeBeanery.BenchmarkApi/bin/Release/net9.0/Foundgine.CoffeeBeanery.BenchmarkApi.dll
#12 7.680   Foundgine.CoffeeBeanery.BenchmarkApi -> /app/publish/
#12 DONE 7.8s

#13 [stage-1 2/4] RUN apt-get update     && apt-get install -y --no-install-recommends curl     && rm -rf /var/lib/apt/lists/*
#13 CACHED

#14 [stage-1 3/4] WORKDIR /app
#14 CACHED

#15 [stage-1 4/4] COPY --from=build /app/publish .
#15 CACHED

#16 exporting to image
#16 exporting layers done
#16 exporting manifest sha256:833cb8766d86aa58c0cc4fccf694d0ede744774f5f4ca9e75d65eec5f2b6667e done
#16 exporting config sha256:2963800cb47d5958728a07d0cc0317d05e7e46a571f87cfbffa076127eff37a5 done
#16 exporting attestation manifest sha256:a75b57c1ea66885e4c24cb5327d06f87fe41c1f34a34e0bc98298b96ca35b887 0.0s done
#16 exporting manifest list sha256:3538d58a0e13e3e94fa31e6536d1f58c6cb03118c05ce0f7367cd5c17480e071
#16 exporting manifest list sha256:3538d58a0e13e3e94fa31e6536d1f58c6cb03118c05ce0f7367cd5c17480e071 0.0s done
#16 naming to docker.io/library/foundgine-agent-e2e-run1-foundgine-warm:latest done
#16 unpacking to docker.io/library/foundgine-agent-e2e-run1-foundgine-warm:latest done
#16 DONE 0.1s

#17 resolving provenance for metadata file
#17 DONE 0.0s
 Image foundgine-agent-e2e-run1-foundgine-warm Built 
 Container foundgine-agent-e2e-run1-foundgine-warm-1 Creating 
 Container foundgine-agent-e2e-run1-foundgine-warm-1 Created 
 Container foundgine-agent-e2e-run1-foundgine-warm-1 Starting 
 Container foundgine-agent-e2e-run1-foundgine-warm-1 Started 
Waiting for http://localhost:4302/health/ready ...

>>> Concurrency tier: 1

============================================
 Agent benchmark: 1 customers / 1 runs
============================================
===============================================
 Foundgine / Agent End-to-End Benchmark
===============================================
Scenario:     customer-exposure-review
Mode:         replay
Warmups:      1
Measured:     1
Customer count: 1
Concurrency:  1
Targets:      1
Threshold:    48,000

Fixture:      4 relationships / 12 contracts / 48 transactions
Baseline:     Customer 1 Benchmark

== Conventional application/AI flow ==
run=1 wall=7.6ms model=0.0ms tools=5.9ms modelCalls=0 toolCalls=7 inputTokens=0 outputTokens=0 totalTokens=0 estContextLoadTokens~932 workers=1 httpRetries=0

== Foundgine semantic flow ==
Unhandled exception. System.Net.Http.HttpRequestException: GraphQL request failed with 400 (BadRequest). Response: {"errors":[{"message":"An executable plan must carry authorization provenance before crossing the execution boundary."}]}
   at FoundgineTools.PostGraphqlAsync(String url, String query, Object variables) in C:\Foundgine\benchmarks\AgentEndToEnd\Run1\Program.cs:line 744
   at FoundgineTools.GraphAsync(String url, Int32 customerId) in C:\Foundgine\benchmarks\AgentEndToEnd\Run1\Program.cs:line 709
   at ToolRegistry.InvokeMeasuredAsync(String name, String input, Func`2 handler, TraceCollector trace) in C:\Foundgine\benchmarks\AgentEndToEnd\Run1\Program.cs:line 591
   at FoundgineReplay.RunAsync(String foundgineUrl, TraceCollector trace, Int32 customerId) in C:\Foundgine\benchmarks\AgentEndToEnd\Run1\Program.cs:line 573
   at Program.<<Main>$>g__RunAsync|0_0(FlowKind flow, String mode, String connectionString, String foundgineUrl, Int32 customerId, Boolean record) in C:\Foundgine\benchmarks\AgentEndToEnd\Run1\Program.cs:line 143
   at Program.<Main>$(String[] args) in C:\Foundgine\benchmarks\AgentEndToEnd\Run1\Program.cs:line 65
   at Program.<Main>$(String[] args) in C:\Foundgine\benchmarks\AgentEndToEnd\Run1\Program.cs:line 112
   at Program.<Main>(String[] args)
Removing benchmark containers and PostgreSQL volume...
Agent end-to-end benchmark failed for 1 customers at concurrency 1 (exit code -532462766). Console log: 
C:\Foundgine\benchmarks\AgentEndToEnd\Run1\artifacts\00001-customers\concurrency-001\agent-benchmark-console.log
===============================================
 Foundgine / Agent End-to-End Benchmark
===============================================
Scenario:     customer-exposure-review
Mode:         replay
Warmups:      1
Measured:     1
Customer count: 1
Concurrency:  1
Targets:      1
Threshold:    48,000
Fixture:      4 relationships / 12 contracts / 48 transactions
Baseline:     Customer 1 Benchmark
== Conventional application/AI flow ==
run=1 wall=7.6ms model=0.0ms tools=5.9ms modelCalls=0 toolCalls=7 inputTokens=0 outputTokens=0 totalTokens=0 
estContextLoadTokens~932 workers=1 httpRetries=0
== Foundgine semantic flow ==
Unhandled exception. System.Net.Http.HttpRequestException: GraphQL request failed with 400 (BadRequest). Response: 
{"errors":[{"message":"An executable plan must carry authorization provenance before crossing the execution 
boundary."}]}
   at FoundgineTools.PostGraphqlAsync(String url, String query, Object variables) in 
C:\Foundgine\benchmarks\AgentEndToEnd\Run1\Program.cs:line 744
   at FoundgineTools.GraphAsync(String url, Int32 customerId) in 
C:\Foundgine\benchmarks\AgentEndToEnd\Run1\Program.cs:line 709
   at ToolRegistry.InvokeMeasuredAsync(String name, String input, Func`2 handler, TraceCollector trace) in 
C:\Foundgine\benchmarks\AgentEndToEnd\Run1\Program.cs:line 591
   at FoundgineReplay.RunAsync(String foundgineUrl, TraceCollector trace, Int32 customerId) in 
C:\Foundgine\benchmarks\AgentEndToEnd\Run1\Program.cs:line 573
   at Program.<<Main>$>g__RunAsync|0_0(FlowKind flow, String mode, String connectionString, String foundgineUrl, Int32 
customerId, Boolean record) in C:\Foundgine\benchmarks\AgentEndToEnd\Run1\Program.cs:line 143
   at Program.<Main>$(String[] args) in C:\Foundgine\benchmarks\AgentEndToEnd\Run1\Program.cs:line 65
   at Program.<Main>$(String[] args) in C:\Foundgine\benchmarks\AgentEndToEnd\Run1\Program.cs:line 112
   at Program.<Main>(String[] args)
At C:\Foundgine\benchmarks\AgentEndToEnd\Run1\run-agent-end-to-end.ps1:304 char:9
+         throw "Agent end-to-end benchmark failed for $CustomerCount c ...
+         ~~~~~~~~~~~~~~~~~~~~~~~~~~~~~~~~~~~~~~~~~~~~~~~~~~~~~~~~~~~~~
    + CategoryInfo          : OperationStopped: (Agent end-to-en...(String[] args):String) [], RuntimeException
    + FullyQualifiedErrorId : Agent end-to-end benchmark failed for 1 customers at concurrency 1 (exit code -532462766 
   ). Console log: C:\Foundgine\benchmarks\AgentEndToEnd\Run1\artifacts\00001-customers\concurrency-001\agent-benchma  
  rk-console.log
===============================================
 Foundgine / Agent End-to-End Benchmark
===============================================
Scenario:     customer-exposure-review
Mode:         replay
Warmups:      1
Measured:     1
Customer count: 1
Concurrency:  1
Targets:      1
Threshold:    48,000
Fixture:      4 relationships / 12 contracts / 48 transactions
Baseline:     Customer 1 Benchmark
== Conventional application/AI flow ==
    run=1 wall=7.6ms model=0.0ms tools=5.9ms modelCalls=0 toolCalls=7 inputTokens=0 outputTokens=0 totalTokens=0 estCo 
   ntextLoadTokens~932 workers=1 httpRetries=0
== Foundgine semantic flow ==
    Unhandled exception. System.Net.Http.HttpRequestException: GraphQL request failed with 400 (BadRequest). Response: 
    {"errors":[{"message":"An executable plan must carry authorization provenance before crossing the execution bound  
  ary."}]}
       at FoundgineTools.PostGraphqlAsync(String url, String query, Object variables) in C:\Foundgine\benchmarks\Agent 
   EndToEnd\Run1\Program.cs:line 744
       at FoundgineTools.GraphAsync(String url, Int32 customerId) in C:\Foundgine\benchmarks\AgentEndToEnd\Run1\Progra 
   m.cs:line 709
       at ToolRegistry.InvokeMeasuredAsync(String name, String input, Func`2 handler, TraceCollector trace) in C:\Foun 
   dgine\benchmarks\AgentEndToEnd\Run1\Program.cs:line 591
       at FoundgineReplay.RunAsync(String foundgineUrl, TraceCollector trace, Int32 customerId) in C:\Foundgine\benchm 
   arks\AgentEndToEnd\Run1\Program.cs:line 573
       at Program.<<Main>$>g__RunAsync|0_0(FlowKind flow, String mode, String connectionString, String foundgineUrl, I 
   nt32 customerId, Boolean record) in C:\Foundgine\benchmarks\AgentEndToEnd\Run1\Program.cs:line 143
   at Program.<Main>$(String[] args) in C:\Foundgine\benchmarks\AgentEndToEnd\Run1\Program.cs:line 65
   at Program.<Main>$(String[] args) in C:\Foundgine\benchmarks\AgentEndToEnd\Run1\Program.cs:line 112
   at Program.<Main>(String[] args)
 
