
============================================
 Foundgine Agent End-to-End Performance Run
============================================
Mode:                    replay
Customer tiers:          10, 100, 1000, 10000
Concurrency:             8, 16, 32, 64
Runs per tier:           30, 30, 30, 30
Warmups per flow:        5
Relationships/customer:  4
Contracts/relationship:  3
Transactions/contract:   4
Reports:                 C:\Foundgine\benchmarks\AgentEndToEnd\Run1\artifacts

Restoring benchmark projects...
  Determining projects to restore...
  All projects are up-to-date for restore.
  Determining projects to restore...
  All projects are up-to-date for restore.
Removing benchmark containers and PostgreSQL volume...
Removing benchmark containers and PostgreSQL volume...
Starting PostgreSQL 17 benchmark container on host port 45461...
 Network foundgine-agent-e2e-run1_default Creating 
 Network foundgine-agent-e2e-run1_default Created 
 Volume foundgine-agent-e2e-run1_agent-e2e-postgres-data Creating 
 Volume foundgine-agent-e2e-run1_agent-e2e-postgres-data Created 
 Container foundgine-agent-e2e-run1-postgres-1 Creating 
 Container foundgine-agent-e2e-run1-postgres-1 Created 
 Container foundgine-agent-e2e-run1-postgres-1 Starting 
 Container foundgine-agent-e2e-run1-postgres-1 Started 
Waiting for PostgreSQL...
Seeding fixture: 10 customers ...
Seeding 10 customers, 40 relationships, 120 contracts and 480 transactions...
Seeded: 10 customers, 40 relationships, 120 contracts, 480 transactions.
Benchmark graph for Customer 1: 4 relationships -> 12 contracts -> 48 transactions.
Customer 1 is the deterministic benchmark target.
Building and starting Foundgine warm benchmark API...
 Image foundgine-agent-e2e-run1-foundgine-warm Building 
#1 [internal] load local bake definitions
#1 reading from stdin 622B done
#1 DONE 0.0s

#2 [internal] load build definition from Dockerfile
#2 transferring dockerfile: 1.18kB done
#2 DONE 0.0s

#3 [internal] load metadata for mcr.microsoft.com/dotnet/aspnet:9.0
#3 DONE 0.2s

#4 [internal] load metadata for mcr.microsoft.com/dotnet/sdk:9.0
#4 DONE 0.2s

#5 [internal] load .dockerignore
#5 transferring context: 2B done
#5 DONE 0.0s

#6 [build 1/5] FROM mcr.microsoft.com/dotnet/sdk:9.0@sha256:f190d2dd9eef2899c91ac323caa0bd2b39334a5400ba93013e5199da39dad940
#6 resolve mcr.microsoft.com/dotnet/sdk:9.0@sha256:f190d2dd9eef2899c91ac323caa0bd2b39334a5400ba93013e5199da39dad940 0.0s done
#6 DONE 0.0s

#7 [stage-1 1/4] FROM mcr.microsoft.com/dotnet/aspnet:9.0@sha256:b1201ee0ccf9a22c06844982296c1be40d5ff9c7685dc002729f204e63fb1730
#7 resolve mcr.microsoft.com/dotnet/aspnet:9.0@sha256:b1201ee0ccf9a22c06844982296c1be40d5ff9c7685dc002729f204e63fb1730 0.0s done
#7 DONE 0.0s

#8 [internal] load build context
#8 transferring context: 2.72MB 0.1s done
#8 DONE 0.1s

#9 [build 2/5] WORKDIR /src
#9 CACHED

#10 [build 3/5] COPY . .
#10 DONE 0.7s

#11 [build 4/5] RUN dotnet restore     benchmarks/CoffeeBeanery.Performance/Foundgine.CoffeeBeanery.BenchmarkApi/Foundgine.CoffeeBeanery.BenchmarkApi.csproj
#11 0.659   Determining projects to restore...
#11 1.623   Restored /src/src/Foundgine.Semantics/Foundgine.Semantics.csproj (in 109 ms).
#11 1.623   Restored /src/src/Foundgine.Planning/Foundgine.Planning.csproj (in 110 ms).
#11 1.623   Restored /src/src/Foundgine.Metadata/Foundgine.Metadata.csproj (in 109 ms).
#11 1.623   Restored /src/src/Foundgine.Abstractions/Foundgine.Abstractions.csproj (in 98 ms).
#11 1.630   Restored /src/src/Foundgine.Execution/Foundgine.Execution.csproj (in 3 ms).
#11 3.366   Restored /src/src/Foundgine/Foundgine.csproj (in 1.87 sec).
#11 3.366   Restored /src/src/Foundgine.Sql/Foundgine.Sql.csproj (in 1.87 sec).
#11 3.394   Restored /src/src/Foundgine.GraphQL.HotChocolate/Foundgine.GraphQL.HotChocolate.csproj (in 1.9 sec).
#11 3.394   Restored /src/src/Foundgine.GraphQL.HotChocolate.Mutations/Foundgine.GraphQL.HotChocolate.Mutations.csproj (in 1.9 sec).
#11 3.394   Restored /src/benchmarks/CoffeeBeanery.Performance/Foundgine.CoffeeBeanery.BenchmarkApi/Foundgine.CoffeeBeanery.BenchmarkApi.csproj (in 1.77 sec).
#11 DONE 3.5s

#12 [build 5/5] RUN dotnet publish     benchmarks/CoffeeBeanery.Performance/Foundgine.CoffeeBeanery.BenchmarkApi/Foundgine.CoffeeBeanery.BenchmarkApi.csproj     -c Release     -o /app/publish
#12 0.715   Determining projects to restore...
#12 1.588   All projects are up-to-date for restore.
#12 3.694   Foundgine.Abstractions -> /src/src/Foundgine.Abstractions/bin/Release/net9.0/Foundgine.Abstractions.dll
#12 4.694   Foundgine.Semantics -> /src/src/Foundgine.Semantics/bin/Release/net9.0/Foundgine.Semantics.dll
#12 5.094   Foundgine.Metadata -> /src/src/Foundgine.Metadata/bin/Release/net9.0/Foundgine.Metadata.dll
#12 5.196   Foundgine.Planning -> /src/src/Foundgine.Planning/bin/Release/net9.0/Foundgine.Planning.dll
#12 5.599   Foundgine.Execution -> /src/src/Foundgine.Execution/bin/Release/net9.0/Foundgine.Execution.dll
#12 5.932   Foundgine -> /src/src/Foundgine/bin/Release/net9.0/Foundgine.dll
#12 6.324   Foundgine.Sql -> /src/src/Foundgine.Sql/bin/Release/net9.0/Foundgine.Sql.dll
#12 6.427   Foundgine.GraphQL.HotChocolate -> /src/src/Foundgine.GraphQL.HotChocolate/bin/Release/net9.0/Foundgine.GraphQL.HotChocolate.dll
#12 6.801   Foundgine.GraphQL.HotChocolate.Mutations -> /src/src/Foundgine.GraphQL.HotChocolate.Mutations/bin/Release/net9.0/Foundgine.GraphQL.HotChocolate.Mutations.dll
#12 7.535   Foundgine.CoffeeBeanery.BenchmarkApi -> /src/benchmarks/CoffeeBeanery.Performance/Foundgine.CoffeeBeanery.BenchmarkApi/bin/Release/net9.0/Foundgine.CoffeeBeanery.BenchmarkApi.dll
#12 7.580   Foundgine.CoffeeBeanery.BenchmarkApi -> /app/publish/
#12 DONE 7.7s

#13 [stage-1 2/4] RUN apt-get update     && apt-get install -y --no-install-recommends curl     && rm -rf /var/lib/apt/lists/*
#13 CACHED

#14 [stage-1 3/4] WORKDIR /app
#14 CACHED

#15 [stage-1 4/4] COPY --from=build /app/publish .
#15 CACHED

#16 exporting to image
#16 exporting layers done
#16 exporting manifest sha256:833cb8766d86aa58c0cc4fccf694d0ede744774f5f4ca9e75d65eec5f2b6667e done
#16 exporting config sha256:2963800cb47d5958728a07d0cc0317d05e7e46a571f87cfbffa076127eff37a5 done
#16 exporting attestation manifest sha256:83b189c598ae19d0209ca1d543b62f56535f1ced5050063eb9e9a28b976b496f 0.0s done
#16 exporting manifest list sha256:1d3061c9aef60e4d6d50113cff620c1ad1e0880a018a9832de7dadf0c1bee298 0.0s done
#16 naming to docker.io/library/foundgine-agent-e2e-run1-foundgine-warm:latest done
#16 unpacking to docker.io/library/foundgine-agent-e2e-run1-foundgine-warm:latest done
#16 DONE 0.1s

#17 resolving provenance for metadata file
#17 DONE 0.0s
 Image foundgine-agent-e2e-run1-foundgine-warm Built 
 Container foundgine-agent-e2e-run1-foundgine-warm-1 Creating 
 Container foundgine-agent-e2e-run1-foundgine-warm-1 Created 
 Container foundgine-agent-e2e-run1-foundgine-warm-1 Starting 
 Container foundgine-agent-e2e-run1-foundgine-warm-1 Started 
Waiting for http://localhost:4302/health/ready ...

>>> Concurrency tier: 8

============================================
 Agent benchmark: 10 customers / 30 runs
============================================
===============================================
 Foundgine / Agent End-to-End Benchmark
===============================================
Scenario:     customer-exposure-review
Mode:         replay
Warmups:      5
Measured:     30
Customer count: 10
Concurrency:  8
Targets:      1, 2, 3, 4, 5, 6, 7, 8
Threshold:    48,000

Fixture:      4 relationships / 12 contracts / 48 transactions
Baseline:     Customer 1 Benchmark

== Conventional application/AI flow ==
run=1 wall=13.6ms model=0.0ms tools=68.4ms modelCalls=0 toolCalls=56 inputTokens=0 outputTokens=0 totalTokens=0 estContextLoadTokens~7568 workers=8 httpRetries=0
run=2 wall=10.4ms model=0.0ms tools=62.8ms modelCalls=0 toolCalls=56 inputTokens=0 outputTokens=0 totalTokens=0 estContextLoadTokens~7568 workers=8 httpRetries=0
run=3 wall=11.2ms model=0.0ms tools=69.2ms modelCalls=0 toolCalls=56 inputTokens=0 outputTokens=0 totalTokens=0 estContextLoadTokens~7568 workers=8 httpRetries=0
run=4 wall=10.8ms model=0.0ms tools=66.8ms modelCalls=0 toolCalls=56 inputTokens=0 outputTokens=0 totalTokens=0 estContextLoadTokens~7568 workers=8 httpRetries=0
run=5 wall=11.1ms model=0.0ms tools=66.6ms modelCalls=0 toolCalls=56 inputTokens=0 outputTokens=0 totalTokens=0 estContextLoadTokens~7568 workers=8 httpRetries=0
run=6 wall=10.8ms model=0.0ms tools=62.2ms modelCalls=0 toolCalls=56 inputTokens=0 outputTokens=0 totalTokens=0 estContextLoadTokens~7568 workers=8 httpRetries=0
run=7 wall=11.6ms model=0.0ms tools=70.3ms modelCalls=0 toolCalls=56 inputTokens=0 outputTokens=0 totalTokens=0 estContextLoadTokens~7568 workers=8 httpRetries=0
run=8 wall=11.9ms model=0.0ms tools=75.0ms modelCalls=0 toolCalls=56 inputTokens=0 outputTokens=0 totalTokens=0 estContextLoadTokens~7568 workers=8 httpRetries=0
run=9 wall=12.9ms model=0.0ms tools=71.1ms modelCalls=0 toolCalls=56 inputTokens=0 outputTokens=0 totalTokens=0 estContextLoadTokens~7568 workers=8 httpRetries=0
run=10 wall=11.4ms model=0.0ms tools=71.0ms modelCalls=0 toolCalls=56 inputTokens=0 outputTokens=0 totalTokens=0 estContextLoadTokens~7568 workers=8 httpRetries=0
run=11 wall=10.5ms model=0.0ms tools=62.9ms modelCalls=0 toolCalls=56 inputTokens=0 outputTokens=0 totalTokens=0 estContextLoadTokens~7568 workers=8 httpRetries=0
run=12 wall=11.5ms model=0.0ms tools=69.7ms modelCalls=0 toolCalls=56 inputTokens=0 outputTokens=0 totalTokens=0 estContextLoadTokens~7568 workers=8 httpRetries=0
run=13 wall=10.8ms model=0.0ms tools=66.7ms modelCalls=0 toolCalls=56 inputTokens=0 outputTokens=0 totalTokens=0 estContextLoadTokens~7568 workers=8 httpRetries=0
run=14 wall=12.6ms model=0.0ms tools=66.4ms modelCalls=0 toolCalls=56 inputTokens=0 outputTokens=0 totalTokens=0 estContextLoadTokens~7568 workers=8 httpRetries=0
run=15 wall=12.0ms model=0.0ms tools=76.0ms modelCalls=0 toolCalls=56 inputTokens=0 outputTokens=0 totalTokens=0 estContextLoadTokens~7568 workers=8 httpRetries=0
run=16 wall=11.1ms model=0.0ms tools=63.3ms modelCalls=0 toolCalls=56 inputTokens=0 outputTokens=0 totalTokens=0 estContextLoadTokens~7568 workers=8 httpRetries=0
run=17 wall=10.4ms model=0.0ms tools=64.9ms modelCalls=0 toolCalls=56 inputTokens=0 outputTokens=0 totalTokens=0 estContextLoadTokens~7568 workers=8 httpRetries=0
run=18 wall=10.5ms model=0.0ms tools=62.7ms modelCalls=0 toolCalls=56 inputTokens=0 outputTokens=0 totalTokens=0 estContextLoadTokens~7568 workers=8 httpRetries=0
run=19 wall=11.2ms model=0.0ms tools=69.2ms modelCalls=0 toolCalls=56 inputTokens=0 outputTokens=0 totalTokens=0 estContextLoadTokens~7568 workers=8 httpRetries=0
run=20 wall=10.5ms model=0.0ms tools=64.4ms modelCalls=0 toolCalls=56 inputTokens=0 outputTokens=0 totalTokens=0 estContextLoadTokens~7568 workers=8 httpRetries=0
run=21 wall=10.9ms model=0.0ms tools=66.1ms modelCalls=0 toolCalls=56 inputTokens=0 outputTokens=0 totalTokens=0 estContextLoadTokens~7568 workers=8 httpRetries=0
run=22 wall=11.3ms model=0.0ms tools=68.0ms modelCalls=0 toolCalls=56 inputTokens=0 outputTokens=0 totalTokens=0 estContextLoadTokens~7568 workers=8 httpRetries=0
run=23 wall=10.5ms model=0.0ms tools=64.5ms modelCalls=0 toolCalls=56 inputTokens=0 outputTokens=0 totalTokens=0 estContextLoadTokens~7568 workers=8 httpRetries=0
run=24 wall=10.7ms model=0.0ms tools=65.8ms modelCalls=0 toolCalls=56 inputTokens=0 outputTokens=0 totalTokens=0 estContextLoadTokens~7568 workers=8 httpRetries=0
run=25 wall=11.9ms model=0.0ms tools=67.1ms modelCalls=0 toolCalls=56 inputTokens=0 outputTokens=0 totalTokens=0 estContextLoadTokens~7568 workers=8 httpRetries=0
run=26 wall=11.6ms model=0.0ms tools=71.3ms modelCalls=0 toolCalls=56 inputTokens=0 outputTokens=0 totalTokens=0 estContextLoadTokens~7568 workers=8 httpRetries=0
run=27 wall=11.7ms model=0.0ms tools=73.2ms modelCalls=0 toolCalls=56 inputTokens=0 outputTokens=0 totalTokens=0 estContextLoadTokens~7568 workers=8 httpRetries=0
run=28 wall=11.5ms model=0.0ms tools=70.4ms modelCalls=0 toolCalls=56 inputTokens=0 outputTokens=0 totalTokens=0 estContextLoadTokens~7568 workers=8 httpRetries=0
run=29 wall=10.7ms model=0.0ms tools=66.5ms modelCalls=0 toolCalls=56 inputTokens=0 outputTokens=0 totalTokens=0 estContextLoadTokens~7568 workers=8 httpRetries=0
run=30 wall=11.1ms model=0.0ms tools=65.7ms modelCalls=0 toolCalls=56 inputTokens=0 outputTokens=0 totalTokens=0 estContextLoadTokens~7568 workers=8 httpRetries=0

== Foundgine semantic flow ==
Unhandled exception. System.Net.Http.HttpRequestException: GraphQL request failed with 400 (BadRequest). Response: {"errors":[{"message":"An executable plan must carry authorization provenance before crossing the execution boundary."}]}
   at FoundgineTools.PostGraphqlAsync(String url, String query, Object variables) in C:\Foundgine\benchmarks\AgentEndToEnd\Run1\Program.cs:line 744
   at FoundgineTools.GraphAsync(String url, Int32 customerId) in C:\Foundgine\benchmarks\AgentEndToEnd\Run1\Program.cs:line 709
   at ToolRegistry.InvokeMeasuredAsync(String name, String input, Func`2 handler, TraceCollector trace) in C:\Foundgine\benchmarks\AgentEndToEnd\Run1\Program.cs:line 591
   at FoundgineReplay.RunAsync(String foundgineUrl, TraceCollector trace, Int32 customerId) in C:\Foundgine\benchmarks\AgentEndToEnd\Run1\Program.cs:line 573
   at Program.<<Main>$>g__RunAsync|0_0(FlowKind flow, String mode, String connectionString, String foundgineUrl, Int32 customerId, Boolean record) in C:\Foundgine\benchmarks\AgentEndToEnd\Run1\Program.cs:line 143
   at Program.<Main>$(String[] args) in C:\Foundgine\benchmarks\AgentEndToEnd\Run1\Program.cs:line 65
   at Program.<Main>$(String[] args) in C:\Foundgine\benchmarks\AgentEndToEnd\Run1\Program.cs:line 112
   at Program.<Main>(String[] args)
Removing benchmark containers and PostgreSQL volume...
Agent end-to-end benchmark failed for 10 customers at concurrency 8 (exit code -532462766). Console log: 
C:\Foundgine\benchmarks\AgentEndToEnd\Run1\artifacts\00010-customers\concurrency-008\agent-benchmark-console.log
run=2 wall=10.4ms model=0.0ms tools=62.8ms modelCalls=0 toolCalls=56 inputTokens=0 outputTokens=0 totalTokens=0 
estContextLoadTokens~7568 workers=8 httpRetries=0
run=3 wall=11.2ms model=0.0ms tools=69.2ms modelCalls=0 toolCalls=56 inputTokens=0 outputTokens=0 totalTokens=0 
estContextLoadTokens~7568 workers=8 httpRetries=0
run=4 wall=10.8ms model=0.0ms tools=66.8ms modelCalls=0 toolCalls=56 inputTokens=0 outputTokens=0 totalTokens=0 
estContextLoadTokens~7568 workers=8 httpRetries=0
run=5 wall=11.1ms model=0.0ms tools=66.6ms modelCalls=0 toolCalls=56 inputTokens=0 outputTokens=0 totalTokens=0 
estContextLoadTokens~7568 workers=8 httpRetries=0
run=6 wall=10.8ms model=0.0ms tools=62.2ms modelCalls=0 toolCalls=56 inputTokens=0 outputTokens=0 totalTokens=0 
estContextLoadTokens~7568 workers=8 httpRetries=0
run=7 wall=11.6ms model=0.0ms tools=70.3ms modelCalls=0 toolCalls=56 inputTokens=0 outputTokens=0 totalTokens=0 
estContextLoadTokens~7568 workers=8 httpRetries=0
run=8 wall=11.9ms model=0.0ms tools=75.0ms modelCalls=0 toolCalls=56 inputTokens=0 outputTokens=0 totalTokens=0 
estContextLoadTokens~7568 workers=8 httpRetries=0
run=9 wall=12.9ms model=0.0ms tools=71.1ms modelCalls=0 toolCalls=56 inputTokens=0 outputTokens=0 totalTokens=0 
estContextLoadTokens~7568 workers=8 httpRetries=0
run=10 wall=11.4ms model=0.0ms tools=71.0ms modelCalls=0 toolCalls=56 inputTokens=0 outputTokens=0 totalTokens=0 
estContextLoadTokens~7568 workers=8 httpRetries=0
run=11 wall=10.5ms model=0.0ms tools=62.9ms modelCalls=0 toolCalls=56 inputTokens=0 outputTokens=0 totalTokens=0 
estContextLoadTokens~7568 workers=8 httpRetries=0
run=12 wall=11.5ms model=0.0ms tools=69.7ms modelCalls=0 toolCalls=56 inputTokens=0 outputTokens=0 totalTokens=0 
estContextLoadTokens~7568 workers=8 httpRetries=0
run=13 wall=10.8ms model=0.0ms tools=66.7ms modelCalls=0 toolCalls=56 inputTokens=0 outputTokens=0 totalTokens=0 
estContextLoadTokens~7568 workers=8 httpRetries=0
run=14 wall=12.6ms model=0.0ms tools=66.4ms modelCalls=0 toolCalls=56 inputTokens=0 outputTokens=0 totalTokens=0 
estContextLoadTokens~7568 workers=8 httpRetries=0
run=15 wall=12.0ms model=0.0ms tools=76.0ms modelCalls=0 toolCalls=56 inputTokens=0 outputTokens=0 totalTokens=0 
estContextLoadTokens~7568 workers=8 httpRetries=0
run=16 wall=11.1ms model=0.0ms tools=63.3ms modelCalls=0 toolCalls=56 inputTokens=0 outputTokens=0 totalTokens=0 
estContextLoadTokens~7568 workers=8 httpRetries=0
run=17 wall=10.4ms model=0.0ms tools=64.9ms modelCalls=0 toolCalls=56 inputTokens=0 outputTokens=0 totalTokens=0 
estContextLoadTokens~7568 workers=8 httpRetries=0
run=18 wall=10.5ms model=0.0ms tools=62.7ms modelCalls=0 toolCalls=56 inputTokens=0 outputTokens=0 totalTokens=0 
estContextLoadTokens~7568 workers=8 httpRetries=0
run=19 wall=11.2ms model=0.0ms tools=69.2ms modelCalls=0 toolCalls=56 inputTokens=0 outputTokens=0 totalTokens=0 
estContextLoadTokens~7568 workers=8 httpRetries=0
run=20 wall=10.5ms model=0.0ms tools=64.4ms modelCalls=0 toolCalls=56 inputTokens=0 outputTokens=0 totalTokens=0 
estContextLoadTokens~7568 workers=8 httpRetries=0
run=21 wall=10.9ms model=0.0ms tools=66.1ms modelCalls=0 toolCalls=56 inputTokens=0 outputTokens=0 totalTokens=0 
estContextLoadTokens~7568 workers=8 httpRetries=0
run=22 wall=11.3ms model=0.0ms tools=68.0ms modelCalls=0 toolCalls=56 inputTokens=0 outputTokens=0 totalTokens=0 
estContextLoadTokens~7568 workers=8 httpRetries=0
run=23 wall=10.5ms model=0.0ms tools=64.5ms modelCalls=0 toolCalls=56 inputTokens=0 outputTokens=0 totalTokens=0 
estContextLoadTokens~7568 workers=8 httpRetries=0
run=24 wall=10.7ms model=0.0ms tools=65.8ms modelCalls=0 toolCalls=56 inputTokens=0 outputTokens=0 totalTokens=0 
estContextLoadTokens~7568 workers=8 httpRetries=0
run=25 wall=11.9ms model=0.0ms tools=67.1ms modelCalls=0 toolCalls=56 inputTokens=0 outputTokens=0 totalTokens=0 
estContextLoadTokens~7568 workers=8 httpRetries=0
run=26 wall=11.6ms model=0.0ms tools=71.3ms modelCalls=0 toolCalls=56 inputTokens=0 outputTokens=0 totalTokens=0 
estContextLoadTokens~7568 workers=8 httpRetries=0
run=27 wall=11.7ms model=0.0ms tools=73.2ms modelCalls=0 toolCalls=56 inputTokens=0 outputTokens=0 totalTokens=0 
estContextLoadTokens~7568 workers=8 httpRetries=0
run=28 wall=11.5ms model=0.0ms tools=70.4ms modelCalls=0 toolCalls=56 inputTokens=0 outputTokens=0 totalTokens=0 
estContextLoadTokens~7568 workers=8 httpRetries=0
run=29 wall=10.7ms model=0.0ms tools=66.5ms modelCalls=0 toolCalls=56 inputTokens=0 outputTokens=0 totalTokens=0 
estContextLoadTokens~7568 workers=8 httpRetries=0
run=30 wall=11.1ms model=0.0ms tools=65.7ms modelCalls=0 toolCalls=56 inputTokens=0 outputTokens=0 totalTokens=0 
estContextLoadTokens~7568 workers=8 httpRetries=0
== Foundgine semantic flow ==
Unhandled exception. System.Net.Http.HttpRequestException: GraphQL request failed with 400 (BadRequest). Response: 
{"errors":[{"message":"An executable plan must carry authorization provenance before crossing the execution 
boundary."}]}
   at FoundgineTools.PostGraphqlAsync(String url, String query, Object variables) in 
C:\Foundgine\benchmarks\AgentEndToEnd\Run1\Program.cs:line 744
   at FoundgineTools.GraphAsync(String url, Int32 customerId) in 
C:\Foundgine\benchmarks\AgentEndToEnd\Run1\Program.cs:line 709
   at ToolRegistry.InvokeMeasuredAsync(String name, String input, Func`2 handler, TraceCollector trace) in 
C:\Foundgine\benchmarks\AgentEndToEnd\Run1\Program.cs:line 591
   at FoundgineReplay.RunAsync(String foundgineUrl, TraceCollector trace, Int32 customerId) in 
C:\Foundgine\benchmarks\AgentEndToEnd\Run1\Program.cs:line 573
   at Program.<<Main>$>g__RunAsync|0_0(FlowKind flow, String mode, String connectionString, String foundgineUrl, Int32 
customerId, Boolean record) in C:\Foundgine\benchmarks\AgentEndToEnd\Run1\Program.cs:line 143
   at Program.<Main>$(String[] args) in C:\Foundgine\benchmarks\AgentEndToEnd\Run1\Program.cs:line 65
   at Program.<Main>$(String[] args) in C:\Foundgine\benchmarks\AgentEndToEnd\Run1\Program.cs:line 112
   at Program.<Main>(String[] args)
At C:\Foundgine\benchmarks\AgentEndToEnd\Run1\run-agent-end-to-end.ps1:304 char:9
+         throw "Agent end-to-end benchmark failed for $CustomerCount c ...
+         ~~~~~~~~~~~~~~~~~~~~~~~~~~~~~~~~~~~~~~~~~~~~~~~~~~~~~~~~~~~~~
    + CategoryInfo          : OperationStopped: (Agent end-to-en...(String[] args):String) [], RuntimeException
    + FullyQualifiedErrorId : Agent end-to-end benchmark failed for 10 customers at concurrency 8 (exit code -53246276 
   6). Console log: C:\Foundgine\benchmarks\AgentEndToEnd\Run1\artifacts\00010-customers\concurrency-008\agent-benchm  
  ark-console.log
    run=2 wall=10.4ms model=0.0ms tools=62.8ms modelCalls=0 toolCalls=56 inputTokens=0 outputTokens=0 totalTokens=0 es 
   tContextLoadTokens~7568 workers=8 httpRetries=0
    run=3 wall=11.2ms model=0.0ms tools=69.2ms modelCalls=0 toolCalls=56 inputTokens=0 outputTokens=0 totalTokens=0 es 
   tContextLoadTokens~7568 workers=8 httpRetries=0
    run=4 wall=10.8ms model=0.0ms tools=66.8ms modelCalls=0 toolCalls=56 inputTokens=0 outputTokens=0 totalTokens=0 es 
   tContextLoadTokens~7568 workers=8 httpRetries=0
    run=5 wall=11.1ms model=0.0ms tools=66.6ms modelCalls=0 toolCalls=56 inputTokens=0 outputTokens=0 totalTokens=0 es 
   tContextLoadTokens~7568 workers=8 httpRetries=0
    run=6 wall=10.8ms model=0.0ms tools=62.2ms modelCalls=0 toolCalls=56 inputTokens=0 outputTokens=0 totalTokens=0 es 
   tContextLoadTokens~7568 workers=8 httpRetries=0
    run=7 wall=11.6ms model=0.0ms tools=70.3ms modelCalls=0 toolCalls=56 inputTokens=0 outputTokens=0 totalTokens=0 es 
   tContextLoadTokens~7568 workers=8 httpRetries=0
    run=8 wall=11.9ms model=0.0ms tools=75.0ms modelCalls=0 toolCalls=56 inputTokens=0 outputTokens=0 totalTokens=0 es 
   tContextLoadTokens~7568 workers=8 httpRetries=0
    run=9 wall=12.9ms model=0.0ms tools=71.1ms modelCalls=0 toolCalls=56 inputTokens=0 outputTokens=0 totalTokens=0 es 
   tContextLoadTokens~7568 workers=8 httpRetries=0
    run=10 wall=11.4ms model=0.0ms tools=71.0ms modelCalls=0 toolCalls=56 inputTokens=0 outputTokens=0 totalTokens=0 e 
   stContextLoadTokens~7568 workers=8 httpRetries=0
    run=11 wall=10.5ms model=0.0ms tools=62.9ms modelCalls=0 toolCalls=56 inputTokens=0 outputTokens=0 totalTokens=0 e 
   stContextLoadTokens~7568 workers=8 httpRetries=0
    run=12 wall=11.5ms model=0.0ms tools=69.7ms modelCalls=0 toolCalls=56 inputTokens=0 outputTokens=0 totalTokens=0 e 
   stContextLoadTokens~7568 workers=8 httpRetries=0
    run=13 wall=10.8ms model=0.0ms tools=66.7ms modelCalls=0 toolCalls=56 inputTokens=0 outputTokens=0 totalTokens=0 e 
   stContextLoadTokens~7568 workers=8 httpRetries=0
    run=14 wall=12.6ms model=0.0ms tools=66.4ms modelCalls=0 toolCalls=56 inputTokens=0 outputTokens=0 totalTokens=0 e 
   stContextLoadTokens~7568 workers=8 httpRetries=0
    run=15 wall=12.0ms model=0.0ms tools=76.0ms modelCalls=0 toolCalls=56 inputTokens=0 outputTokens=0 totalTokens=0 e 
   stContextLoadTokens~7568 workers=8 httpRetries=0
    run=16 wall=11.1ms model=0.0ms tools=63.3ms modelCalls=0 toolCalls=56 inputTokens=0 outputTokens=0 totalTokens=0 e 
   stContextLoadTokens~7568 workers=8 httpRetries=0
    run=17 wall=10.4ms model=0.0ms tools=64.9ms modelCalls=0 toolCalls=56 inputTokens=0 outputTokens=0 totalTokens=0 e 
   stContextLoadTokens~7568 workers=8 httpRetries=0
    run=18 wall=10.5ms model=0.0ms tools=62.7ms modelCalls=0 toolCalls=56 inputTokens=0 outputTokens=0 totalTokens=0 e 
   stContextLoadTokens~7568 workers=8 httpRetries=0
    run=19 wall=11.2ms model=0.0ms tools=69.2ms modelCalls=0 toolCalls=56 inputTokens=0 outputTokens=0 totalTokens=0 e 
   stContextLoadTokens~7568 workers=8 httpRetries=0
    run=20 wall=10.5ms model=0.0ms tools=64.4ms modelCalls=0 toolCalls=56 inputTokens=0 outputTokens=0 totalTokens=0 e 
   stContextLoadTokens~7568 workers=8 httpRetries=0
    run=21 wall=10.9ms model=0.0ms tools=66.1ms modelCalls=0 toolCalls=56 inputTokens=0 outputTokens=0 totalTokens=0 e 
   stContextLoadTokens~7568 workers=8 httpRetries=0
    run=22 wall=11.3ms model=0.0ms tools=68.0ms modelCalls=0 toolCalls=56 inputTokens=0 outputTokens=0 totalTokens=0 e 
   stContextLoadTokens~7568 workers=8 httpRetries=0
    run=23 wall=10.5ms model=0.0ms tools=64.5ms modelCalls=0 toolCalls=56 inputTokens=0 outputTokens=0 totalTokens=0 e 
   stContextLoadTokens~7568 workers=8 httpRetries=0
    run=24 wall=10.7ms model=0.0ms tools=65.8ms modelCalls=0 toolCalls=56 inputTokens=0 outputTokens=0 totalTokens=0 e 
   stContextLoadTokens~7568 workers=8 httpRetries=0
    run=25 wall=11.9ms model=0.0ms tools=67.1ms modelCalls=0 toolCalls=56 inputTokens=0 outputTokens=0 totalTokens=0 e 
   stContextLoadTokens~7568 workers=8 httpRetries=0
    run=26 wall=11.6ms model=0.0ms tools=71.3ms modelCalls=0 toolCalls=56 inputTokens=0 outputTokens=0 totalTokens=0 e 
   stContextLoadTokens~7568 workers=8 httpRetries=0
    run=27 wall=11.7ms model=0.0ms tools=73.2ms modelCalls=0 toolCalls=56 inputTokens=0 outputTokens=0 totalTokens=0 e 
   stContextLoadTokens~7568 workers=8 httpRetries=0
    run=28 wall=11.5ms model=0.0ms tools=70.4ms modelCalls=0 toolCalls=56 inputTokens=0 outputTokens=0 totalTokens=0 e 
   stContextLoadTokens~7568 workers=8 httpRetries=0
    run=29 wall=10.7ms model=0.0ms tools=66.5ms modelCalls=0 toolCalls=56 inputTokens=0 outputTokens=0 totalTokens=0 e 
   stContextLoadTokens~7568 workers=8 httpRetries=0
    run=30 wall=11.1ms model=0.0ms tools=65.7ms modelCalls=0 toolCalls=56 inputTokens=0 outputTokens=0 totalTokens=0 e 
   stContextLoadTokens~7568 workers=8 httpRetries=0
== Foundgine semantic flow ==
    Unhandled exception. System.Net.Http.HttpRequestException: GraphQL request failed with 400 (BadRequest). Response: 
    {"errors":[{"message":"An executable plan must carry authorization provenance before crossing the execution bound  
  ary."}]}
       at FoundgineTools.PostGraphqlAsync(String url, String query, Object variables) in C:\Foundgine\benchmarks\Agent 
   EndToEnd\Run1\Program.cs:line 744
       at FoundgineTools.GraphAsync(String url, Int32 customerId) in C:\Foundgine\benchmarks\AgentEndToEnd\Run1\Progra 
   m.cs:line 709
       at ToolRegistry.InvokeMeasuredAsync(String name, String input, Func`2 handler, TraceCollector trace) in C:\Foun 
   dgine\benchmarks\AgentEndToEnd\Run1\Program.cs:line 591
       at FoundgineReplay.RunAsync(String foundgineUrl, TraceCollector trace, Int32 customerId) in C:\Foundgine\benchm 
   arks\AgentEndToEnd\Run1\Program.cs:line 573
       at Program.<<Main>$>g__RunAsync|0_0(FlowKind flow, String mode, String connectionString, String foundgineUrl, I 
   nt32 customerId, Boolean record) in C:\Foundgine\benchmarks\AgentEndToEnd\Run1\Program.cs:line 143
   at Program.<Main>$(String[] args) in C:\Foundgine\benchmarks\AgentEndToEnd\Run1\Program.cs:line 65
   at Program.<Main>$(String[] args) in C:\Foundgine\benchmarks\AgentEndToEnd\Run1\Program.cs:line 112
   at Program.<Main>(String[] args)
 
