
============================================
 Foundgine Agent End-to-End Performance Run
============================================
Mode:                    replay
Customer tiers:          1
Concurrency:             1
Runs per tier:           1
Warmups per flow:        1
Relationships/customer:  4
Contracts/relationship:  3
Transactions/contract:   4
Reports:                 C:\Foundgine\benchmarks\AgentEndToEnd\Run2\artifacts

Restoring benchmark projects...
  Determining projects to restore...
  All projects are up-to-date for restore.
  Determining projects to restore...
  Restored C:\Foundgine\benchmarks\AgentEndToEnd\Run2\Foundgine.AgentEndToEnd.csproj (in 196 ms).
Removing benchmark containers and PostgreSQL volume...
Removing benchmark containers and PostgreSQL volume...
Starting PostgreSQL 17 benchmark container on host port 47100...
 Network foundgine-agent-e2e_default Creating 
 Network foundgine-agent-e2e_default Created 
 Volume foundgine-agent-e2e_agent-e2e-postgres-data Creating 
 Volume foundgine-agent-e2e_agent-e2e-postgres-data Created 
 Container foundgine-agent-e2e-postgres-1 Creating 
 Container foundgine-agent-e2e-postgres-1 Created 
 Container foundgine-agent-e2e-postgres-1 Starting 
 Container foundgine-agent-e2e-postgres-1 Started 
Waiting for PostgreSQL...
Seeding fixture: 1 customers ...
Seeding 1 customers, 4 relationships, 12 contracts and 48 transactions...
Seeded: 1 customers, 4 relationships, 12 contracts, 48 transactions.
Benchmark graph for Customer 1: 4 relationships -> 12 contracts -> 48 transactions.
Customer 1 is the deterministic benchmark target.
Building and starting Foundgine warm benchmark API...
 Image foundgine-agent-e2e-foundgine-warm Building 
#1 [internal] load local bake definitions
#1 reading from stdin 612B done
#1 DONE 0.0s

#2 [internal] load build definition from Dockerfile
#2 transferring dockerfile: 1.18kB done
#2 DONE 0.0s

#3 [internal] load metadata for mcr.microsoft.com/dotnet/aspnet:9.0
#3 DONE 0.2s

#4 [internal] load metadata for mcr.microsoft.com/dotnet/sdk:9.0
#4 DONE 0.2s

#5 [internal] load .dockerignore
#5 transferring context: 2B done
#5 DONE 0.0s

#6 [stage-1 1/4] FROM mcr.microsoft.com/dotnet/aspnet:9.0@sha256:b1201ee0ccf9a22c06844982296c1be40d5ff9c7685dc002729f204e63fb1730
#6 resolve mcr.microsoft.com/dotnet/aspnet:9.0@sha256:b1201ee0ccf9a22c06844982296c1be40d5ff9c7685dc002729f204e63fb1730 0.0s done
#6 DONE 0.0s

#7 [build 1/5] FROM mcr.microsoft.com/dotnet/sdk:9.0@sha256:f190d2dd9eef2899c91ac323caa0bd2b39334a5400ba93013e5199da39dad940
#7 resolve mcr.microsoft.com/dotnet/sdk:9.0@sha256:f190d2dd9eef2899c91ac323caa0bd2b39334a5400ba93013e5199da39dad940 0.0s done
#7 DONE 0.0s

#8 [internal] load build context
#8 transferring context: 188.87kB 0.1s done
#8 DONE 0.1s

#9 [build 2/5] WORKDIR /src
#9 CACHED

#10 [build 3/5] COPY . .
#10 DONE 0.5s

#11 [build 4/5] RUN dotnet restore     benchmarks/CoffeeBeanery.Performance/Foundgine.CoffeeBeanery.BenchmarkApi/Foundgine.CoffeeBeanery.BenchmarkApi.csproj
#11 0.640   Determining projects to restore...
#11 1.705   Restored /src/src/Foundgine.Planning/Foundgine.Planning.csproj (in 132 ms).
#11 1.705   Restored /src/src/Foundgine.Metadata/Foundgine.Metadata.csproj (in 132 ms).
#11 1.705   Restored /src/src/Foundgine.Execution/Foundgine.Execution.csproj (in 132 ms).
#11 1.705   Restored /src/src/Foundgine.Semantics/Foundgine.Semantics.csproj (in 132 ms).
#11 1.705   Restored /src/src/Foundgine.Abstractions/Foundgine.Abstractions.csproj (in 118 ms).
#11 3.462   Restored /src/src/Foundgine/Foundgine.csproj (in 1.91 sec).
#11 3.462   Restored /src/src/Foundgine.Sql/Foundgine.Sql.csproj (in 1.75 sec).
#11 3.464   Restored /src/src/Foundgine.GraphQL.HotChocolate/Foundgine.GraphQL.HotChocolate.csproj (in 1.92 sec).
#11 3.465   Restored /src/src/Foundgine.GraphQL.HotChocolate.Mutations/Foundgine.GraphQL.HotChocolate.Mutations.csproj (in 1.92 sec).
#11 3.466   Restored /src/benchmarks/CoffeeBeanery.Performance/Foundgine.CoffeeBeanery.BenchmarkApi/Foundgine.CoffeeBeanery.BenchmarkApi.csproj (in 1.75 sec).
#11 DONE 3.6s

#12 [build 5/5] RUN dotnet publish     benchmarks/CoffeeBeanery.Performance/Foundgine.CoffeeBeanery.BenchmarkApi/Foundgine.CoffeeBeanery.BenchmarkApi.csproj     -c Release     -o /app/publish
#12 0.771   Determining projects to restore...
#12 1.788   All projects are up-to-date for restore.
#12 4.593   Foundgine.Abstractions -> /src/src/Foundgine.Abstractions/bin/Release/net9.0/Foundgine.Abstractions.dll
#12 5.626   Foundgine.Semantics -> /src/src/Foundgine.Semantics/bin/Release/net9.0/Foundgine.Semantics.dll
#12 6.026   Foundgine.Metadata -> /src/src/Foundgine.Metadata/bin/Release/net9.0/Foundgine.Metadata.dll
#12 6.150   Foundgine.Planning -> /src/src/Foundgine.Planning/bin/Release/net9.0/Foundgine.Planning.dll
#12 6.583   Foundgine.Execution -> /src/src/Foundgine.Execution/bin/Release/net9.0/Foundgine.Execution.dll
#12 6.926   Foundgine -> /src/src/Foundgine/bin/Release/net9.0/Foundgine.dll
#12 7.259   Foundgine.Sql -> /src/src/Foundgine.Sql/bin/Release/net9.0/Foundgine.Sql.dll
#12 7.470   Foundgine.GraphQL.HotChocolate -> /src/src/Foundgine.GraphQL.HotChocolate/bin/Release/net9.0/Foundgine.GraphQL.HotChocolate.dll
#12 7.919   Foundgine.GraphQL.HotChocolate.Mutations -> /src/src/Foundgine.GraphQL.HotChocolate.Mutations/bin/Release/net9.0/Foundgine.GraphQL.HotChocolate.Mutations.dll
#12 8.657   Foundgine.CoffeeBeanery.BenchmarkApi -> /src/benchmarks/CoffeeBeanery.Performance/Foundgine.CoffeeBeanery.BenchmarkApi/bin/Release/net9.0/Foundgine.CoffeeBeanery.BenchmarkApi.dll
#12 8.704   Foundgine.CoffeeBeanery.BenchmarkApi -> /app/publish/
#12 DONE 8.8s

#13 [stage-1 2/4] RUN apt-get update     && apt-get install -y --no-install-recommends curl     && rm -rf /var/lib/apt/lists/*
#13 CACHED

#14 [stage-1 3/4] WORKDIR /app
#14 CACHED

#15 [stage-1 4/4] COPY --from=build /app/publish .
#15 CACHED

#16 exporting to image
#16 exporting layers done
#16 exporting manifest sha256:e8219788c8016cd0fc3fe9665db1082d546c730150ccfa0be53283d45d7b8014 0.0s done
#16 exporting config sha256:bbfb58a3975808bb5fd835f28fcb934e0dab66843646532b3b438af0aa36438c 0.0s done
#16 exporting attestation manifest sha256:b250d0345f4c5d989fdaac3baecf60dcd4c3cb78dd1f5a1ecd55e5749f82f2c5 0.0s done
#16 exporting manifest list sha256:8a0b9aed933d84c27af31c61a25b328703aab383b2bfa97cba72f61eaf26c1af 0.0s done
#16 naming to docker.io/library/foundgine-agent-e2e-foundgine-warm:latest
#16 naming to docker.io/library/foundgine-agent-e2e-foundgine-warm:latest done
#16 unpacking to docker.io/library/foundgine-agent-e2e-foundgine-warm:latest 0.0s done
#16 DONE 0.1s

#17 resolving provenance for metadata file
#17 DONE 0.0s
 Image foundgine-agent-e2e-foundgine-warm Built 
 Container foundgine-agent-e2e-foundgine-warm-1 Creating 
 Container foundgine-agent-e2e-foundgine-warm-1 Created 
 Container foundgine-agent-e2e-foundgine-warm-1 Starting 
 Container foundgine-agent-e2e-foundgine-warm-1 Started 
Waiting for http://localhost:4302/health/ready ...

>>> Concurrency tier: 1

============================================
 Agent benchmark: 1 customers / 1 runs
============================================
Scenario: customer-exposure-review-query-mutation-query-mutation
Mode: replay; concurrency=1; warmups=1; runs=1; fixtureCustomer=1
Fixture: relationships=4, contracts=12, transactions=48, exposure=48,240.00
Conventional run=1: concurrency=1 workers=1 success=1 failed=0 rps=63.0 avgWall=15.9ms p50=15.9ms p95=15.9ms p99=15.9 maxWall=15.9ms toolCalls/flow=9.0 estToolInputTokens=61 estToolOutputTokens=783 estContextLoadTokens=1150 providerTokens=N/A activeHttpPeak=0 httpRetries=0
Foundgine run=1: concurrency=1 workers=1 success=1 failed=0 rps=54.0 avgWall=18.5ms p50=18.5ms p95=18.5ms p99=18.5 maxWall=18.5ms toolCalls/flow=6.0 estToolInputTokens=33 estToolOutputTokens=156 estContextLoadTokens=502 providerTokens=N/A activeHttpPeak=1 httpRetries=0

Concurrency: 1
Estimated context-load saving: 56.3%
Estimated tokens/run â?" Conventional: input=61, output=783, context=1150
Estimated tokens/run â?" Foundgine:    input=33, output=156, context=502
Provider input-token saving: N/A â?" replay mode
Provider total-token saving: N/A â?" replay mode
Agent/tool round-trip saving: 33.3%
Agent/tool payload saving: 77.8%
Tool-call saving: 33.3%
Expected final state verified: True
Verification failures: 0
Expected state: C:\Foundgine\benchmarks\AgentEndToEnd\Run2\artifacts\00001-customers\concurrency-001\expected-state.json
Reports: C:\Foundgine\benchmarks\AgentEndToEnd\Run2\artifacts\00001-customers\concurrency-001\agent-benchmark.json; C:\Foundgine\benchmarks\AgentEndToEnd\Run2\artifacts\00001-customers\concurrency-001\agent-benchmark.md

============================================
 Agent end-to-end benchmark completed
============================================
Reports written to: C:\Foundgine\benchmarks\AgentEndToEnd\Run2\artifacts
Removing benchmark containers and PostgreSQL volume...
