
============================================
 Foundgine Agent End-to-End Performance Run
============================================
Mode:                    replay
Customer tiers:          1
Concurrency:             1
Runs per tier:           1
Warmups per flow:        1
Relationships/customer:  4
Contracts/relationship:  3
Transactions/contract:   4
Reports:                 C:\Foundgine\benchmarks\AgentEndToEnd\Run1\artifacts

Restoring benchmark projects...
  Determining projects to restore...
  Restored C:\Foundgine\benchmarks\CoffeeBeanery.Performance\CoffeeBeanery.Database\CoffeeBeanery.Database.csproj (in 1.06 sec).
  Determining projects to restore...
  Restored C:\Foundgine\benchmarks\AgentEndToEnd\Run1\Foundgine.AgentEndToEnd.Benchmark.csproj (in 154 ms).
  1 of 2 projects are up-to-date for restore.
Removing benchmark containers and PostgreSQL volume...
Removing benchmark containers and PostgreSQL volume...
Starting PostgreSQL 17 benchmark container on host port 63438...
 Network foundgine-agent-e2e-run1_default Creating 
 Network foundgine-agent-e2e-run1_default Created 
 Volume foundgine-agent-e2e-run1_agent-e2e-postgres-data Creating 
 Volume foundgine-agent-e2e-run1_agent-e2e-postgres-data Created 
 Container foundgine-agent-e2e-run1-postgres-1 Creating 
 Container foundgine-agent-e2e-run1-postgres-1 Created 
 Container foundgine-agent-e2e-run1-postgres-1 Starting 
 Container foundgine-agent-e2e-run1-postgres-1 Started 
Waiting for PostgreSQL...
Seeding fixture: 1 customers ...
Seeding 1 customers, 4 relationships, 12 contracts and 48 transactions...
Seeded: 1 customers, 4 relationships, 12 contracts, 48 transactions.
Benchmark graph for Customer 1: 4 relationships -> 12 contracts -> 48 transactions.
Customer 1 is the deterministic benchmark target.
Building and starting Foundgine warm benchmark API...
 Image foundgine-agent-e2e-run1-foundgine-warm Building 
#1 [internal] load local bake definitions
#1 reading from stdin 622B done
#1 DONE 0.0s

#2 [internal] load build definition from Dockerfile
#2 transferring dockerfile: 1.18kB done
#2 DONE 0.0s

#3 [internal] load metadata for mcr.microsoft.com/dotnet/aspnet:9.0
#3 ...

#4 [internal] load metadata for mcr.microsoft.com/dotnet/sdk:9.0
#4 DONE 0.2s

#3 [internal] load metadata for mcr.microsoft.com/dotnet/aspnet:9.0
#3 DONE 0.2s

#5 [internal] load .dockerignore
#5 transferring context: 2B done
#5 DONE 0.0s

#6 [build 1/5] FROM mcr.microsoft.com/dotnet/sdk:9.0@sha256:f190d2dd9eef2899c91ac323caa0bd2b39334a5400ba93013e5199da39dad940
#6 resolve mcr.microsoft.com/dotnet/sdk:9.0@sha256:f190d2dd9eef2899c91ac323caa0bd2b39334a5400ba93013e5199da39dad940 0.0s done
#6 DONE 0.0s

#7 [stage-1 1/4] FROM mcr.microsoft.com/dotnet/aspnet:9.0@sha256:b1201ee0ccf9a22c06844982296c1be40d5ff9c7685dc002729f204e63fb1730
#7 resolve mcr.microsoft.com/dotnet/aspnet:9.0@sha256:b1201ee0ccf9a22c06844982296c1be40d5ff9c7685dc002729f204e63fb1730 0.0s done
#7 DONE 0.0s

#8 [internal] load build context
#8 transferring context: 297.32MB 2.6s done
#8 DONE 2.6s

#9 [build 2/5] WORKDIR /src
#9 CACHED

#10 [build 3/5] COPY . .
#10 DONE 1.2s

#11 [build 4/5] RUN dotnet restore     benchmarks/CoffeeBeanery.Performance/Foundgine.CoffeeBeanery.BenchmarkApi/Foundgine.CoffeeBeanery.BenchmarkApi.csproj
#11 0.711   Determining projects to restore...
#11 2.041   Restored /src/src/Foundgine.Planning/Foundgine.Planning.csproj (in 144 ms).
#11 2.042   Restored /src/src/Foundgine.Metadata/Foundgine.Metadata.csproj (in 144 ms).
#11 2.042   Restored /src/src/Foundgine.Abstractions/Foundgine.Abstractions.csproj (in 133 ms).
#11 2.042   Restored /src/src/Foundgine.Semantics/Foundgine.Semantics.csproj (in 145 ms).
#11 2.050   Restored /src/src/Foundgine.Execution/Foundgine.Execution.csproj (in 3 ms).
#11 3.747   Restored /src/src/Foundgine/Foundgine.csproj (in 1.88 sec).
#11 3.747   Restored /src/benchmarks/CoffeeBeanery.Performance/Foundgine.CoffeeBeanery.BenchmarkApi/Foundgine.CoffeeBeanery.BenchmarkApi.csproj (in 1.88 sec).
#11 3.747   Restored /src/src/Foundgine.GraphQL.HotChocolate/Foundgine.GraphQL.HotChocolate.csproj (in 1.89 sec).
#11 3.747   Restored /src/src/Foundgine.GraphQL.HotChocolate.Mutations/Foundgine.GraphQL.HotChocolate.Mutations.csproj (in 1.88 sec).
#11 3.747   Restored /src/src/Foundgine.Sql/Foundgine.Sql.csproj (in 1.69 sec).
#11 DONE 3.9s

#12 [build 5/5] RUN dotnet publish     benchmarks/CoffeeBeanery.Performance/Foundgine.CoffeeBeanery.BenchmarkApi/Foundgine.CoffeeBeanery.BenchmarkApi.csproj     -c Release     -o /app/publish
#12 0.912   Determining projects to restore...
#12 2.044   All projects are up-to-date for restore.
#12 5.452   Foundgine.Abstractions -> /src/src/Foundgine.Abstractions/bin/Release/net9.0/Foundgine.Abstractions.dll
#12 7.113   Foundgine.Semantics -> /src/src/Foundgine.Semantics/bin/Release/net9.0/Foundgine.Semantics.dll
#12 7.636   Foundgine.Metadata -> /src/src/Foundgine.Metadata/bin/Release/net9.0/Foundgine.Metadata.dll
#12 7.765   Foundgine.Planning -> /src/src/Foundgine.Planning/bin/Release/net9.0/Foundgine.Planning.dll
#12 8.400   Foundgine.Execution -> /src/src/Foundgine.Execution/bin/Release/net9.0/Foundgine.Execution.dll
#12 8.834   Foundgine -> /src/src/Foundgine/bin/Release/net9.0/Foundgine.dll
#12 9.324   Foundgine.Sql -> /src/src/Foundgine.Sql/bin/Release/net9.0/Foundgine.Sql.dll
#12 9.406   Foundgine.GraphQL.HotChocolate -> /src/src/Foundgine.GraphQL.HotChocolate/bin/Release/net9.0/Foundgine.GraphQL.HotChocolate.dll
#12 9.863   Foundgine.GraphQL.HotChocolate.Mutations -> /src/src/Foundgine.GraphQL.HotChocolate.Mutations/bin/Release/net9.0/Foundgine.GraphQL.HotChocolate.Mutations.dll
#12 10.96   Foundgine.CoffeeBeanery.BenchmarkApi -> /src/benchmarks/CoffeeBeanery.Performance/Foundgine.CoffeeBeanery.BenchmarkApi/bin/Release/net9.0/Foundgine.CoffeeBeanery.BenchmarkApi.dll
#12 11.04   Foundgine.CoffeeBeanery.BenchmarkApi -> /app/publish/
#12 DONE 11.2s

#13 [stage-1 2/4] RUN apt-get update     && apt-get install -y --no-install-recommends curl     && rm -rf /var/lib/apt/lists/*
#13 CACHED

#14 [stage-1 3/4] WORKDIR /app
#14 CACHED

#15 [stage-1 4/4] COPY --from=build /app/publish .
#15 DONE 0.0s

#16 exporting to image
#16 exporting layers
#16 exporting layers 0.2s done
#16 exporting manifest sha256:58ca8c7df6465e210acf0b5b2d5caa57cdf7dde8ec28daf7a81127e3fc3ec687 0.0s done
#16 exporting config sha256:a16d8be053617227211b462cb1b61767a6d4f389b75ebadae13e6cd3b4f6e790 0.0s done
#16 exporting attestation manifest sha256:ae0a44a14d5e8659aa3ba3f19ceaf8083b05e42279c3cd34537cc8e8d4c1460f 0.0s done
#16 exporting manifest list sha256:f3bfd2150756e02eef6f9b2c985d8a77d88fb5aa570a648964d37d55b78e9680 0.0s done
#16 naming to docker.io/library/foundgine-agent-e2e-run1-foundgine-warm:latest done
#16 unpacking to docker.io/library/foundgine-agent-e2e-run1-foundgine-warm:latest 0.0s done
#16 DONE 0.4s

#17 resolving provenance for metadata file
#17 DONE 0.0s
 Image foundgine-agent-e2e-run1-foundgine-warm Built 
 Container foundgine-agent-e2e-run1-foundgine-warm-1 Creating 
 Container foundgine-agent-e2e-run1-foundgine-warm-1 Created 
 Container foundgine-agent-e2e-run1-foundgine-warm-1 Starting 
Error response from daemon: failed to set up container networking: driver failed programming external connectivity on endpoint foundgine-agent-e2e-run1-foundgine-warm-1 (af61c41919b563afbf012f78c980705dbc7837e2ede66e7fa9748203ed673641): Bind for 0.0.0.0:4302 failed: port is already allocated
Removing benchmark containers and PostgreSQL volume...
docker compose failed with exit code 1. Arguments: up -d --no-deps foundgine-warm
At C:\Foundgine\benchmarks\AgentEndToEnd\Run1\run-agent-end-to-end.ps1:124 char:9
+         throw "docker compose failed with exit code $LASTEXITCODE. Ar ...
+         ~~~~~~~~~~~~~~~~~~~~~~~~~~~~~~~~~~~~~~~~~~~~~~~~~~~~~~~~~~~~~
    + CategoryInfo          : OperationStopped: (docker compose ... foundgine-warm:String) [], RuntimeException
    + FullyQualifiedErrorId : docker compose failed with exit code 1. Arguments: up -d --no-deps foundgine-warm
 
