
============================================
 Foundgine Agent End-to-End Performance Run
============================================
Mode:                    replay
Customer tiers:          10, 100, 1000, 10000
Concurrency:             8, 16, 32, 64
Runs per tier:           30, 30, 30, 30
Warmups per flow:        5
Relationships/customer:  4
Contracts/relationship:  3
Transactions/contract:   4
Reports:                 C:\Foundgine\benchmarks\AgentEndToEnd\Run3\artifacts

Restoring benchmark projects...
  Determining projects to restore...
  All projects are up-to-date for restore.
  Determining projects to restore...
  Restored C:\Foundgine\benchmarks\AgentEndToEnd\Run3\Foundgine.AgentEndToEnd.Run3.csproj (in 182 ms).
  1 of 2 projects are up-to-date for restore.
Removing benchmark containers and PostgreSQL volume...
Removing benchmark containers and PostgreSQL volume...
Starting PostgreSQL 17 benchmark container on host port 44112...
 Network foundgine-agent-e2e-run3_default Creating 
 Network foundgine-agent-e2e-run3_default Created 
 Volume foundgine-agent-e2e-run3_agent-e2e-postgres-data Creating 
 Volume foundgine-agent-e2e-run3_agent-e2e-postgres-data Created 
 Container foundgine-agent-e2e-run3-postgres-1 Creating 
 Container foundgine-agent-e2e-run3-postgres-1 Created 
 Container foundgine-agent-e2e-run3-postgres-1 Starting 
 Container foundgine-agent-e2e-run3-postgres-1 Started 
Waiting for PostgreSQL...
Seeding fixture: 10 customers ...
Seeding 10 customers, 40 relationships, 120 contracts and 480 transactions...
Seeded: 10 customers, 40 relationships, 120 contracts, 480 transactions.
Benchmark graph for Customer 1: 4 relationships -> 12 contracts -> 48 transactions.
Customer 1 is the deterministic benchmark target.
Building and starting Foundgine warm benchmark API...
 Image foundgine-agent-e2e-run3-foundgine-warm Building 
#1 [internal] load local bake definitions
#1 reading from stdin 622B done
#1 DONE 0.0s

#2 [internal] load build definition from Dockerfile
#2 transferring dockerfile: 1.18kB done
#2 DONE 0.0s

#3 [internal] load metadata for mcr.microsoft.com/dotnet/aspnet:9.0
#3 ...

#4 [internal] load metadata for mcr.microsoft.com/dotnet/sdk:9.0
#4 DONE 0.2s

#3 [internal] load metadata for mcr.microsoft.com/dotnet/aspnet:9.0
#3 DONE 0.2s

#5 [internal] load .dockerignore
#5 transferring context: 2B done
#5 DONE 0.0s

#6 [build 1/5] FROM mcr.microsoft.com/dotnet/sdk:9.0@sha256:f190d2dd9eef2899c91ac323caa0bd2b39334a5400ba93013e5199da39dad940
#6 resolve mcr.microsoft.com/dotnet/sdk:9.0@sha256:f190d2dd9eef2899c91ac323caa0bd2b39334a5400ba93013e5199da39dad940 0.0s done
#6 DONE 0.0s

#7 [stage-1 1/4] FROM mcr.microsoft.com/dotnet/aspnet:9.0@sha256:b1201ee0ccf9a22c06844982296c1be40d5ff9c7685dc002729f204e63fb1730
#7 resolve mcr.microsoft.com/dotnet/aspnet:9.0@sha256:b1201ee0ccf9a22c06844982296c1be40d5ff9c7685dc002729f204e63fb1730 0.0s done
#7 DONE 0.0s

#8 [internal] load build context
#8 transferring context: 182.16MB 1.6s done
#8 DONE 1.6s

#9 [build 2/5] WORKDIR /src
#9 CACHED

#10 [build 3/5] COPY . .
#10 DONE 1.1s

#11 [build 4/5] RUN dotnet restore     benchmarks/CoffeeBeanery.Performance/Foundgine.CoffeeBeanery.BenchmarkApi/Foundgine.CoffeeBeanery.BenchmarkApi.csproj
#11 0.799   Determining projects to restore...
#11 1.894   Restored /src/src/Foundgine.Abstractions/Foundgine.Abstractions.csproj (in 108 ms).
#11 1.894   Restored /src/src/Foundgine.Metadata/Foundgine.Metadata.csproj (in 123 ms).
#11 1.894   Restored /src/src/Foundgine.Planning/Foundgine.Planning.csproj (in 123 ms).
#11 1.894   Restored /src/src/Foundgine.Execution/Foundgine.Execution.csproj (in 123 ms).
#11 1.894   Restored /src/src/Foundgine.Semantics/Foundgine.Semantics.csproj (in 123 ms).
#11 1.907   Restored /src/src/Foundgine.Sql/Foundgine.Sql.csproj (in 8 ms).
#11 3.584   Restored /src/src/Foundgine/Foundgine.csproj (in 1.84 sec).
#11 3.599   Restored /src/src/Foundgine.GraphQL.HotChocolate/Foundgine.GraphQL.HotChocolate.csproj (in 1.86 sec).
#11 3.599   Restored /src/src/Foundgine.GraphQL.HotChocolate.Mutations/Foundgine.GraphQL.HotChocolate.Mutations.csproj (in 1.86 sec).
#11 3.599   Restored /src/benchmarks/CoffeeBeanery.Performance/Foundgine.CoffeeBeanery.BenchmarkApi/Foundgine.CoffeeBeanery.BenchmarkApi.csproj (in 1.7 sec).
#11 DONE 3.7s

#12 [build 5/5] RUN dotnet publish     benchmarks/CoffeeBeanery.Performance/Foundgine.CoffeeBeanery.BenchmarkApi/Foundgine.CoffeeBeanery.BenchmarkApi.csproj     -c Release     -o /app/publish
#12 0.766   Determining projects to restore...
#12 1.825   All projects are up-to-date for restore.
#12 4.082   Foundgine.Abstractions -> /src/src/Foundgine.Abstractions/bin/Release/net9.0/Foundgine.Abstractions.dll
#12 4.998   Foundgine.Semantics -> /src/src/Foundgine.Semantics/bin/Release/net9.0/Foundgine.Semantics.dll
#12 5.340   Foundgine.Metadata -> /src/src/Foundgine.Metadata/bin/Release/net9.0/Foundgine.Metadata.dll
#12 5.547   Foundgine.Planning -> /src/src/Foundgine.Planning/bin/Release/net9.0/Foundgine.Planning.dll
#12 5.925   Foundgine.Execution -> /src/src/Foundgine.Execution/bin/Release/net9.0/Foundgine.Execution.dll
#12 6.275   Foundgine -> /src/src/Foundgine/bin/Release/net9.0/Foundgine.dll
#12 6.625   Foundgine.Sql -> /src/src/Foundgine.Sql/bin/Release/net9.0/Foundgine.Sql.dll
#12 6.792   Foundgine.GraphQL.HotChocolate -> /src/src/Foundgine.GraphQL.HotChocolate/bin/Release/net9.0/Foundgine.GraphQL.HotChocolate.dll
#12 7.283   Foundgine.GraphQL.HotChocolate.Mutations -> /src/src/Foundgine.GraphQL.HotChocolate.Mutations/bin/Release/net9.0/Foundgine.GraphQL.HotChocolate.Mutations.dll
#12 8.365   Foundgine.CoffeeBeanery.BenchmarkApi -> /src/benchmarks/CoffeeBeanery.Performance/Foundgine.CoffeeBeanery.BenchmarkApi/bin/Release/net9.0/Foundgine.CoffeeBeanery.BenchmarkApi.dll
#12 8.430   Foundgine.CoffeeBeanery.BenchmarkApi -> /app/publish/
#12 DONE 8.6s

#13 [stage-1 2/4] RUN apt-get update     && apt-get install -y --no-install-recommends curl     && rm -rf /var/lib/apt/lists/*
#13 CACHED

#14 [stage-1 3/4] WORKDIR /app
#14 CACHED

#15 [stage-1 4/4] COPY --from=build /app/publish .
#15 CACHED

#16 exporting to image
#16 exporting layers done
#16 exporting manifest sha256:838d284decbcbadceeb5ce1902d268155832e86e0d17ee0d549341a69ef98083 0.0s done
#16 exporting config sha256:fef1fcdd81f4367ea7dcc81e36874b5eca511940bbd23a2fd532f47e13bbb495 0.0s done
#16 exporting attestation manifest sha256:847e589dfc37d3d7131d67ef0ba815ee2cdada45ca64f92509f44b8136e23ab1 0.0s done
#16 exporting manifest list sha256:482a11c1630ad2f990bd9b2785974f3c99422372f655743eccc153e2a71550ae 0.0s done
#16 naming to docker.io/library/foundgine-agent-e2e-run3-foundgine-warm:latest
#16 naming to docker.io/library/foundgine-agent-e2e-run3-foundgine-warm:latest done
#16 unpacking to docker.io/library/foundgine-agent-e2e-run3-foundgine-warm:latest 0.0s done
#16 DONE 0.1s

#17 resolving provenance for metadata file
#17 DONE 0.0s
 Image foundgine-agent-e2e-run3-foundgine-warm Built 
 Container foundgine-agent-e2e-run3-foundgine-warm-1 Creating 
 Container foundgine-agent-e2e-run3-foundgine-warm-1 Created 
 Container foundgine-agent-e2e-run3-foundgine-warm-1 Starting 
 Container foundgine-agent-e2e-run3-foundgine-warm-1 Started 
Waiting for http://localhost:4302/health/ready ...

>>> Concurrency tier: 8

============================================
 Agent benchmark: 10 customers / 30 runs
============================================
C:\Program Files\dotnet\sdk\9.0.304\Microsoft.Common.CurrentVersion.targets(2433,5): warning MSB3277: Found conflicts between different versions of "Microsoft.EntityFrameworkCore.Relational" that could not be resolved. [C:\Foundgine\benchmarks\AgentEndToEnd\Run3\Foundgine.AgentEndToEnd.Run3.csproj]
C:\Program Files\dotnet\sdk\9.0.304\Microsoft.Common.CurrentVersion.targets(2433,5): warning MSB3277: There was a conflict between "Microsoft.EntityFrameworkCore.Relational, Version=9.0.1.0, Culture=neutral, PublicKeyToken=adb9793829ddae60" and "Microsoft.EntityFrameworkCore.Relational, Version=9.0.4.0, Culture=neutral, PublicKeyToken=adb9793829ddae60". [C:\Foundgine\benchmarks\AgentEndToEnd\Run3\Foundgine.AgentEndToEnd.Run3.csproj]
C:\Program Files\dotnet\sdk\9.0.304\Microsoft.Common.CurrentVersion.targets(2433,5): warning MSB3277:     "Microsoft.EntityFrameworkCore.Relational, Version=9.0.1.0, Culture=neutral, PublicKeyToken=adb9793829ddae60" was chosen because it was primary and "Microsoft.EntityFrameworkCore.Relational, Version=9.0.4.0, Culture=neutral, PublicKeyToken=adb9793829ddae60" was not. [C:\Foundgine\benchmarks\AgentEndToEnd\Run3\Foundgine.AgentEndToEnd.Run3.csproj]
C:\Program Files\dotnet\sdk\9.0.304\Microsoft.Common.CurrentVersion.targets(2433,5): warning MSB3277:     References which depend on "Microsoft.EntityFrameworkCore.Relational, Version=9.0.1.0, Culture=neutral, PublicKeyToken=adb9793829ddae60" [C:\Users\clbp_\.nuget\packages\microsoft.entityframeworkcore.relational\9.0.1\lib\net8.0\Microsoft.EntityFrameworkCore.Relational.dll]. [C:\Foundgine\benchmarks\AgentEndToEnd\Run3\Foundgine.AgentEndToEnd.Run3.csproj]
C:\Program Files\dotnet\sdk\9.0.304\Microsoft.Common.CurrentVersion.targets(2433,5): warning MSB3277:         C:\Users\clbp_\.nuget\packages\microsoft.entityframeworkcore.relational\9.0.1\lib\net8.0\Microsoft.EntityFrameworkCore.Relational.dll [C:\Foundgine\benchmarks\AgentEndToEnd\Run3\Foundgine.AgentEndToEnd.Run3.csproj]
C:\Program Files\dotnet\sdk\9.0.304\Microsoft.Common.CurrentVersion.targets(2433,5): warning MSB3277:           Project file item includes which caused reference "C:\Users\clbp_\.nuget\packages\microsoft.entityframeworkcore.relational\9.0.1\lib\net8.0\Microsoft.EntityFrameworkCore.Relational.dll". [C:\Foundgine\benchmarks\AgentEndToEnd\Run3\Foundgine.AgentEndToEnd.Run3.csproj]
C:\Program Files\dotnet\sdk\9.0.304\Microsoft.Common.CurrentVersion.targets(2433,5): warning MSB3277:             C:\Users\clbp_\.nuget\packages\microsoft.entityframeworkcore.relational\9.0.1\lib\net8.0\Microsoft.EntityFrameworkCore.Relational.dll [C:\Foundgine\benchmarks\AgentEndToEnd\Run3\Foundgine.AgentEndToEnd.Run3.csproj]
C:\Program Files\dotnet\sdk\9.0.304\Microsoft.Common.CurrentVersion.targets(2433,5): warning MSB3277:     References which depend on or have been unified to "Microsoft.EntityFrameworkCore.Relational, Version=9.0.4.0, Culture=neutral, PublicKeyToken=adb9793829ddae60" []. [C:\Foundgine\benchmarks\AgentEndToEnd\Run3\Foundgine.AgentEndToEnd.Run3.csproj]
C:\Program Files\dotnet\sdk\9.0.304\Microsoft.Common.CurrentVersion.targets(2433,5): warning MSB3277:         C:\Foundgine\benchmarks\CoffeeBeanery.Performance\CoffeeBeanery.Database\bin\Release\net9.0\CoffeeBeanery.Database.dll [C:\Foundgine\benchmarks\AgentEndToEnd\Run3\Foundgine.AgentEndToEnd.Run3.csproj]
C:\Program Files\dotnet\sdk\9.0.304\Microsoft.Common.CurrentVersion.targets(2433,5): warning MSB3277:           Project file item includes which caused reference "C:\Foundgine\benchmarks\CoffeeBeanery.Performance\CoffeeBeanery.Database\bin\Release\net9.0\CoffeeBeanery.Database.dll". [C:\Foundgine\benchmarks\AgentEndToEnd\Run3\Foundgine.AgentEndToEnd.Run3.csproj]
C:\Program Files\dotnet\sdk\9.0.304\Microsoft.Common.CurrentVersion.targets(2433,5): warning MSB3277:             C:\Foundgine\benchmarks\CoffeeBeanery.Performance\CoffeeBeanery.Database\bin\Release\net9.0\CoffeeBeanery.Database.dll [C:\Foundgine\benchmarks\AgentEndToEnd\Run3\Foundgine.AgentEndToEnd.Run3.csproj]
===============================================
 Foundgine / Agent End-to-End Benchmark
===============================================
Scenario:     customer-exposure-review
Mode:         replay
Warmups:      5
Measured:     30
Customer count: 10
Concurrency:  8
Targets:      1, 2, 3, 4, 5, 6, 7, 8
Threshold:    48,000

Fixture:      4 relationships / 12 contracts / 48 transactions
Baseline:     Customer 1 Benchmark

== Conventional application/AI flow ==
run=1 wall=14.1ms model=0.0ms tools=82.1ms modelCalls=0 toolCalls=56 inputTokens=0 outputTokens=0 totalTokens=0 estContextLoadTokens~7568 workers=8 httpRetries=0
run=2 wall=17.0ms model=0.0ms tools=101.1ms modelCalls=0 toolCalls=56 inputTokens=0 outputTokens=0 totalTokens=0 estContextLoadTokens~7568 workers=8 httpRetries=0
run=3 wall=11.3ms model=0.0ms tools=68.9ms modelCalls=0 toolCalls=56 inputTokens=0 outputTokens=0 totalTokens=0 estContextLoadTokens~7568 workers=8 httpRetries=0
run=4 wall=12.7ms model=0.0ms tools=74.7ms modelCalls=0 toolCalls=56 inputTokens=0 outputTokens=0 totalTokens=0 estContextLoadTokens~7568 workers=8 httpRetries=0
run=5 wall=14.1ms model=0.0ms tools=83.6ms modelCalls=0 toolCalls=56 inputTokens=0 outputTokens=0 totalTokens=0 estContextLoadTokens~7568 workers=8 httpRetries=0
run=6 wall=13.5ms model=0.0ms tools=80.5ms modelCalls=0 toolCalls=56 inputTokens=0 outputTokens=0 totalTokens=0 estContextLoadTokens~7568 workers=8 httpRetries=0
run=7 wall=15.9ms model=0.0ms tools=89.8ms modelCalls=0 toolCalls=56 inputTokens=0 outputTokens=0 totalTokens=0 estContextLoadTokens~7568 workers=8 httpRetries=0
run=8 wall=12.7ms model=0.0ms tools=76.0ms modelCalls=0 toolCalls=56 inputTokens=0 outputTokens=0 totalTokens=0 estContextLoadTokens~7568 workers=8 httpRetries=0
run=9 wall=11.9ms model=0.0ms tools=65.2ms modelCalls=0 toolCalls=56 inputTokens=0 outputTokens=0 totalTokens=0 estContextLoadTokens~7568 workers=8 httpRetries=0
run=10 wall=12.3ms model=0.0ms tools=75.2ms modelCalls=0 toolCalls=56 inputTokens=0 outputTokens=0 totalTokens=0 estContextLoadTokens~7568 workers=8 httpRetries=0
run=11 wall=14.1ms model=0.0ms tools=80.0ms modelCalls=0 toolCalls=56 inputTokens=0 outputTokens=0 totalTokens=0 estContextLoadTokens~7568 workers=8 httpRetries=0
run=12 wall=13.3ms model=0.0ms tools=82.0ms modelCalls=0 toolCalls=56 inputTokens=0 outputTokens=0 totalTokens=0 estContextLoadTokens~7568 workers=8 httpRetries=0
run=13 wall=11.5ms model=0.0ms tools=69.1ms modelCalls=0 toolCalls=56 inputTokens=0 outputTokens=0 totalTokens=0 estContextLoadTokens~7568 workers=8 httpRetries=0
run=14 wall=13.7ms model=0.0ms tools=78.5ms modelCalls=0 toolCalls=56 inputTokens=0 outputTokens=0 totalTokens=0 estContextLoadTokens~7568 workers=8 httpRetries=0
run=15 wall=20.1ms model=0.0ms tools=114.7ms modelCalls=0 toolCalls=56 inputTokens=0 outputTokens=0 totalTokens=0 estContextLoadTokens~7568 workers=8 httpRetries=0
run=16 wall=16.6ms model=0.0ms tools=96.0ms modelCalls=0 toolCalls=56 inputTokens=0 outputTokens=0 totalTokens=0 estContextLoadTokens~7568 workers=8 httpRetries=0
run=17 wall=15.6ms model=0.0ms tools=91.2ms modelCalls=0 toolCalls=56 inputTokens=0 outputTokens=0 totalTokens=0 estContextLoadTokens~7568 workers=8 httpRetries=0
run=18 wall=16.2ms model=0.0ms tools=87.7ms modelCalls=0 toolCalls=56 inputTokens=0 outputTokens=0 totalTokens=0 estContextLoadTokens~7568 workers=8 httpRetries=0
run=19 wall=15.0ms model=0.0ms tools=85.9ms modelCalls=0 toolCalls=56 inputTokens=0 outputTokens=0 totalTokens=0 estContextLoadTokens~7568 workers=8 httpRetries=0
run=20 wall=15.7ms model=0.0ms tools=92.5ms modelCalls=0 toolCalls=56 inputTokens=0 outputTokens=0 totalTokens=0 estContextLoadTokens~7568 workers=8 httpRetries=0
run=21 wall=14.4ms model=0.0ms tools=85.8ms modelCalls=0 toolCalls=56 inputTokens=0 outputTokens=0 totalTokens=0 estContextLoadTokens~7568 workers=8 httpRetries=0
run=22 wall=17.6ms model=0.0ms tools=92.6ms modelCalls=0 toolCalls=56 inputTokens=0 outputTokens=0 totalTokens=0 estContextLoadTokens~7568 workers=8 httpRetries=0
run=23 wall=17.0ms model=0.0ms tools=97.5ms modelCalls=0 toolCalls=56 inputTokens=0 outputTokens=0 totalTokens=0 estContextLoadTokens~7568 workers=8 httpRetries=0
run=24 wall=14.9ms model=0.0ms tools=90.6ms modelCalls=0 toolCalls=56 inputTokens=0 outputTokens=0 totalTokens=0 estContextLoadTokens~7568 workers=8 httpRetries=0
run=25 wall=17.3ms model=0.0ms tools=96.2ms modelCalls=0 toolCalls=56 inputTokens=0 outputTokens=0 totalTokens=0 estContextLoadTokens~7568 workers=8 httpRetries=0
run=26 wall=18.8ms model=0.0ms tools=111.0ms modelCalls=0 toolCalls=56 inputTokens=0 outputTokens=0 totalTokens=0 estContextLoadTokens~7568 workers=8 httpRetries=0
run=27 wall=15.1ms model=0.0ms tools=87.4ms modelCalls=0 toolCalls=56 inputTokens=0 outputTokens=0 totalTokens=0 estContextLoadTokens~7568 workers=8 httpRetries=0
run=28 wall=13.3ms model=0.0ms tools=82.8ms modelCalls=0 toolCalls=56 inputTokens=0 outputTokens=0 totalTokens=0 estContextLoadTokens~7568 workers=8 httpRetries=0
run=29 wall=13.7ms model=0.0ms tools=84.2ms modelCalls=0 toolCalls=56 inputTokens=0 outputTokens=0 totalTokens=0 estContextLoadTokens~7568 workers=8 httpRetries=0
run=30 wall=13.4ms model=0.0ms tools=81.0ms modelCalls=0 toolCalls=56 inputTokens=0 outputTokens=0 totalTokens=0 estContextLoadTokens~7568 workers=8 httpRetries=0

== Foundgine semantic flow ==
run=1 wall=24.9ms model=0.0ms tools=154.5ms modelCalls=0 toolCalls=32 inputTokens=0 outputTokens=0 totalTokens=0 estContextLoadTokens~2520 workers=8 httpRetries=0
run=2 wall=15.7ms model=0.0ms tools=94.2ms modelCalls=0 toolCalls=32 inputTokens=0 outputTokens=0 totalTokens=0 estContextLoadTokens~2520 workers=8 httpRetries=0
run=3 wall=15.0ms model=0.0ms tools=95.6ms modelCalls=0 toolCalls=32 inputTokens=0 outputTokens=0 totalTokens=0 estContextLoadTokens~2520 workers=8 httpRetries=0
run=4 wall=14.7ms model=0.0ms tools=91.9ms modelCalls=0 toolCalls=32 inputTokens=0 outputTokens=0 totalTokens=0 estContextLoadTokens~2520 workers=8 httpRetries=0
run=5 wall=15.0ms model=0.0ms tools=94.5ms modelCalls=0 toolCalls=32 inputTokens=0 outputTokens=0 totalTokens=0 estContextLoadTokens~2520 workers=8 httpRetries=0
run=6 wall=17.4ms model=0.0ms tools=103.8ms modelCalls=0 toolCalls=32 inputTokens=0 outputTokens=0 totalTokens=0 estContextLoadTokens~2520 workers=8 httpRetries=0
run=7 wall=15.0ms model=0.0ms tools=93.1ms modelCalls=0 toolCalls=32 inputTokens=0 outputTokens=0 totalTokens=0 estContextLoadTokens~2520 workers=8 httpRetries=0
run=8 wall=16.9ms model=0.0ms tools=107.3ms modelCalls=0 toolCalls=32 inputTokens=0 outputTokens=0 totalTokens=0 estContextLoadTokens~2520 workers=8 httpRetries=0
run=9 wall=16.1ms model=0.0ms tools=94.3ms modelCalls=0 toolCalls=32 inputTokens=0 outputTokens=0 totalTokens=0 estContextLoadTokens~2520 workers=8 httpRetries=0
run=10 wall=15.7ms model=0.0ms tools=90.2ms modelCalls=0 toolCalls=32 inputTokens=0 outputTokens=0 totalTokens=0 estContextLoadTokens~2520 workers=8 httpRetries=0
run=11 wall=14.3ms model=0.0ms tools=83.5ms modelCalls=0 toolCalls=32 inputTokens=0 outputTokens=0 totalTokens=0 estContextLoadTokens~2520 workers=8 httpRetries=0
run=12 wall=15.1ms model=0.0ms tools=89.5ms modelCalls=0 toolCalls=32 inputTokens=0 outputTokens=0 totalTokens=0 estContextLoadTokens~2520 workers=8 httpRetries=0
run=13 wall=15.6ms model=0.0ms tools=103.2ms modelCalls=0 toolCalls=32 inputTokens=0 outputTokens=0 totalTokens=0 estContextLoadTokens~2520 workers=8 httpRetries=0
run=14 wall=15.7ms model=0.0ms tools=99.6ms modelCalls=0 toolCalls=32 inputTokens=0 outputTokens=0 totalTokens=0 estContextLoadTokens~2520 workers=8 httpRetries=0
run=15 wall=15.1ms model=0.0ms tools=94.5ms modelCalls=0 toolCalls=32 inputTokens=0 outputTokens=0 totalTokens=0 estContextLoadTokens~2520 workers=8 httpRetries=0
run=16 wall=13.8ms model=0.0ms tools=85.6ms modelCalls=0 toolCalls=32 inputTokens=0 outputTokens=0 totalTokens=0 estContextLoadTokens~2520 workers=8 httpRetries=0
run=17 wall=17.0ms model=0.0ms tools=108.3ms modelCalls=0 toolCalls=32 inputTokens=0 outputTokens=0 totalTokens=0 estContextLoadTokens~2520 workers=8 httpRetries=0
run=18 wall=14.0ms model=0.0ms tools=88.8ms modelCalls=0 toolCalls=32 inputTokens=0 outputTokens=0 totalTokens=0 estContextLoadTokens~2520 workers=8 httpRetries=0
run=19 wall=17.9ms model=0.0ms tools=107.5ms modelCalls=0 toolCalls=32 inputTokens=0 outputTokens=0 totalTokens=0 estContextLoadTokens~2520 workers=8 httpRetries=0
run=20 wall=14.3ms model=0.0ms tools=85.5ms modelCalls=0 toolCalls=32 inputTokens=0 outputTokens=0 totalTokens=0 estContextLoadTokens~2520 workers=8 httpRetries=0
run=21 wall=16.8ms model=0.0ms tools=103.1ms modelCalls=0 toolCalls=32 inputTokens=0 outputTokens=0 totalTokens=0 estContextLoadTokens~2520 workers=8 httpRetries=0
run=22 wall=14.1ms model=0.0ms tools=89.5ms modelCalls=0 toolCalls=32 inputTokens=0 outputTokens=0 totalTokens=0 estContextLoadTokens~2520 workers=8 httpRetries=0
run=23 wall=40.6ms model=0.0ms tools=297.2ms modelCalls=0 toolCalls=32 inputTokens=0 outputTokens=0 totalTokens=0 estContextLoadTokens~2520 workers=8 httpRetries=0
run=24 wall=14.5ms model=0.0ms tools=93.6ms modelCalls=0 toolCalls=32 inputTokens=0 outputTokens=0 totalTokens=0 estContextLoadTokens~2520 workers=8 httpRetries=0
run=25 wall=13.7ms model=0.0ms tools=84.8ms modelCalls=0 toolCalls=32 inputTokens=0 outputTokens=0 totalTokens=0 estContextLoadTokens~2520 workers=8 httpRetries=0
run=26 wall=15.3ms model=0.0ms tools=89.9ms modelCalls=0 toolCalls=32 inputTokens=0 outputTokens=0 totalTokens=0 estContextLoadTokens~2520 workers=8 httpRetries=0
run=27 wall=15.8ms model=0.0ms tools=95.4ms modelCalls=0 toolCalls=32 inputTokens=0 outputTokens=0 totalTokens=0 estContextLoadTokens~2520 workers=8 httpRetries=0
run=28 wall=17.3ms model=0.0ms tools=103.5ms modelCalls=0 toolCalls=32 inputTokens=0 outputTokens=0 totalTokens=0 estContextLoadTokens~2520 workers=8 httpRetries=0
run=29 wall=14.2ms model=0.0ms tools=84.5ms modelCalls=0 toolCalls=32 inputTokens=0 outputTokens=0 totalTokens=0 estContextLoadTokens~2520 workers=8 httpRetries=0
run=30 wall=13.8ms model=0.0ms tools=86.9ms modelCalls=0 toolCalls=32 inputTokens=0 outputTokens=0 totalTokens=0 estContextLoadTokens~2520 workers=8 httpRetries=0

===============================================
 Comparison
===============================================
Token saving (provider-reported): N/A â?" replay mode reports no model token usage (run in 'live' mode for real numbers)
Token saving (estimated, heuristic): 66.7% â?" offline chars/words estimate of tool payload size, not a tokenizer count
Tool-call saving:   42.9%
Model-call saving:  0.0%
Wall-clock change:  11.9%
Same final state:   True
JSON report:        C:\Foundgine\benchmarks\AgentEndToEnd\Run3\artifacts\00010-customers\concurrency-008\agent-benchmark.json
Markdown report:    C:\Foundgine\benchmarks\AgentEndToEnd\Run3\artifacts\00010-customers\concurrency-008\agent-benchmark.md

>>> Concurrency tier: 16 (skipped: exceeds customer count 10)

>>> Concurrency tier: 32 (skipped: exceeds customer count 10)

>>> Concurrency tier: 64 (skipped: exceeds customer count 10)
Removing benchmark containers and PostgreSQL volume...
Starting PostgreSQL 17 benchmark container on host port 37538...
 Network foundgine-agent-e2e-run3_default Creating 
 Network foundgine-agent-e2e-run3_default Created 
 Volume foundgine-agent-e2e-run3_agent-e2e-postgres-data Creating 
 Volume foundgine-agent-e2e-run3_agent-e2e-postgres-data Created 
 Container foundgine-agent-e2e-run3-postgres-1 Creating 
 Container foundgine-agent-e2e-run3-postgres-1 Created 
 Container foundgine-agent-e2e-run3-postgres-1 Starting 
 Container foundgine-agent-e2e-run3-postgres-1 Started 
Waiting for PostgreSQL...
Seeding fixture: 100 customers ...
Seeding 100 customers, 400 relationships, 1,200 contracts and 4,800 transactions...
Seeded: 100 customers, 400 relationships, 1,200 contracts, 4,800 transactions.
Benchmark graph for Customer 1: 4 relationships -> 12 contracts -> 48 transactions.
Customer 1 is the deterministic benchmark target.
Building and starting Foundgine warm benchmark API...
 Image foundgine-agent-e2e-run3-foundgine-warm Building 
#1 [internal] load local bake definitions
#1 reading from stdin 622B done
#1 DONE 0.0s

#2 [internal] load build definition from Dockerfile
#2 transferring dockerfile: 1.18kB done
#2 DONE 0.0s

#3 [internal] load metadata for mcr.microsoft.com/dotnet/aspnet:9.0
#3 DONE 0.2s

#4 [internal] load metadata for mcr.microsoft.com/dotnet/sdk:9.0
#4 DONE 0.3s

#5 [internal] load .dockerignore
#5 transferring context: 2B done
#5 DONE 0.0s

#6 [stage-1 1/4] FROM mcr.microsoft.com/dotnet/aspnet:9.0@sha256:b1201ee0ccf9a22c06844982296c1be40d5ff9c7685dc002729f204e63fb1730
#6 resolve mcr.microsoft.com/dotnet/aspnet:9.0@sha256:b1201ee0ccf9a22c06844982296c1be40d5ff9c7685dc002729f204e63fb1730 0.0s done
#6 DONE 0.0s

#7 [build 1/5] FROM mcr.microsoft.com/dotnet/sdk:9.0@sha256:f190d2dd9eef2899c91ac323caa0bd2b39334a5400ba93013e5199da39dad940
#7 resolve mcr.microsoft.com/dotnet/sdk:9.0@sha256:f190d2dd9eef2899c91ac323caa0bd2b39334a5400ba93013e5199da39dad940 0.0s done
#7 DONE 0.0s

#8 [internal] load build context
#8 transferring context: 4.87MB 0.2s done
#8 DONE 0.2s

#9 [build 2/5] WORKDIR /src
#9 CACHED

#10 [build 3/5] COPY . .
#10 DONE 1.0s

#11 [build 4/5] RUN dotnet restore     benchmarks/CoffeeBeanery.Performance/Foundgine.CoffeeBeanery.BenchmarkApi/Foundgine.CoffeeBeanery.BenchmarkApi.csproj
#11 0.674   Determining projects to restore...
#11 1.657   Restored /src/src/Foundgine.Semantics/Foundgine.Semantics.csproj (in 130 ms).
#11 1.657   Restored /src/src/Foundgine.Abstractions/Foundgine.Abstractions.csproj (in 114 ms).
#11 1.657   Restored /src/src/Foundgine.Metadata/Foundgine.Metadata.csproj (in 130 ms).
#11 1.657   Restored /src/src/Foundgine.Execution/Foundgine.Execution.csproj (in 130 ms).
#11 1.663   Restored /src/src/Foundgine.Planning/Foundgine.Planning.csproj (in 1 ms).
#11 1.665   Restored /src/src/Foundgine.Sql/Foundgine.Sql.csproj (in 3 ms).
#11 3.287   Restored /src/src/Foundgine/Foundgine.csproj (in 1.78 sec).
#11 3.289   Restored /src/src/Foundgine.GraphQL.HotChocolate/Foundgine.GraphQL.HotChocolate.csproj (in 1.79 sec).
#11 3.289   Restored /src/src/Foundgine.GraphQL.HotChocolate.Mutations/Foundgine.GraphQL.HotChocolate.Mutations.csproj (in 1.79 sec).
#11 3.290   Restored /src/benchmarks/CoffeeBeanery.Performance/Foundgine.CoffeeBeanery.BenchmarkApi/Foundgine.CoffeeBeanery.BenchmarkApi.csproj (in 1.79 sec).
#11 DONE 3.4s

#12 [build 5/5] RUN dotnet publish     benchmarks/CoffeeBeanery.Performance/Foundgine.CoffeeBeanery.BenchmarkApi/Foundgine.CoffeeBeanery.BenchmarkApi.csproj     -c Release     -o /app/publish
#12 0.861   Determining projects to restore...
#12 1.787   All projects are up-to-date for restore.
#12 4.345   Foundgine.Abstractions -> /src/src/Foundgine.Abstractions/bin/Release/net9.0/Foundgine.Abstractions.dll
#12 5.404   Foundgine.Semantics -> /src/src/Foundgine.Semantics/bin/Release/net9.0/Foundgine.Semantics.dll
#12 5.945   Foundgine.Metadata -> /src/src/Foundgine.Metadata/bin/Release/net9.0/Foundgine.Metadata.dll
#12 6.036   Foundgine.Planning -> /src/src/Foundgine.Planning/bin/Release/net9.0/Foundgine.Planning.dll
#12 6.546   Foundgine.Execution -> /src/src/Foundgine.Execution/bin/Release/net9.0/Foundgine.Execution.dll
#12 6.951   Foundgine -> /src/src/Foundgine/bin/Release/net9.0/Foundgine.dll
#12 7.384   Foundgine.Sql -> /src/src/Foundgine.Sql/bin/Release/net9.0/Foundgine.Sql.dll
#12 7.475   Foundgine.GraphQL.HotChocolate -> /src/src/Foundgine.GraphQL.HotChocolate/bin/Release/net9.0/Foundgine.GraphQL.HotChocolate.dll
#12 7.949   Foundgine.GraphQL.HotChocolate.Mutations -> /src/src/Foundgine.GraphQL.HotChocolate.Mutations/bin/Release/net9.0/Foundgine.GraphQL.HotChocolate.Mutations.dll
#12 8.921   Foundgine.CoffeeBeanery.BenchmarkApi -> /src/benchmarks/CoffeeBeanery.Performance/Foundgine.CoffeeBeanery.BenchmarkApi/bin/Release/net9.0/Foundgine.CoffeeBeanery.BenchmarkApi.dll
#12 8.975   Foundgine.CoffeeBeanery.BenchmarkApi -> /app/publish/
#12 DONE 9.1s

#13 [stage-1 2/4] RUN apt-get update     && apt-get install -y --no-install-recommends curl     && rm -rf /var/lib/apt/lists/*
#13 CACHED

#14 [stage-1 3/4] WORKDIR /app
#14 CACHED

#15 [stage-1 4/4] COPY --from=build /app/publish .
#15 CACHED

#16 exporting to image
#16 exporting layers done
#16 exporting manifest sha256:838d284decbcbadceeb5ce1902d268155832e86e0d17ee0d549341a69ef98083 done
#16 exporting config sha256:fef1fcdd81f4367ea7dcc81e36874b5eca511940bbd23a2fd532f47e13bbb495 done
#16 exporting attestation manifest sha256:22c0637c5db6156d1b1ed53d46d16f8c00bfacb27483bc40e8cf859a3e3c96a9 0.0s done
#16 exporting manifest list sha256:d98e829a2f00e56fc6c41ba48495e1bdf703377eb2bc3daa27b45096383bb896 0.0s done
#16 naming to docker.io/library/foundgine-agent-e2e-run3-foundgine-warm:latest done
#16 unpacking to docker.io/library/foundgine-agent-e2e-run3-foundgine-warm:latest 0.0s done
#16 DONE 0.1s

#17 resolving provenance for metadata file
#17 DONE 0.0s
 Image foundgine-agent-e2e-run3-foundgine-warm Built 
 Container foundgine-agent-e2e-run3-foundgine-warm-1 Creating 
 Container foundgine-agent-e2e-run3-foundgine-warm-1 Created 
 Container foundgine-agent-e2e-run3-foundgine-warm-1 Starting 
 Container foundgine-agent-e2e-run3-foundgine-warm-1 Started 
Waiting for http://localhost:4302/health/ready ...

>>> Concurrency tier: 64

============================================
 Agent benchmark: 100 customers / 30 runs
============================================
C:\Program Files\dotnet\sdk\9.0.304\Microsoft.Common.CurrentVersion.targets(2433,5): warning MSB3277: Found conflicts between different versions of "Microsoft.EntityFrameworkCore.Relational" that could not be resolved. [C:\Foundgine\benchmarks\AgentEndToEnd\Run3\Foundgine.AgentEndToEnd.Run3.csproj]
C:\Program Files\dotnet\sdk\9.0.304\Microsoft.Common.CurrentVersion.targets(2433,5): warning MSB3277: There was a conflict between "Microsoft.EntityFrameworkCore.Relational, Version=9.0.1.0, Culture=neutral, PublicKeyToken=adb9793829ddae60" and "Microsoft.EntityFrameworkCore.Relational, Version=9.0.4.0, Culture=neutral, PublicKeyToken=adb9793829ddae60". [C:\Foundgine\benchmarks\AgentEndToEnd\Run3\Foundgine.AgentEndToEnd.Run3.csproj]
C:\Program Files\dotnet\sdk\9.0.304\Microsoft.Common.CurrentVersion.targets(2433,5): warning MSB3277:     "Microsoft.EntityFrameworkCore.Relational, Version=9.0.1.0, Culture=neutral, PublicKeyToken=adb9793829ddae60" was chosen because it was primary and "Microsoft.EntityFrameworkCore.Relational, Version=9.0.4.0, Culture=neutral, PublicKeyToken=adb9793829ddae60" was not. [C:\Foundgine\benchmarks\AgentEndToEnd\Run3\Foundgine.AgentEndToEnd.Run3.csproj]
C:\Program Files\dotnet\sdk\9.0.304\Microsoft.Common.CurrentVersion.targets(2433,5): warning MSB3277:     References which depend on "Microsoft.EntityFrameworkCore.Relational, Version=9.0.1.0, Culture=neutral, PublicKeyToken=adb9793829ddae60" [C:\Users\clbp_\.nuget\packages\microsoft.entityframeworkcore.relational\9.0.1\lib\net8.0\Microsoft.EntityFrameworkCore.Relational.dll]. [C:\Foundgine\benchmarks\AgentEndToEnd\Run3\Foundgine.AgentEndToEnd.Run3.csproj]
C:\Program Files\dotnet\sdk\9.0.304\Microsoft.Common.CurrentVersion.targets(2433,5): warning MSB3277:         C:\Users\clbp_\.nuget\packages\microsoft.entityframeworkcore.relational\9.0.1\lib\net8.0\Microsoft.EntityFrameworkCore.Relational.dll [C:\Foundgine\benchmarks\AgentEndToEnd\Run3\Foundgine.AgentEndToEnd.Run3.csproj]
C:\Program Files\dotnet\sdk\9.0.304\Microsoft.Common.CurrentVersion.targets(2433,5): warning MSB3277:           Project file item includes which caused reference "C:\Users\clbp_\.nuget\packages\microsoft.entityframeworkcore.relational\9.0.1\lib\net8.0\Microsoft.EntityFrameworkCore.Relational.dll". [C:\Foundgine\benchmarks\AgentEndToEnd\Run3\Foundgine.AgentEndToEnd.Run3.csproj]
C:\Program Files\dotnet\sdk\9.0.304\Microsoft.Common.CurrentVersion.targets(2433,5): warning MSB3277:             C:\Users\clbp_\.nuget\packages\microsoft.entityframeworkcore.relational\9.0.1\lib\net8.0\Microsoft.EntityFrameworkCore.Relational.dll [C:\Foundgine\benchmarks\AgentEndToEnd\Run3\Foundgine.AgentEndToEnd.Run3.csproj]
C:\Program Files\dotnet\sdk\9.0.304\Microsoft.Common.CurrentVersion.targets(2433,5): warning MSB3277:     References which depend on or have been unified to "Microsoft.EntityFrameworkCore.Relational, Version=9.0.4.0, Culture=neutral, PublicKeyToken=adb9793829ddae60" []. [C:\Foundgine\benchmarks\AgentEndToEnd\Run3\Foundgine.AgentEndToEnd.Run3.csproj]
C:\Program Files\dotnet\sdk\9.0.304\Microsoft.Common.CurrentVersion.targets(2433,5): warning MSB3277:         C:\Foundgine\benchmarks\CoffeeBeanery.Performance\CoffeeBeanery.Database\bin\Release\net9.0\CoffeeBeanery.Database.dll [C:\Foundgine\benchmarks\AgentEndToEnd\Run3\Foundgine.AgentEndToEnd.Run3.csproj]
C:\Program Files\dotnet\sdk\9.0.304\Microsoft.Common.CurrentVersion.targets(2433,5): warning MSB3277:           Project file item includes which caused reference "C:\Foundgine\benchmarks\CoffeeBeanery.Performance\CoffeeBeanery.Database\bin\Release\net9.0\CoffeeBeanery.Database.dll". [C:\Foundgine\benchmarks\AgentEndToEnd\Run3\Foundgine.AgentEndToEnd.Run3.csproj]
C:\Program Files\dotnet\sdk\9.0.304\Microsoft.Common.CurrentVersion.targets(2433,5): warning MSB3277:             C:\Foundgine\benchmarks\CoffeeBeanery.Performance\CoffeeBeanery.Database\bin\Release\net9.0\CoffeeBeanery.Database.dll [C:\Foundgine\benchmarks\AgentEndToEnd\Run3\Foundgine.AgentEndToEnd.Run3.csproj]
===============================================
 Foundgine / Agent End-to-End Benchmark
===============================================
Scenario:     customer-exposure-review
Mode:         replay
Warmups:      5
Measured:     30
Customer count: 100
Concurrency:  64
Targets:      1, 2, 3, 4, 5, 6, 7, 8, 9, 10, 11, 12, 13, 14, 15, 16, 17, 18, 19, 20, 21, 22, 23, 24, 25, 26, 27, 28, 29, 30, 31, 32, 33, 34, 35, 36, 37, 38, 39, 40, 41, 42, 43, 44, 45, 46, 47, 48, 49, 50, 51, 52, 53, 54, 55, 56, 57, 58, 59, 60, 61, 62, 63, 64
Threshold:    48,000

Fixture:      4 relationships / 12 contracts / 48 transactions
Baseline:     Customer 1 Benchmark

== Conventional application/AI flow ==
run=1 wall=59.1ms model=0.0ms tools=2491.9ms modelCalls=0 toolCalls=448 inputTokens=0 outputTokens=0 totalTokens=0 estContextLoadTokens~61713 workers=64 httpRetries=0
run=2 wall=60.0ms model=0.0ms tools=2626.7ms modelCalls=0 toolCalls=448 inputTokens=0 outputTokens=0 totalTokens=0 estContextLoadTokens~61713 workers=64 httpRetries=0
run=3 wall=58.7ms model=0.0ms tools=2569.5ms modelCalls=0 toolCalls=448 inputTokens=0 outputTokens=0 totalTokens=0 estContextLoadTokens~61713 workers=64 httpRetries=0
run=4 wall=59.5ms model=0.0ms tools=2607.0ms modelCalls=0 toolCalls=448 inputTokens=0 outputTokens=0 totalTokens=0 estContextLoadTokens~61713 workers=64 httpRetries=0
run=5 wall=62.2ms model=0.0ms tools=2597.0ms modelCalls=0 toolCalls=448 inputTokens=0 outputTokens=0 totalTokens=0 estContextLoadTokens~61713 workers=64 httpRetries=0
run=6 wall=63.0ms model=0.0ms tools=2607.4ms modelCalls=0 toolCalls=448 inputTokens=0 outputTokens=0 totalTokens=0 estContextLoadTokens~61713 workers=64 httpRetries=0
run=7 wall=63.2ms model=0.0ms tools=2500.8ms modelCalls=0 toolCalls=448 inputTokens=0 outputTokens=0 totalTokens=0 estContextLoadTokens~61713 workers=64 httpRetries=0
run=8 wall=59.2ms model=0.0ms tools=2555.7ms modelCalls=0 toolCalls=448 inputTokens=0 outputTokens=0 totalTokens=0 estContextLoadTokens~61713 workers=64 httpRetries=0
run=9 wall=63.0ms model=0.0ms tools=2662.6ms modelCalls=0 toolCalls=448 inputTokens=0 outputTokens=0 totalTokens=0 estContextLoadTokens~61713 workers=64 httpRetries=0
run=10 wall=59.2ms model=0.0ms tools=2595.1ms modelCalls=0 toolCalls=448 inputTokens=0 outputTokens=0 totalTokens=0 estContextLoadTokens~61713 workers=64 httpRetries=0
run=11 wall=56.0ms model=0.0ms tools=2304.0ms modelCalls=0 toolCalls=448 inputTokens=0 outputTokens=0 totalTokens=0 estContextLoadTokens~61713 workers=64 httpRetries=0
run=12 wall=80.4ms model=0.0ms tools=3232.2ms modelCalls=0 toolCalls=448 inputTokens=0 outputTokens=0 totalTokens=0 estContextLoadTokens~61713 workers=64 httpRetries=0
run=13 wall=78.1ms model=0.0ms tools=3177.3ms modelCalls=0 toolCalls=448 inputTokens=0 outputTokens=0 totalTokens=0 estContextLoadTokens~61713 workers=64 httpRetries=0
run=14 wall=76.5ms model=0.0ms tools=3167.3ms modelCalls=0 toolCalls=448 inputTokens=0 outputTokens=0 totalTokens=0 estContextLoadTokens~61713 workers=64 httpRetries=0
run=15 wall=55.2ms model=0.0ms tools=2188.0ms modelCalls=0 toolCalls=448 inputTokens=0 outputTokens=0 totalTokens=0 estContextLoadTokens~61713 workers=64 httpRetries=0
run=16 wall=56.1ms model=0.0ms tools=2358.1ms modelCalls=0 toolCalls=448 inputTokens=0 outputTokens=0 totalTokens=0 estContextLoadTokens~61713 workers=64 httpRetries=0
run=17 wall=57.6ms model=0.0ms tools=2415.4ms modelCalls=0 toolCalls=448 inputTokens=0 outputTokens=0 totalTokens=0 estContextLoadTokens~61713 workers=64 httpRetries=0
run=18 wall=53.6ms model=0.0ms tools=2282.1ms modelCalls=0 toolCalls=448 inputTokens=0 outputTokens=0 totalTokens=0 estContextLoadTokens~61713 workers=64 httpRetries=0
run=19 wall=55.8ms model=0.0ms tools=2167.5ms modelCalls=0 toolCalls=448 inputTokens=0 outputTokens=0 totalTokens=0 estContextLoadTokens~61713 workers=64 httpRetries=0
run=20 wall=59.9ms model=0.0ms tools=2460.9ms modelCalls=0 toolCalls=448 inputTokens=0 outputTokens=0 totalTokens=0 estContextLoadTokens~61713 workers=64 httpRetries=0
run=21 wall=61.0ms model=0.0ms tools=2600.2ms modelCalls=0 toolCalls=448 inputTokens=0 outputTokens=0 totalTokens=0 estContextLoadTokens~61713 workers=64 httpRetries=0
run=22 wall=66.5ms model=0.0ms tools=3034.9ms modelCalls=0 toolCalls=448 inputTokens=0 outputTokens=0 totalTokens=0 estContextLoadTokens~61713 workers=64 httpRetries=0
run=23 wall=50.4ms model=0.0ms tools=2010.4ms modelCalls=0 toolCalls=448 inputTokens=0 outputTokens=0 totalTokens=0 estContextLoadTokens~61713 workers=64 httpRetries=0
run=24 wall=54.3ms model=0.0ms tools=2412.2ms modelCalls=0 toolCalls=448 inputTokens=0 outputTokens=0 totalTokens=0 estContextLoadTokens~61713 workers=64 httpRetries=0
run=25 wall=57.1ms model=0.0ms tools=2509.2ms modelCalls=0 toolCalls=448 inputTokens=0 outputTokens=0 totalTokens=0 estContextLoadTokens~61713 workers=64 httpRetries=0
run=26 wall=51.5ms model=0.0ms tools=2109.9ms modelCalls=0 toolCalls=448 inputTokens=0 outputTokens=0 totalTokens=0 estContextLoadTokens~61713 workers=64 httpRetries=0
run=27 wall=49.5ms model=0.0ms tools=2102.0ms modelCalls=0 toolCalls=448 inputTokens=0 outputTokens=0 totalTokens=0 estContextLoadTokens~61713 workers=64 httpRetries=0
run=28 wall=54.7ms model=0.0ms tools=2259.2ms modelCalls=0 toolCalls=448 inputTokens=0 outputTokens=0 totalTokens=0 estContextLoadTokens~61713 workers=64 httpRetries=0
run=29 wall=54.4ms model=0.0ms tools=2285.8ms modelCalls=0 toolCalls=448 inputTokens=0 outputTokens=0 totalTokens=0 estContextLoadTokens~61713 workers=64 httpRetries=0
run=30 wall=57.2ms model=0.0ms tools=2507.1ms modelCalls=0 toolCalls=448 inputTokens=0 outputTokens=0 totalTokens=0 estContextLoadTokens~61713 workers=64 httpRetries=0

== Foundgine semantic flow ==
run=1 wall=95.3ms model=0.0ms tools=4518.6ms modelCalls=0 toolCalls=256 inputTokens=0 outputTokens=0 totalTokens=0 estContextLoadTokens~20215 workers=64 httpRetries=0
run=2 wall=101.5ms model=0.0ms tools=3884.0ms modelCalls=0 toolCalls=256 inputTokens=0 outputTokens=0 totalTokens=0 estContextLoadTokens~20215 workers=64 httpRetries=0
run=3 wall=60.3ms model=0.0ms tools=2784.3ms modelCalls=0 toolCalls=256 inputTokens=0 outputTokens=0 totalTokens=0 estContextLoadTokens~20215 workers=64 httpRetries=0
run=4 wall=75.8ms model=0.0ms tools=3457.3ms modelCalls=0 toolCalls=256 inputTokens=0 outputTokens=0 totalTokens=0 estContextLoadTokens~20215 workers=64 httpRetries=0
run=5 wall=63.5ms model=0.0ms tools=2641.0ms modelCalls=0 toolCalls=256 inputTokens=0 outputTokens=0 totalTokens=0 estContextLoadTokens~20215 workers=64 httpRetries=0
run=6 wall=74.4ms model=0.0ms tools=3651.6ms modelCalls=0 toolCalls=256 inputTokens=0 outputTokens=0 totalTokens=0 estContextLoadTokens~20215 workers=64 httpRetries=0
run=7 wall=80.5ms model=0.0ms tools=3806.9ms modelCalls=0 toolCalls=256 inputTokens=0 outputTokens=0 totalTokens=0 estContextLoadTokens~20215 workers=64 httpRetries=0
run=8 wall=90.4ms model=0.0ms tools=4221.8ms modelCalls=0 toolCalls=256 inputTokens=0 outputTokens=0 totalTokens=0 estContextLoadTokens~20215 workers=64 httpRetries=0
run=9 wall=95.5ms model=0.0ms tools=4758.6ms modelCalls=0 toolCalls=256 inputTokens=0 outputTokens=0 totalTokens=0 estContextLoadTokens~20215 workers=64 httpRetries=0
run=10 wall=68.1ms model=0.0ms tools=3069.4ms modelCalls=0 toolCalls=256 inputTokens=0 outputTokens=0 totalTokens=0 estContextLoadTokens~20215 workers=64 httpRetries=0
run=11 wall=77.4ms model=0.0ms tools=3596.3ms modelCalls=0 toolCalls=256 inputTokens=0 outputTokens=0 totalTokens=0 estContextLoadTokens~20215 workers=64 httpRetries=0
run=12 wall=83.3ms model=0.0ms tools=3969.2ms modelCalls=0 toolCalls=256 inputTokens=0 outputTokens=0 totalTokens=0 estContextLoadTokens~20215 workers=64 httpRetries=0
run=13 wall=78.8ms model=0.0ms tools=3718.1ms modelCalls=0 toolCalls=256 inputTokens=0 outputTokens=0 totalTokens=0 estContextLoadTokens~20215 workers=64 httpRetries=0
run=14 wall=72.2ms model=0.0ms tools=3427.5ms modelCalls=0 toolCalls=256 inputTokens=0 outputTokens=0 totalTokens=0 estContextLoadTokens~20215 workers=64 httpRetries=0
run=15 wall=70.1ms model=0.0ms tools=3080.4ms modelCalls=0 toolCalls=256 inputTokens=0 outputTokens=0 totalTokens=0 estContextLoadTokens~20215 workers=64 httpRetries=0
run=16 wall=69.9ms model=0.0ms tools=3344.8ms modelCalls=0 toolCalls=256 inputTokens=0 outputTokens=0 totalTokens=0 estContextLoadTokens~20215 workers=64 httpRetries=0
run=17 wall=100.9ms model=0.0ms tools=3799.8ms modelCalls=0 toolCalls=256 inputTokens=0 outputTokens=0 totalTokens=0 estContextLoadTokens~20215 workers=64 httpRetries=0
run=18 wall=92.6ms model=0.0ms tools=4436.4ms modelCalls=0 toolCalls=256 inputTokens=0 outputTokens=0 totalTokens=0 estContextLoadTokens~20215 workers=64 httpRetries=0
run=19 wall=67.4ms model=0.0ms tools=2950.9ms modelCalls=0 toolCalls=256 inputTokens=0 outputTokens=0 totalTokens=0 estContextLoadTokens~20215 workers=64 httpRetries=0
run=20 wall=82.3ms model=0.0ms tools=4002.2ms modelCalls=0 toolCalls=256 inputTokens=0 outputTokens=0 totalTokens=0 estContextLoadTokens~20215 workers=64 httpRetries=0
run=21 wall=81.0ms model=0.0ms tools=3987.8ms modelCalls=0 toolCalls=256 inputTokens=0 outputTokens=0 totalTokens=0 estContextLoadTokens~20215 workers=64 httpRetries=0
run=22 wall=75.9ms model=0.0ms tools=3410.4ms modelCalls=0 toolCalls=256 inputTokens=0 outputTokens=0 totalTokens=0 estContextLoadTokens~20215 workers=64 httpRetries=0
run=23 wall=78.1ms model=0.0ms tools=3734.6ms modelCalls=0 toolCalls=256 inputTokens=0 outputTokens=0 totalTokens=0 estContextLoadTokens~20215 workers=64 httpRetries=0
run=24 wall=64.7ms model=0.0ms tools=2847.7ms modelCalls=0 toolCalls=256 inputTokens=0 outputTokens=0 totalTokens=0 estContextLoadTokens~20215 workers=64 httpRetries=0
run=25 wall=67.4ms model=0.0ms tools=2875.9ms modelCalls=0 toolCalls=256 inputTokens=0 outputTokens=0 totalTokens=0 estContextLoadTokens~20215 workers=64 httpRetries=0
run=26 wall=71.0ms model=0.0ms tools=3428.0ms modelCalls=0 toolCalls=256 inputTokens=0 outputTokens=0 totalTokens=0 estContextLoadTokens~20215 workers=64 httpRetries=0
run=27 wall=84.7ms model=0.0ms tools=3534.0ms modelCalls=0 toolCalls=256 inputTokens=0 outputTokens=0 totalTokens=0 estContextLoadTokens~20215 workers=64 httpRetries=0
run=28 wall=74.2ms model=0.0ms tools=3485.6ms modelCalls=0 toolCalls=256 inputTokens=0 outputTokens=0 totalTokens=0 estContextLoadTokens~20215 workers=64 httpRetries=0
run=29 wall=65.3ms model=0.0ms tools=2887.4ms modelCalls=0 toolCalls=256 inputTokens=0 outputTokens=0 totalTokens=0 estContextLoadTokens~20215 workers=64 httpRetries=0
run=30 wall=67.2ms model=0.0ms tools=2985.8ms modelCalls=0 toolCalls=256 inputTokens=0 outputTokens=0 totalTokens=0 estContextLoadTokens~20215 workers=64 httpRetries=0

===============================================
 Comparison
===============================================
Token saving (provider-reported): N/A â?" replay mode reports no model token usage (run in 'live' mode for real numbers)
Token saving (estimated, heuristic): 67.2% â?" offline chars/words estimate of tool payload size, not a tokenizer count
Tool-call saving:   42.9%
Model-call saving:  0.0%
Wall-clock change:  29.9%
Same final state:   True
JSON report:        C:\Foundgine\benchmarks\AgentEndToEnd\Run3\artifacts\00100-customers\concurrency-064\agent-benchmark.json
Markdown report:    C:\Foundgine\benchmarks\AgentEndToEnd\Run3\artifacts\00100-customers\concurrency-064\agent-benchmark.md
Removing benchmark containers and PostgreSQL volume...
Starting PostgreSQL 17 benchmark container on host port 27816...
 Network foundgine-agent-e2e-run3_default Creating 
 Network foundgine-agent-e2e-run3_default Created 
 Volume foundgine-agent-e2e-run3_agent-e2e-postgres-data Creating 
 Volume foundgine-agent-e2e-run3_agent-e2e-postgres-data Created 
 Container foundgine-agent-e2e-run3-postgres-1 Creating 
 Container foundgine-agent-e2e-run3-postgres-1 Created 
 Container foundgine-agent-e2e-run3-postgres-1 Starting 
 Container foundgine-agent-e2e-run3-postgres-1 Started 
Waiting for PostgreSQL...
Seeding fixture: 1000 customers ...
Seeding 1,000 customers, 4,000 relationships, 12,000 contracts and 48,000 transactions...
Seeded: 1,000 customers, 4,000 relationships, 12,000 contracts, 48,000 transactions.
Benchmark graph for Customer 1: 4 relationships -> 12 contracts -> 48 transactions.
Customer 1 is the deterministic benchmark target.
Building and starting Foundgine warm benchmark API...
 Image foundgine-agent-e2e-run3-foundgine-warm Building 
#1 [internal] load local bake definitions
#1 reading from stdin 622B done
#1 DONE 0.0s

#2 [internal] load build definition from Dockerfile
#2 transferring dockerfile: 1.18kB done
#2 DONE 0.0s

#3 [internal] load metadata for mcr.microsoft.com/dotnet/aspnet:9.0
#3 DONE 0.2s

#4 [internal] load metadata for mcr.microsoft.com/dotnet/sdk:9.0
#4 DONE 0.2s

#5 [internal] load .dockerignore
#5 transferring context: 2B done
#5 DONE 0.0s

#6 [stage-1 1/4] FROM mcr.microsoft.com/dotnet/aspnet:9.0@sha256:b1201ee0ccf9a22c06844982296c1be40d5ff9c7685dc002729f204e63fb1730
#6 resolve mcr.microsoft.com/dotnet/aspnet:9.0@sha256:b1201ee0ccf9a22c06844982296c1be40d5ff9c7685dc002729f204e63fb1730 0.0s done
#6 DONE 0.0s

#7 [build 1/5] FROM mcr.microsoft.com/dotnet/sdk:9.0@sha256:f190d2dd9eef2899c91ac323caa0bd2b39334a5400ba93013e5199da39dad940
#7 resolve mcr.microsoft.com/dotnet/sdk:9.0@sha256:f190d2dd9eef2899c91ac323caa0bd2b39334a5400ba93013e5199da39dad940 0.0s done
#7 DONE 0.0s

#8 [internal] load build context
#8 transferring context: 297.32kB 0.1s done
#8 DONE 0.2s

#9 [build 2/5] WORKDIR /src
#9 CACHED

#10 [build 3/5] COPY . .
#10 DONE 1.1s

#11 [build 4/5] RUN dotnet restore     benchmarks/CoffeeBeanery.Performance/Foundgine.CoffeeBeanery.BenchmarkApi/Foundgine.CoffeeBeanery.BenchmarkApi.csproj
#11 0.641   Determining projects to restore...
#11 1.660   Restored /src/src/Foundgine.Metadata/Foundgine.Metadata.csproj (in 104 ms).
#11 1.660   Restored /src/src/Foundgine.Planning/Foundgine.Planning.csproj (in 104 ms).
#11 1.660   Restored /src/src/Foundgine.Abstractions/Foundgine.Abstractions.csproj (in 90 ms).
#11 1.660   Restored /src/src/Foundgine.Semantics/Foundgine.Semantics.csproj (in 104 ms).
#11 1.660   Restored /src/src/Foundgine.Execution/Foundgine.Execution.csproj (in 104 ms).
#11 1.676   Restored /src/src/Foundgine.Sql/Foundgine.Sql.csproj (in 12 ms).
#11 3.436   Restored /src/src/Foundgine/Foundgine.csproj (in 1.89 sec).
#11 3.438   Restored /src/src/Foundgine.GraphQL.HotChocolate.Mutations/Foundgine.GraphQL.HotChocolate.Mutations.csproj (in 1.91 sec).
#11 3.442   Restored /src/benchmarks/CoffeeBeanery.Performance/Foundgine.CoffeeBeanery.BenchmarkApi/Foundgine.CoffeeBeanery.BenchmarkApi.csproj (in 1.91 sec).
#11 3.443   Restored /src/src/Foundgine.GraphQL.HotChocolate/Foundgine.GraphQL.HotChocolate.csproj (in 1.77 sec).
#11 DONE 3.6s

#12 [build 5/5] RUN dotnet publish     benchmarks/CoffeeBeanery.Performance/Foundgine.CoffeeBeanery.BenchmarkApi/Foundgine.CoffeeBeanery.BenchmarkApi.csproj     -c Release     -o /app/publish
#12 0.843   Determining projects to restore...
#12 1.717   All projects are up-to-date for restore.
#12 4.510   Foundgine.Abstractions -> /src/src/Foundgine.Abstractions/bin/Release/net9.0/Foundgine.Abstractions.dll
#12 5.578   Foundgine.Semantics -> /src/src/Foundgine.Semantics/bin/Release/net9.0/Foundgine.Semantics.dll
#12 6.148   Foundgine.Metadata -> /src/src/Foundgine.Metadata/bin/Release/net9.0/Foundgine.Metadata.dll
#12 6.298   Foundgine.Planning -> /src/src/Foundgine.Planning/bin/Release/net9.0/Foundgine.Planning.dll
#12 6.823   Foundgine.Execution -> /src/src/Foundgine.Execution/bin/Release/net9.0/Foundgine.Execution.dll
#12 7.840   Foundgine -> /src/src/Foundgine/bin/Release/net9.0/Foundgine.dll
#12 7.869   Foundgine.Sql -> /src/src/Foundgine.Sql/bin/Release/net9.0/Foundgine.Sql.dll
#12 8.281   Foundgine.GraphQL.HotChocolate -> /src/src/Foundgine.GraphQL.HotChocolate/bin/Release/net9.0/Foundgine.GraphQL.HotChocolate.dll
#12 8.727   Foundgine.GraphQL.HotChocolate.Mutations -> /src/src/Foundgine.GraphQL.HotChocolate.Mutations/bin/Release/net9.0/Foundgine.GraphQL.HotChocolate.Mutations.dll
#12 9.763   Foundgine.CoffeeBeanery.BenchmarkApi -> /src/benchmarks/CoffeeBeanery.Performance/Foundgine.CoffeeBeanery.BenchmarkApi/bin/Release/net9.0/Foundgine.CoffeeBeanery.BenchmarkApi.dll
#12 9.824   Foundgine.CoffeeBeanery.BenchmarkApi -> /app/publish/
#12 DONE 9.9s

#13 [stage-1 2/4] RUN apt-get update     && apt-get install -y --no-install-recommends curl     && rm -rf /var/lib/apt/lists/*
#13 CACHED

#14 [stage-1 3/4] WORKDIR /app
#14 CACHED

#15 [stage-1 4/4] COPY --from=build /app/publish .
#15 CACHED

#16 exporting to image
#16 exporting layers done
#16 exporting manifest sha256:838d284decbcbadceeb5ce1902d268155832e86e0d17ee0d549341a69ef98083 done
#16 exporting config sha256:fef1fcdd81f4367ea7dcc81e36874b5eca511940bbd23a2fd532f47e13bbb495 done
#16 exporting attestation manifest sha256:04971602d47eac770f77ca5ba04c5e8eebcf82cc6821218dd1c9b69890c0f000 0.0s done
#16 exporting manifest list sha256:17348b19e5b58ffad6c572b5183a3cc265a19f927032fa443cb835040a0462a9 0.0s done
#16 naming to docker.io/library/foundgine-agent-e2e-run3-foundgine-warm:latest done
#16 unpacking to docker.io/library/foundgine-agent-e2e-run3-foundgine-warm:latest 0.0s done
#16 DONE 0.1s

#17 resolving provenance for metadata file
#17 DONE 0.0s
 Image foundgine-agent-e2e-run3-foundgine-warm Built 
 Container foundgine-agent-e2e-run3-foundgine-warm-1 Creating 
 Container foundgine-agent-e2e-run3-foundgine-warm-1 Created 
 Container foundgine-agent-e2e-run3-foundgine-warm-1 Starting 
 Container foundgine-agent-e2e-run3-foundgine-warm-1 Started 
Waiting for http://localhost:4302/health/ready ...

>>> Concurrency tier: 64

============================================
 Agent benchmark: 1000 customers / 30 runs
============================================
C:\Program Files\dotnet\sdk\9.0.304\Microsoft.Common.CurrentVersion.targets(2433,5): warning MSB3277: Found conflicts between different versions of "Microsoft.EntityFrameworkCore.Relational" that could not be resolved. [C:\Foundgine\benchmarks\AgentEndToEnd\Run3\Foundgine.AgentEndToEnd.Run3.csproj]
C:\Program Files\dotnet\sdk\9.0.304\Microsoft.Common.CurrentVersion.targets(2433,5): warning MSB3277: There was a conflict between "Microsoft.EntityFrameworkCore.Relational, Version=9.0.1.0, Culture=neutral, PublicKeyToken=adb9793829ddae60" and "Microsoft.EntityFrameworkCore.Relational, Version=9.0.4.0, Culture=neutral, PublicKeyToken=adb9793829ddae60". [C:\Foundgine\benchmarks\AgentEndToEnd\Run3\Foundgine.AgentEndToEnd.Run3.csproj]
C:\Program Files\dotnet\sdk\9.0.304\Microsoft.Common.CurrentVersion.targets(2433,5): warning MSB3277:     "Microsoft.EntityFrameworkCore.Relational, Version=9.0.1.0, Culture=neutral, PublicKeyToken=adb9793829ddae60" was chosen because it was primary and "Microsoft.EntityFrameworkCore.Relational, Version=9.0.4.0, Culture=neutral, PublicKeyToken=adb9793829ddae60" was not. [C:\Foundgine\benchmarks\AgentEndToEnd\Run3\Foundgine.AgentEndToEnd.Run3.csproj]
C:\Program Files\dotnet\sdk\9.0.304\Microsoft.Common.CurrentVersion.targets(2433,5): warning MSB3277:     References which depend on "Microsoft.EntityFrameworkCore.Relational, Version=9.0.1.0, Culture=neutral, PublicKeyToken=adb9793829ddae60" [C:\Users\clbp_\.nuget\packages\microsoft.entityframeworkcore.relational\9.0.1\lib\net8.0\Microsoft.EntityFrameworkCore.Relational.dll]. [C:\Foundgine\benchmarks\AgentEndToEnd\Run3\Foundgine.AgentEndToEnd.Run3.csproj]
C:\Program Files\dotnet\sdk\9.0.304\Microsoft.Common.CurrentVersion.targets(2433,5): warning MSB3277:         C:\Users\clbp_\.nuget\packages\microsoft.entityframeworkcore.relational\9.0.1\lib\net8.0\Microsoft.EntityFrameworkCore.Relational.dll [C:\Foundgine\benchmarks\AgentEndToEnd\Run3\Foundgine.AgentEndToEnd.Run3.csproj]
C:\Program Files\dotnet\sdk\9.0.304\Microsoft.Common.CurrentVersion.targets(2433,5): warning MSB3277:           Project file item includes which caused reference "C:\Users\clbp_\.nuget\packages\microsoft.entityframeworkcore.relational\9.0.1\lib\net8.0\Microsoft.EntityFrameworkCore.Relational.dll". [C:\Foundgine\benchmarks\AgentEndToEnd\Run3\Foundgine.AgentEndToEnd.Run3.csproj]
C:\Program Files\dotnet\sdk\9.0.304\Microsoft.Common.CurrentVersion.targets(2433,5): warning MSB3277:             C:\Users\clbp_\.nuget\packages\microsoft.entityframeworkcore.relational\9.0.1\lib\net8.0\Microsoft.EntityFrameworkCore.Relational.dll [C:\Foundgine\benchmarks\AgentEndToEnd\Run3\Foundgine.AgentEndToEnd.Run3.csproj]
C:\Program Files\dotnet\sdk\9.0.304\Microsoft.Common.CurrentVersion.targets(2433,5): warning MSB3277:     References which depend on or have been unified to "Microsoft.EntityFrameworkCore.Relational, Version=9.0.4.0, Culture=neutral, PublicKeyToken=adb9793829ddae60" []. [C:\Foundgine\benchmarks\AgentEndToEnd\Run3\Foundgine.AgentEndToEnd.Run3.csproj]
C:\Program Files\dotnet\sdk\9.0.304\Microsoft.Common.CurrentVersion.targets(2433,5): warning MSB3277:         C:\Foundgine\benchmarks\CoffeeBeanery.Performance\CoffeeBeanery.Database\bin\Release\net9.0\CoffeeBeanery.Database.dll [C:\Foundgine\benchmarks\AgentEndToEnd\Run3\Foundgine.AgentEndToEnd.Run3.csproj]
C:\Program Files\dotnet\sdk\9.0.304\Microsoft.Common.CurrentVersion.targets(2433,5): warning MSB3277:           Project file item includes which caused reference "C:\Foundgine\benchmarks\CoffeeBeanery.Performance\CoffeeBeanery.Database\bin\Release\net9.0\CoffeeBeanery.Database.dll". [C:\Foundgine\benchmarks\AgentEndToEnd\Run3\Foundgine.AgentEndToEnd.Run3.csproj]
C:\Program Files\dotnet\sdk\9.0.304\Microsoft.Common.CurrentVersion.targets(2433,5): warning MSB3277:             C:\Foundgine\benchmarks\CoffeeBeanery.Performance\CoffeeBeanery.Database\bin\Release\net9.0\CoffeeBeanery.Database.dll [C:\Foundgine\benchmarks\AgentEndToEnd\Run3\Foundgine.AgentEndToEnd.Run3.csproj]
===============================================
 Foundgine / Agent End-to-End Benchmark
===============================================
Scenario:     customer-exposure-review
Mode:         replay
Warmups:      5
Measured:     30
Customer count: 1000
Concurrency:  64
Targets:      1, 2, 3, 4, 5, 6, 7, 8, 9, 10, 11, 12, 13, 14, 15, 16, 17, 18, 19, 20, 21, 22, 23, 24, 25, 26, 27, 28, 29, 30, 31, 32, 33, 34, 35, 36, 37, 38, 39, 40, 41, 42, 43, 44, 45, 46, 47, 48, 49, 50, 51, 52, 53, 54, 55, 56, 57, 58, 59, 60, 61, 62, 63, 64
Threshold:    48,000

Fixture:      4 relationships / 12 contracts / 48 transactions
Baseline:     Customer 1 Benchmark

== Conventional application/AI flow ==
run=1 wall=67.5ms model=0.0ms tools=2745.4ms modelCalls=0 toolCalls=448 inputTokens=0 outputTokens=0 totalTokens=0 estContextLoadTokens~61713 workers=64 httpRetries=0
run=2 wall=64.3ms model=0.0ms tools=2675.9ms modelCalls=0 toolCalls=448 inputTokens=0 outputTokens=0 totalTokens=0 estContextLoadTokens~61713 workers=64 httpRetries=0
run=3 wall=69.4ms model=0.0ms tools=2978.5ms modelCalls=0 toolCalls=448 inputTokens=0 outputTokens=0 totalTokens=0 estContextLoadTokens~61713 workers=64 httpRetries=0
run=4 wall=73.5ms model=0.0ms tools=3088.1ms modelCalls=0 toolCalls=448 inputTokens=0 outputTokens=0 totalTokens=0 estContextLoadTokens~61713 workers=64 httpRetries=0
run=5 wall=79.9ms model=0.0ms tools=3286.0ms modelCalls=0 toolCalls=448 inputTokens=0 outputTokens=0 totalTokens=0 estContextLoadTokens~61713 workers=64 httpRetries=0
run=6 wall=67.0ms model=0.0ms tools=2784.9ms modelCalls=0 toolCalls=448 inputTokens=0 outputTokens=0 totalTokens=0 estContextLoadTokens~61713 workers=64 httpRetries=0
run=7 wall=64.9ms model=0.0ms tools=2757.1ms modelCalls=0 toolCalls=448 inputTokens=0 outputTokens=0 totalTokens=0 estContextLoadTokens~61713 workers=64 httpRetries=0
run=8 wall=66.9ms model=0.0ms tools=2749.9ms modelCalls=0 toolCalls=448 inputTokens=0 outputTokens=0 totalTokens=0 estContextLoadTokens~61713 workers=64 httpRetries=0
run=9 wall=77.3ms model=0.0ms tools=3388.7ms modelCalls=0 toolCalls=448 inputTokens=0 outputTokens=0 totalTokens=0 estContextLoadTokens~61713 workers=64 httpRetries=0
run=10 wall=59.3ms model=0.0ms tools=2596.7ms modelCalls=0 toolCalls=448 inputTokens=0 outputTokens=0 totalTokens=0 estContextLoadTokens~61713 workers=64 httpRetries=0
run=11 wall=58.1ms model=0.0ms tools=2408.3ms modelCalls=0 toolCalls=448 inputTokens=0 outputTokens=0 totalTokens=0 estContextLoadTokens~61713 workers=64 httpRetries=0
run=12 wall=59.9ms model=0.0ms tools=2488.4ms modelCalls=0 toolCalls=448 inputTokens=0 outputTokens=0 totalTokens=0 estContextLoadTokens~61713 workers=64 httpRetries=0
run=13 wall=56.3ms model=0.0ms tools=2408.1ms modelCalls=0 toolCalls=448 inputTokens=0 outputTokens=0 totalTokens=0 estContextLoadTokens~61713 workers=64 httpRetries=0
run=14 wall=58.7ms model=0.0ms tools=2613.1ms modelCalls=0 toolCalls=448 inputTokens=0 outputTokens=0 totalTokens=0 estContextLoadTokens~61713 workers=64 httpRetries=0
run=15 wall=81.4ms model=0.0ms tools=3481.5ms modelCalls=0 toolCalls=448 inputTokens=0 outputTokens=0 totalTokens=0 estContextLoadTokens~61713 workers=64 httpRetries=0
run=16 wall=68.4ms model=0.0ms tools=3078.4ms modelCalls=0 toolCalls=448 inputTokens=0 outputTokens=0 totalTokens=0 estContextLoadTokens~61713 workers=64 httpRetries=0
run=17 wall=76.1ms model=0.0ms tools=2914.8ms modelCalls=0 toolCalls=448 inputTokens=0 outputTokens=0 totalTokens=0 estContextLoadTokens~61713 workers=64 httpRetries=0
run=18 wall=59.6ms model=0.0ms tools=2674.7ms modelCalls=0 toolCalls=448 inputTokens=0 outputTokens=0 totalTokens=0 estContextLoadTokens~61713 workers=64 httpRetries=0
run=19 wall=52.5ms model=0.0ms tools=2295.1ms modelCalls=0 toolCalls=448 inputTokens=0 outputTokens=0 totalTokens=0 estContextLoadTokens~61713 workers=64 httpRetries=0
run=20 wall=67.8ms model=0.0ms tools=2979.7ms modelCalls=0 toolCalls=448 inputTokens=0 outputTokens=0 totalTokens=0 estContextLoadTokens~61713 workers=64 httpRetries=0
run=21 wall=55.1ms model=0.0ms tools=2318.8ms modelCalls=0 toolCalls=448 inputTokens=0 outputTokens=0 totalTokens=0 estContextLoadTokens~61713 workers=64 httpRetries=0
run=22 wall=59.1ms model=0.0ms tools=2519.8ms modelCalls=0 toolCalls=448 inputTokens=0 outputTokens=0 totalTokens=0 estContextLoadTokens~61713 workers=64 httpRetries=0
run=23 wall=56.6ms model=0.0ms tools=2470.1ms modelCalls=0 toolCalls=448 inputTokens=0 outputTokens=0 totalTokens=0 estContextLoadTokens~61713 workers=64 httpRetries=0
run=24 wall=60.3ms model=0.0ms tools=2556.6ms modelCalls=0 toolCalls=448 inputTokens=0 outputTokens=0 totalTokens=0 estContextLoadTokens~61713 workers=64 httpRetries=0
run=25 wall=62.9ms model=0.0ms tools=2837.1ms modelCalls=0 toolCalls=448 inputTokens=0 outputTokens=0 totalTokens=0 estContextLoadTokens~61713 workers=64 httpRetries=0
run=26 wall=69.4ms model=0.0ms tools=2691.2ms modelCalls=0 toolCalls=448 inputTokens=0 outputTokens=0 totalTokens=0 estContextLoadTokens~61713 workers=64 httpRetries=0
run=27 wall=61.6ms model=0.0ms tools=2588.0ms modelCalls=0 toolCalls=448 inputTokens=0 outputTokens=0 totalTokens=0 estContextLoadTokens~61713 workers=64 httpRetries=0
run=28 wall=58.0ms model=0.0ms tools=2362.7ms modelCalls=0 toolCalls=448 inputTokens=0 outputTokens=0 totalTokens=0 estContextLoadTokens~61713 workers=64 httpRetries=0
run=29 wall=58.9ms model=0.0ms tools=2526.2ms modelCalls=0 toolCalls=448 inputTokens=0 outputTokens=0 totalTokens=0 estContextLoadTokens~61713 workers=64 httpRetries=0
run=30 wall=59.2ms model=0.0ms tools=2526.9ms modelCalls=0 toolCalls=448 inputTokens=0 outputTokens=0 totalTokens=0 estContextLoadTokens~61713 workers=64 httpRetries=0

== Foundgine semantic flow ==
run=1 wall=88.5ms model=0.0ms tools=4090.6ms modelCalls=0 toolCalls=256 inputTokens=0 outputTokens=0 totalTokens=0 estContextLoadTokens~20215 workers=64 httpRetries=0
run=2 wall=114.6ms model=0.0ms tools=5598.0ms modelCalls=0 toolCalls=256 inputTokens=0 outputTokens=0 totalTokens=0 estContextLoadTokens~20215 workers=64 httpRetries=0
run=3 wall=85.5ms model=0.0ms tools=3999.8ms modelCalls=0 toolCalls=256 inputTokens=0 outputTokens=0 totalTokens=0 estContextLoadTokens~20215 workers=64 httpRetries=0
run=4 wall=78.1ms model=0.0ms tools=3306.6ms modelCalls=0 toolCalls=256 inputTokens=0 outputTokens=0 totalTokens=0 estContextLoadTokens~20215 workers=64 httpRetries=0
run=5 wall=87.2ms model=0.0ms tools=4070.0ms modelCalls=0 toolCalls=256 inputTokens=0 outputTokens=0 totalTokens=0 estContextLoadTokens~20215 workers=64 httpRetries=0
run=6 wall=105.7ms model=0.0ms tools=4805.5ms modelCalls=0 toolCalls=256 inputTokens=0 outputTokens=0 totalTokens=0 estContextLoadTokens~20215 workers=64 httpRetries=0
run=7 wall=84.1ms model=0.0ms tools=3742.9ms modelCalls=0 toolCalls=256 inputTokens=0 outputTokens=0 totalTokens=0 estContextLoadTokens~20215 workers=64 httpRetries=0
run=8 wall=81.8ms model=0.0ms tools=3733.2ms modelCalls=0 toolCalls=256 inputTokens=0 outputTokens=0 totalTokens=0 estContextLoadTokens~20215 workers=64 httpRetries=0
run=9 wall=105.1ms model=0.0ms tools=5283.9ms modelCalls=0 toolCalls=256 inputTokens=0 outputTokens=0 totalTokens=0 estContextLoadTokens~20215 workers=64 httpRetries=0
run=10 wall=89.4ms model=0.0ms tools=4045.4ms modelCalls=0 toolCalls=256 inputTokens=0 outputTokens=0 totalTokens=0 estContextLoadTokens~20215 workers=64 httpRetries=0
run=11 wall=91.7ms model=0.0ms tools=4357.0ms modelCalls=0 toolCalls=256 inputTokens=0 outputTokens=0 totalTokens=0 estContextLoadTokens~20215 workers=64 httpRetries=0
run=12 wall=86.1ms model=0.0ms tools=3886.4ms modelCalls=0 toolCalls=256 inputTokens=0 outputTokens=0 totalTokens=0 estContextLoadTokens~20215 workers=64 httpRetries=0
run=13 wall=81.4ms model=0.0ms tools=3757.3ms modelCalls=0 toolCalls=256 inputTokens=0 outputTokens=0 totalTokens=0 estContextLoadTokens~20215 workers=64 httpRetries=0
run=14 wall=80.3ms model=0.0ms tools=3734.4ms modelCalls=0 toolCalls=256 inputTokens=0 outputTokens=0 totalTokens=0 estContextLoadTokens~20215 workers=64 httpRetries=0
run=15 wall=79.8ms model=0.0ms tools=3622.2ms modelCalls=0 toolCalls=256 inputTokens=0 outputTokens=0 totalTokens=0 estContextLoadTokens~20215 workers=64 httpRetries=0
run=16 wall=81.4ms model=0.0ms tools=3256.9ms modelCalls=0 toolCalls=256 inputTokens=0 outputTokens=0 totalTokens=0 estContextLoadTokens~20215 workers=64 httpRetries=0
run=17 wall=95.0ms model=0.0ms tools=4637.1ms modelCalls=0 toolCalls=256 inputTokens=0 outputTokens=0 totalTokens=0 estContextLoadTokens~20215 workers=64 httpRetries=0
run=18 wall=78.3ms model=0.0ms tools=3682.8ms modelCalls=0 toolCalls=256 inputTokens=0 outputTokens=0 totalTokens=0 estContextLoadTokens~20215 workers=64 httpRetries=0
run=19 wall=76.4ms model=0.0ms tools=3557.8ms modelCalls=0 toolCalls=256 inputTokens=0 outputTokens=0 totalTokens=0 estContextLoadTokens~20215 workers=64 httpRetries=0
run=20 wall=72.9ms model=0.0ms tools=3297.2ms modelCalls=0 toolCalls=256 inputTokens=0 outputTokens=0 totalTokens=0 estContextLoadTokens~20215 workers=64 httpRetries=0
run=21 wall=79.2ms model=0.0ms tools=3661.8ms modelCalls=0 toolCalls=256 inputTokens=0 outputTokens=0 totalTokens=0 estContextLoadTokens~20215 workers=64 httpRetries=0
run=22 wall=73.3ms model=0.0ms tools=3231.8ms modelCalls=0 toolCalls=256 inputTokens=0 outputTokens=0 totalTokens=0 estContextLoadTokens~20215 workers=64 httpRetries=0
run=23 wall=74.4ms model=0.0ms tools=3437.0ms modelCalls=0 toolCalls=256 inputTokens=0 outputTokens=0 totalTokens=0 estContextLoadTokens~20215 workers=64 httpRetries=0
run=24 wall=73.5ms model=0.0ms tools=3391.6ms modelCalls=0 toolCalls=256 inputTokens=0 outputTokens=0 totalTokens=0 estContextLoadTokens~20215 workers=64 httpRetries=0
run=25 wall=72.3ms model=0.0ms tools=3100.8ms modelCalls=0 toolCalls=256 inputTokens=0 outputTokens=0 totalTokens=0 estContextLoadTokens~20215 workers=64 httpRetries=0
run=26 wall=81.9ms model=0.0ms tools=3759.0ms modelCalls=0 toolCalls=256 inputTokens=0 outputTokens=0 totalTokens=0 estContextLoadTokens~20215 workers=64 httpRetries=0
run=27 wall=74.6ms model=0.0ms tools=3227.4ms modelCalls=0 toolCalls=256 inputTokens=0 outputTokens=0 totalTokens=0 estContextLoadTokens~20215 workers=64 httpRetries=0
run=28 wall=78.8ms model=0.0ms tools=3574.3ms modelCalls=0 toolCalls=256 inputTokens=0 outputTokens=0 totalTokens=0 estContextLoadTokens~20215 workers=64 httpRetries=0
run=29 wall=73.1ms model=0.0ms tools=3434.2ms modelCalls=0 toolCalls=256 inputTokens=0 outputTokens=0 totalTokens=0 estContextLoadTokens~20215 workers=64 httpRetries=0
run=30 wall=74.4ms model=0.0ms tools=3067.8ms modelCalls=0 toolCalls=256 inputTokens=0 outputTokens=0 totalTokens=0 estContextLoadTokens~20215 workers=64 httpRetries=0

===============================================
 Comparison
===============================================
Token saving (provider-reported): N/A â?" replay mode reports no model token usage (run in 'live' mode for real numbers)
Token saving (estimated, heuristic): 67.2% â?" offline chars/words estimate of tool payload size, not a tokenizer count
Tool-call saving:   42.9%
Model-call saving:  0.0%
Wall-clock change:  29.5%
Same final state:   True
JSON report:        C:\Foundgine\benchmarks\AgentEndToEnd\Run3\artifacts\01000-customers\concurrency-064\agent-benchmark.json
Markdown report:    C:\Foundgine\benchmarks\AgentEndToEnd\Run3\artifacts\01000-customers\concurrency-064\agent-benchmark.md
Removing benchmark containers and PostgreSQL volume...
Starting PostgreSQL 17 benchmark container on host port 27988...
 Network foundgine-agent-e2e-run3_default Creating 
 Network foundgine-agent-e2e-run3_default Created 
 Volume foundgine-agent-e2e-run3_agent-e2e-postgres-data Creating 
 Volume foundgine-agent-e2e-run3_agent-e2e-postgres-data Created 
 Container foundgine-agent-e2e-run3-postgres-1 Creating 
 Container foundgine-agent-e2e-run3-postgres-1 Created 
 Container foundgine-agent-e2e-run3-postgres-1 Starting 
 Container foundgine-agent-e2e-run3-postgres-1 Started 
Waiting for PostgreSQL...
Seeding fixture: 10000 customers ...
Seeding 10,000 customers, 40,000 relationships, 120,000 contracts and 480,000 transactions...
