
============================================
 Foundgine Agent End-to-End Performance Run
============================================
Mode:                    replay
Customer tiers:          10, 100, 1000, 10000
Concurrency:             8, 16, 32, 64
Runs per tier:           30, 30, 30, 30
Warmups per flow:        5
Relationships/customer:  4
Contracts/relationship:  3
Transactions/contract:   4
Reports:                 C:\Foundgine\benchmarks\AgentEndToEnd\Run1\artifacts

Restoring benchmark projects...
  Determining projects to restore...
  All projects are up-to-date for restore.
  Determining projects to restore...
  All projects are up-to-date for restore.
Removing benchmark containers and PostgreSQL volume...
Removing benchmark containers and PostgreSQL volume...
Starting PostgreSQL 17 benchmark container on host port 59555...
 Network foundgine-agent-e2e-run1_default Creating 
 Network foundgine-agent-e2e-run1_default Created 
 Volume foundgine-agent-e2e-run1_agent-e2e-postgres-data Creating 
 Volume foundgine-agent-e2e-run1_agent-e2e-postgres-data Created 
 Container foundgine-agent-e2e-run1-postgres-1 Creating 
 Container foundgine-agent-e2e-run1-postgres-1 Created 
 Container foundgine-agent-e2e-run1-postgres-1 Starting 
 Container foundgine-agent-e2e-run1-postgres-1 Started 
Waiting for PostgreSQL...
Seeding fixture: 10 customers ...
Seeding 10 customers, 40 relationships, 120 contracts and 480 transactions...
Seeded: 10 customers, 40 relationships, 120 contracts, 480 transactions.
Benchmark graph for Customer 1: 4 relationships -> 12 contracts -> 48 transactions.
Customer 1 is the deterministic benchmark target.
Building and starting Foundgine warm benchmark API...
 Image foundgine-agent-e2e-run1-foundgine-warm Building 
#1 [internal] load local bake definitions
#1 reading from stdin 622B done
#1 DONE 0.0s

#2 [internal] load build definition from Dockerfile
#2 transferring dockerfile: 1.18kB done
#2 DONE 0.0s

#3 [internal] load metadata for mcr.microsoft.com/dotnet/aspnet:9.0
#3 DONE 0.2s

#4 [internal] load metadata for mcr.microsoft.com/dotnet/sdk:9.0
#4 DONE 0.3s

#5 [internal] load .dockerignore
#5 transferring context: 216B done
#5 DONE 0.0s

#6 [stage-1 1/4] FROM mcr.microsoft.com/dotnet/aspnet:9.0@sha256:4e376dd15bbc8437d4892367ab0ea06a3ac9fea482d10f92f3c493fe1a2219ad
#6 resolve mcr.microsoft.com/dotnet/aspnet:9.0@sha256:4e376dd15bbc8437d4892367ab0ea06a3ac9fea482d10f92f3c493fe1a2219ad 0.0s done
#6 DONE 0.0s

#7 [build 1/5] FROM mcr.microsoft.com/dotnet/sdk:9.0@sha256:35048e3a81e6a07c316e7bbbd80d80d2ba705fe5f23a8ed42b6638c8f4c20d30
#7 resolve mcr.microsoft.com/dotnet/sdk:9.0@sha256:35048e3a81e6a07c316e7bbbd80d80d2ba705fe5f23a8ed42b6638c8f4c20d30 0.0s done
#7 DONE 0.0s

#8 [internal] load build context
#8 transferring context: 88.32kB 0.1s done
#8 DONE 0.1s

#9 [build 2/5] WORKDIR /src
#9 CACHED

#10 [build 3/5] COPY . .
#10 DONE 0.2s

#11 [build 4/5] RUN dotnet restore     benchmarks/CoffeeBeanery.Performance/Foundgine.CoffeeBeanery.BenchmarkApi/Foundgine.CoffeeBeanery.BenchmarkApi.csproj
#11 0.762   Determining projects to restore...
#11 1.835   Restored /src/src/Foundgine.Planning/Foundgine.Planning.csproj (in 136 ms).
#11 1.835   Restored /src/src/Foundgine.Abstractions/Foundgine.Abstractions.csproj (in 123 ms).
#11 1.835   Restored /src/src/Foundgine.Execution/Foundgine.Execution.csproj (in 136 ms).
#11 1.835   Restored /src/src/Foundgine.Metadata/Foundgine.Metadata.csproj (in 136 ms).
#11 1.835   Restored /src/src/Foundgine.Semantics/Foundgine.Semantics.csproj (in 136 ms).
#11 1.835   Restored /src/src/Foundgine.Sql/Foundgine.Sql.csproj (in 136 ms).
#11 4.321   Restored /src/src/Foundgine.GraphQL.HotChocolate/Foundgine.GraphQL.HotChocolate.csproj (in 2.67 sec).
#11 4.321   Restored /src/src/Foundgine.GraphQL.HotChocolate.Mutations/Foundgine.GraphQL.HotChocolate.Mutations.csproj (in 2.67 sec).
#11 4.321   Restored /src/benchmarks/CoffeeBeanery.Performance/Foundgine.CoffeeBeanery.BenchmarkApi/Foundgine.CoffeeBeanery.BenchmarkApi.csproj (in 2.48 sec).
#11 DONE 4.4s

#12 [build 5/5] RUN dotnet publish     benchmarks/CoffeeBeanery.Performance/Foundgine.CoffeeBeanery.BenchmarkApi/Foundgine.CoffeeBeanery.BenchmarkApi.csproj     -c Release     -o /app/publish
#12 0.829   Determining projects to restore...
#12 1.977   All projects are up-to-date for restore.
#12 4.659   Foundgine.Abstractions -> /src/src/Foundgine.Abstractions/bin/Release/net9.0/Foundgine.Abstractions.dll
#12 5.317   Foundgine.Metadata -> /src/src/Foundgine.Metadata/bin/Release/net9.0/Foundgine.Metadata.dll
#12 5.492   Foundgine.Semantics -> /src/src/Foundgine.Semantics/bin/Release/net9.0/Foundgine.Semantics.dll
#12 6.126   Foundgine.GraphQL.HotChocolate -> /src/src/Foundgine.GraphQL.HotChocolate/bin/Release/net9.0/Foundgine.GraphQL.HotChocolate.dll
#12 6.242   Foundgine.Planning -> /src/src/Foundgine.Planning/bin/Release/net9.0/Foundgine.Planning.dll
#12 6.648   Foundgine.Execution -> /src/src/Foundgine.Execution/bin/Release/net9.0/Foundgine.Execution.dll
#12 7.270   Foundgine.GraphQL.HotChocolate.Mutations -> /src/src/Foundgine.GraphQL.HotChocolate.Mutations/bin/Release/net9.0/Foundgine.GraphQL.HotChocolate.Mutations.dll
#12 7.406   Foundgine.Sql -> /src/src/Foundgine.Sql/bin/Release/net9.0/Foundgine.Sql.dll
#12 8.286   Foundgine.CoffeeBeanery.BenchmarkApi -> /src/benchmarks/CoffeeBeanery.Performance/Foundgine.CoffeeBeanery.BenchmarkApi/bin/Release/net9.0/Foundgine.CoffeeBeanery.BenchmarkApi.dll
#12 8.344   Foundgine.CoffeeBeanery.BenchmarkApi -> /app/publish/
#12 DONE 8.4s

#13 [stage-1 2/4] RUN apt-get update     && apt-get install -y --no-install-recommends curl     && rm -rf /var/lib/apt/lists/*
#13 CACHED

#14 [stage-1 3/4] WORKDIR /app
#14 CACHED

#15 [stage-1 4/4] COPY --from=build /app/publish .
#15 CACHED

#16 exporting to image
#16 exporting layers done
#16 exporting manifest sha256:bdf27bd1d67c6ba0eca9e67581251d47037b2a157649a679a0cd39ebe9b6561e done
#16 exporting config sha256:71003dfe0894da665f90485559d342db4f82ba8fb907bea87fca8b46b1b5ea6a done
#16 exporting attestation manifest sha256:31cae4583bbff8cb4a0d40c19b5faa4aeb7ec1ae816271ac45c54a2559bfbd85 0.0s done
#16 exporting manifest list sha256:60c0ec3c4701fa621165b7bb4275aafc3dd96e62f5f85105bddb454933aed959
#16 exporting manifest list sha256:60c0ec3c4701fa621165b7bb4275aafc3dd96e62f5f85105bddb454933aed959 0.0s done
#16 naming to docker.io/library/foundgine-agent-e2e-run1-foundgine-warm:latest done
#16 unpacking to docker.io/library/foundgine-agent-e2e-run1-foundgine-warm:latest 0.0s done
#16 DONE 0.1s

#17 resolving provenance for metadata file
#17 DONE 0.0s
 Image foundgine-agent-e2e-run1-foundgine-warm Built 
 Container foundgine-agent-e2e-run1-foundgine-warm-1 Creating 
 Container foundgine-agent-e2e-run1-foundgine-warm-1 Created 
 Container foundgine-agent-e2e-run1-foundgine-warm-1 Starting 
 Container foundgine-agent-e2e-run1-foundgine-warm-1 Started 
Waiting for http://localhost:4302/health/ready ...

>>> Concurrency tier: 8

============================================
 Agent benchmark: 10 customers / 30 runs
============================================
C:\Program Files\dotnet\sdk\9.0.304\Microsoft.Common.CurrentVersion.targets(2433,5): warning MSB3277: Found conflicts between different versions of "Microsoft.EntityFrameworkCore.Relational" that could not be resolved. [C:\Foundgine\benchmarks\AgentEndToEnd\Run1\Foundgine.AgentEndToEnd.Benchmark.csproj]
C:\Program Files\dotnet\sdk\9.0.304\Microsoft.Common.CurrentVersion.targets(2433,5): warning MSB3277: There was a conflict between "Microsoft.EntityFrameworkCore.Relational, Version=9.0.1.0, Culture=neutral, PublicKeyToken=adb9793829ddae60" and "Microsoft.EntityFrameworkCore.Relational, Version=9.0.4.0, Culture=neutral, PublicKeyToken=adb9793829ddae60". [C:\Foundgine\benchmarks\AgentEndToEnd\Run1\Foundgine.AgentEndToEnd.Benchmark.csproj]
C:\Program Files\dotnet\sdk\9.0.304\Microsoft.Common.CurrentVersion.targets(2433,5): warning MSB3277:     "Microsoft.EntityFrameworkCore.Relational, Version=9.0.1.0, Culture=neutral, PublicKeyToken=adb9793829ddae60" was chosen because it was primary and "Microsoft.EntityFrameworkCore.Relational, Version=9.0.4.0, Culture=neutral, PublicKeyToken=adb9793829ddae60" was not. [C:\Foundgine\benchmarks\AgentEndToEnd\Run1\Foundgine.AgentEndToEnd.Benchmark.csproj]
C:\Program Files\dotnet\sdk\9.0.304\Microsoft.Common.CurrentVersion.targets(2433,5): warning MSB3277:     References which depend on "Microsoft.EntityFrameworkCore.Relational, Version=9.0.1.0, Culture=neutral, PublicKeyToken=adb9793829ddae60" [C:\Users\clbp_\.nuget\packages\microsoft.entityframeworkcore.relational\9.0.1\lib\net8.0\Microsoft.EntityFrameworkCore.Relational.dll]. [C:\Foundgine\benchmarks\AgentEndToEnd\Run1\Foundgine.AgentEndToEnd.Benchmark.csproj]
C:\Program Files\dotnet\sdk\9.0.304\Microsoft.Common.CurrentVersion.targets(2433,5): warning MSB3277:         C:\Users\clbp_\.nuget\packages\microsoft.entityframeworkcore.relational\9.0.1\lib\net8.0\Microsoft.EntityFrameworkCore.Relational.dll [C:\Foundgine\benchmarks\AgentEndToEnd\Run1\Foundgine.AgentEndToEnd.Benchmark.csproj]
C:\Program Files\dotnet\sdk\9.0.304\Microsoft.Common.CurrentVersion.targets(2433,5): warning MSB3277:           Project file item includes which caused reference "C:\Users\clbp_\.nuget\packages\microsoft.entityframeworkcore.relational\9.0.1\lib\net8.0\Microsoft.EntityFrameworkCore.Relational.dll". [C:\Foundgine\benchmarks\AgentEndToEnd\Run1\Foundgine.AgentEndToEnd.Benchmark.csproj]
C:\Program Files\dotnet\sdk\9.0.304\Microsoft.Common.CurrentVersion.targets(2433,5): warning MSB3277:             C:\Users\clbp_\.nuget\packages\microsoft.entityframeworkcore.relational\9.0.1\lib\net8.0\Microsoft.EntityFrameworkCore.Relational.dll [C:\Foundgine\benchmarks\AgentEndToEnd\Run1\Foundgine.AgentEndToEnd.Benchmark.csproj]
C:\Program Files\dotnet\sdk\9.0.304\Microsoft.Common.CurrentVersion.targets(2433,5): warning MSB3277:     References which depend on or have been unified to "Microsoft.EntityFrameworkCore.Relational, Version=9.0.4.0, Culture=neutral, PublicKeyToken=adb9793829ddae60" []. [C:\Foundgine\benchmarks\AgentEndToEnd\Run1\Foundgine.AgentEndToEnd.Benchmark.csproj]
C:\Program Files\dotnet\sdk\9.0.304\Microsoft.Common.CurrentVersion.targets(2433,5): warning MSB3277:         C:\Foundgine\benchmarks\CoffeeBeanery.Performance\CoffeeBeanery.Database\bin\Release\net9.0\CoffeeBeanery.Database.dll [C:\Foundgine\benchmarks\AgentEndToEnd\Run1\Foundgine.AgentEndToEnd.Benchmark.csproj]
C:\Program Files\dotnet\sdk\9.0.304\Microsoft.Common.CurrentVersion.targets(2433,5): warning MSB3277:           Project file item includes which caused reference "C:\Foundgine\benchmarks\CoffeeBeanery.Performance\CoffeeBeanery.Database\bin\Release\net9.0\CoffeeBeanery.Database.dll". [C:\Foundgine\benchmarks\AgentEndToEnd\Run1\Foundgine.AgentEndToEnd.Benchmark.csproj]
C:\Program Files\dotnet\sdk\9.0.304\Microsoft.Common.CurrentVersion.targets(2433,5): warning MSB3277:             C:\Foundgine\benchmarks\CoffeeBeanery.Performance\CoffeeBeanery.Database\bin\Release\net9.0\CoffeeBeanery.Database.dll [C:\Foundgine\benchmarks\AgentEndToEnd\Run1\Foundgine.AgentEndToEnd.Benchmark.csproj]
===============================================
 Foundgine / Agent End-to-End Benchmark
===============================================
Scenario:     customer-exposure-review
Mode:         replay
Warmups:      5
Measured:     30
Customer count: 10
Concurrency:  8
Targets:      1, 2, 3, 4, 5, 6, 7, 8
Threshold:    48,000

Fixture:      4 relationships / 12 contracts / 48 transactions
Baseline:     Customer 1 Benchmark

== Conventional application/AI flow ==
run=1 wall=14.8ms model=0.0ms tools=69.2ms modelCalls=0 toolCalls=56 inputTokens=0 outputTokens=0 totalTokens=0 estContextLoadTokens~7568 workers=8 httpRetries=0
run=2 wall=10.8ms model=0.0ms tools=67.9ms modelCalls=0 toolCalls=56 inputTokens=0 outputTokens=0 totalTokens=0 estContextLoadTokens~7568 workers=8 httpRetries=0
run=3 wall=12.3ms model=0.0ms tools=74.5ms modelCalls=0 toolCalls=56 inputTokens=0 outputTokens=0 totalTokens=0 estContextLoadTokens~7568 workers=8 httpRetries=0
run=4 wall=11.8ms model=0.0ms tools=73.9ms modelCalls=0 toolCalls=56 inputTokens=0 outputTokens=0 totalTokens=0 estContextLoadTokens~7568 workers=8 httpRetries=0
run=5 wall=11.6ms model=0.0ms tools=69.4ms modelCalls=0 toolCalls=56 inputTokens=0 outputTokens=0 totalTokens=0 estContextLoadTokens~7568 workers=8 httpRetries=0
run=6 wall=11.1ms model=0.0ms tools=67.1ms modelCalls=0 toolCalls=56 inputTokens=0 outputTokens=0 totalTokens=0 estContextLoadTokens~7568 workers=8 httpRetries=0
run=7 wall=12.4ms model=0.0ms tools=72.0ms modelCalls=0 toolCalls=56 inputTokens=0 outputTokens=0 totalTokens=0 estContextLoadTokens~7568 workers=8 httpRetries=0
run=8 wall=11.8ms model=0.0ms tools=74.0ms modelCalls=0 toolCalls=56 inputTokens=0 outputTokens=0 totalTokens=0 estContextLoadTokens~7568 workers=8 httpRetries=0
run=9 wall=10.7ms model=0.0ms tools=67.0ms modelCalls=0 toolCalls=56 inputTokens=0 outputTokens=0 totalTokens=0 estContextLoadTokens~7568 workers=8 httpRetries=0
run=10 wall=11.0ms model=0.0ms tools=70.5ms modelCalls=0 toolCalls=56 inputTokens=0 outputTokens=0 totalTokens=0 estContextLoadTokens~7568 workers=8 httpRetries=0
run=11 wall=11.7ms model=0.0ms tools=72.6ms modelCalls=0 toolCalls=56 inputTokens=0 outputTokens=0 totalTokens=0 estContextLoadTokens~7568 workers=8 httpRetries=0
run=12 wall=10.9ms model=0.0ms tools=66.0ms modelCalls=0 toolCalls=56 inputTokens=0 outputTokens=0 totalTokens=0 estContextLoadTokens~7568 workers=8 httpRetries=0
run=13 wall=13.6ms model=0.0ms tools=80.7ms modelCalls=0 toolCalls=56 inputTokens=0 outputTokens=0 totalTokens=0 estContextLoadTokens~7568 workers=8 httpRetries=0
run=14 wall=13.2ms model=0.0ms tools=79.4ms modelCalls=0 toolCalls=56 inputTokens=0 outputTokens=0 totalTokens=0 estContextLoadTokens~7568 workers=8 httpRetries=0
run=15 wall=13.3ms model=0.0ms tools=74.4ms modelCalls=0 toolCalls=56 inputTokens=0 outputTokens=0 totalTokens=0 estContextLoadTokens~7568 workers=8 httpRetries=0
run=16 wall=11.7ms model=0.0ms tools=70.2ms modelCalls=0 toolCalls=56 inputTokens=0 outputTokens=0 totalTokens=0 estContextLoadTokens~7568 workers=8 httpRetries=0
run=17 wall=12.4ms model=0.0ms tools=73.5ms modelCalls=0 toolCalls=56 inputTokens=0 outputTokens=0 totalTokens=0 estContextLoadTokens~7568 workers=8 httpRetries=0
run=18 wall=11.6ms model=0.0ms tools=68.9ms modelCalls=0 toolCalls=56 inputTokens=0 outputTokens=0 totalTokens=0 estContextLoadTokens~7568 workers=8 httpRetries=0
run=19 wall=11.1ms model=0.0ms tools=67.6ms modelCalls=0 toolCalls=56 inputTokens=0 outputTokens=0 totalTokens=0 estContextLoadTokens~7568 workers=8 httpRetries=0
run=20 wall=12.1ms model=0.0ms tools=72.6ms modelCalls=0 toolCalls=56 inputTokens=0 outputTokens=0 totalTokens=0 estContextLoadTokens~7568 workers=8 httpRetries=0
run=21 wall=11.3ms model=0.0ms tools=69.5ms modelCalls=0 toolCalls=56 inputTokens=0 outputTokens=0 totalTokens=0 estContextLoadTokens~7568 workers=8 httpRetries=0
run=22 wall=13.1ms model=0.0ms tools=79.3ms modelCalls=0 toolCalls=56 inputTokens=0 outputTokens=0 totalTokens=0 estContextLoadTokens~7568 workers=8 httpRetries=0
run=23 wall=13.2ms model=0.0ms tools=80.8ms modelCalls=0 toolCalls=56 inputTokens=0 outputTokens=0 totalTokens=0 estContextLoadTokens~7568 workers=8 httpRetries=0
run=24 wall=12.5ms model=0.0ms tools=75.0ms modelCalls=0 toolCalls=56 inputTokens=0 outputTokens=0 totalTokens=0 estContextLoadTokens~7568 workers=8 httpRetries=0
run=25 wall=12.1ms model=0.0ms tools=71.4ms modelCalls=0 toolCalls=56 inputTokens=0 outputTokens=0 totalTokens=0 estContextLoadTokens~7568 workers=8 httpRetries=0
run=26 wall=11.0ms model=0.0ms tools=69.5ms modelCalls=0 toolCalls=56 inputTokens=0 outputTokens=0 totalTokens=0 estContextLoadTokens~7568 workers=8 httpRetries=0
run=27 wall=12.3ms model=0.0ms tools=72.6ms modelCalls=0 toolCalls=56 inputTokens=0 outputTokens=0 totalTokens=0 estContextLoadTokens~7568 workers=8 httpRetries=0
run=28 wall=13.9ms model=0.0ms tools=86.0ms modelCalls=0 toolCalls=56 inputTokens=0 outputTokens=0 totalTokens=0 estContextLoadTokens~7568 workers=8 httpRetries=0
run=29 wall=13.7ms model=0.0ms tools=76.8ms modelCalls=0 toolCalls=56 inputTokens=0 outputTokens=0 totalTokens=0 estContextLoadTokens~7568 workers=8 httpRetries=0
run=30 wall=11.7ms model=0.0ms tools=72.4ms modelCalls=0 toolCalls=56 inputTokens=0 outputTokens=0 totalTokens=0 estContextLoadTokens~7568 workers=8 httpRetries=0

== Foundgine semantic flow ==
run=1 wall=19.3ms model=0.0ms tools=125.5ms modelCalls=0 toolCalls=32 inputTokens=0 outputTokens=0 totalTokens=0 estContextLoadTokens~4364 workers=8 httpRetries=0
run=2 wall=16.7ms model=0.0ms tools=108.9ms modelCalls=0 toolCalls=32 inputTokens=0 outputTokens=0 totalTokens=0 estContextLoadTokens~4364 workers=8 httpRetries=0
run=3 wall=20.8ms model=0.0ms tools=135.9ms modelCalls=0 toolCalls=32 inputTokens=0 outputTokens=0 totalTokens=0 estContextLoadTokens~4364 workers=8 httpRetries=0
run=4 wall=15.8ms model=0.0ms tools=101.4ms modelCalls=0 toolCalls=32 inputTokens=0 outputTokens=0 totalTokens=0 estContextLoadTokens~4364 workers=8 httpRetries=0
run=5 wall=16.9ms model=0.0ms tools=104.5ms modelCalls=0 toolCalls=32 inputTokens=0 outputTokens=0 totalTokens=0 estContextLoadTokens~4364 workers=8 httpRetries=0
run=6 wall=15.0ms model=0.0ms tools=88.2ms modelCalls=0 toolCalls=32 inputTokens=0 outputTokens=0 totalTokens=0 estContextLoadTokens~4364 workers=8 httpRetries=0
run=7 wall=16.6ms model=0.0ms tools=105.0ms modelCalls=0 toolCalls=32 inputTokens=0 outputTokens=0 totalTokens=0 estContextLoadTokens~4364 workers=8 httpRetries=0
run=8 wall=19.9ms model=0.0ms tools=122.3ms modelCalls=0 toolCalls=32 inputTokens=0 outputTokens=0 totalTokens=0 estContextLoadTokens~4364 workers=8 httpRetries=0
run=9 wall=25.8ms model=0.0ms tools=148.2ms modelCalls=0 toolCalls=32 inputTokens=0 outputTokens=0 totalTokens=0 estContextLoadTokens~4364 workers=8 httpRetries=0
run=10 wall=16.4ms model=0.0ms tools=98.5ms modelCalls=0 toolCalls=32 inputTokens=0 outputTokens=0 totalTokens=0 estContextLoadTokens~4364 workers=8 httpRetries=0
run=11 wall=18.9ms model=0.0ms tools=115.2ms modelCalls=0 toolCalls=32 inputTokens=0 outputTokens=0 totalTokens=0 estContextLoadTokens~4364 workers=8 httpRetries=0
run=12 wall=18.0ms model=0.0ms tools=110.4ms modelCalls=0 toolCalls=32 inputTokens=0 outputTokens=0 totalTokens=0 estContextLoadTokens~4364 workers=8 httpRetries=0
run=13 wall=15.7ms model=0.0ms tools=97.8ms modelCalls=0 toolCalls=32 inputTokens=0 outputTokens=0 totalTokens=0 estContextLoadTokens~4364 workers=8 httpRetries=0
run=14 wall=17.8ms model=0.0ms tools=112.0ms modelCalls=0 toolCalls=32 inputTokens=0 outputTokens=0 totalTokens=0 estContextLoadTokens~4364 workers=8 httpRetries=0
run=15 wall=15.7ms model=0.0ms tools=96.3ms modelCalls=0 toolCalls=32 inputTokens=0 outputTokens=0 totalTokens=0 estContextLoadTokens~4364 workers=8 httpRetries=0
run=16 wall=16.0ms model=0.0ms tools=99.3ms modelCalls=0 toolCalls=32 inputTokens=0 outputTokens=0 totalTokens=0 estContextLoadTokens~4364 workers=8 httpRetries=0
run=17 wall=16.7ms model=0.0ms tools=101.5ms modelCalls=0 toolCalls=32 inputTokens=0 outputTokens=0 totalTokens=0 estContextLoadTokens~4364 workers=8 httpRetries=0
run=18 wall=15.9ms model=0.0ms tools=102.4ms modelCalls=0 toolCalls=32 inputTokens=0 outputTokens=0 totalTokens=0 estContextLoadTokens~4364 workers=8 httpRetries=0
run=19 wall=14.7ms model=0.0ms tools=92.5ms modelCalls=0 toolCalls=32 inputTokens=0 outputTokens=0 totalTokens=0 estContextLoadTokens~4364 workers=8 httpRetries=0
run=20 wall=24.9ms model=0.0ms tools=121.3ms modelCalls=0 toolCalls=32 inputTokens=0 outputTokens=0 totalTokens=0 estContextLoadTokens~4364 workers=8 httpRetries=0
run=21 wall=25.7ms model=0.0ms tools=155.6ms modelCalls=0 toolCalls=32 inputTokens=0 outputTokens=0 totalTokens=0 estContextLoadTokens~4364 workers=8 httpRetries=0
run=22 wall=24.2ms model=0.0ms tools=152.7ms modelCalls=0 toolCalls=32 inputTokens=0 outputTokens=0 totalTokens=0 estContextLoadTokens~4364 workers=8 httpRetries=0
run=23 wall=25.2ms model=0.0ms tools=161.2ms modelCalls=0 toolCalls=32 inputTokens=0 outputTokens=0 totalTokens=0 estContextLoadTokens~4364 workers=8 httpRetries=0
run=24 wall=18.8ms model=0.0ms tools=111.9ms modelCalls=0 toolCalls=32 inputTokens=0 outputTokens=0 totalTokens=0 estContextLoadTokens~4364 workers=8 httpRetries=0
run=25 wall=24.4ms model=0.0ms tools=145.2ms modelCalls=0 toolCalls=32 inputTokens=0 outputTokens=0 totalTokens=0 estContextLoadTokens~4364 workers=8 httpRetries=0
run=26 wall=26.9ms model=0.0ms tools=161.5ms modelCalls=0 toolCalls=32 inputTokens=0 outputTokens=0 totalTokens=0 estContextLoadTokens~4364 workers=8 httpRetries=0
run=27 wall=27.6ms model=0.0ms tools=172.0ms modelCalls=0 toolCalls=32 inputTokens=0 outputTokens=0 totalTokens=0 estContextLoadTokens~4364 workers=8 httpRetries=0
run=28 wall=21.8ms model=0.0ms tools=126.4ms modelCalls=0 toolCalls=32 inputTokens=0 outputTokens=0 totalTokens=0 estContextLoadTokens~4364 workers=8 httpRetries=0
run=29 wall=20.2ms model=0.0ms tools=123.9ms modelCalls=0 toolCalls=32 inputTokens=0 outputTokens=0 totalTokens=0 estContextLoadTokens~4364 workers=8 httpRetries=0
run=30 wall=17.4ms model=0.0ms tools=110.2ms modelCalls=0 toolCalls=32 inputTokens=0 outputTokens=0 totalTokens=0 estContextLoadTokens~4364 workers=8 httpRetries=0

===============================================
 Comparison
===============================================
Token saving (provider-reported): N/A â?" replay mode reports no model token usage (run in 'live' mode for real numbers)
Token saving (estimated, heuristic): 42.3% â?" offline chars/words estimate of tool payload size, not a tokenizer count
Tool-call saving:   42.9%
Model-call saving:  0.0%
Wall-clock change:  61.8%
Same final state:   True
JSON report:        C:\Foundgine\benchmarks\AgentEndToEnd\Run1\artifacts\00010-customers\concurrency-008\agent-benchmark.json
Markdown report:    C:\Foundgine\benchmarks\AgentEndToEnd\Run1\artifacts\00010-customers\concurrency-008\agent-benchmark.md

>>> Concurrency tier: 16 (skipped: exceeds customer count 10)

>>> Concurrency tier: 32 (skipped: exceeds customer count 10)

>>> Concurrency tier: 64 (skipped: exceeds customer count 10)
Removing benchmark containers and PostgreSQL volume...
Starting PostgreSQL 17 benchmark container on host port 59616...
 Network foundgine-agent-e2e-run1_default Creating 
 Network foundgine-agent-e2e-run1_default Created 
 Volume foundgine-agent-e2e-run1_agent-e2e-postgres-data Creating 
 Volume foundgine-agent-e2e-run1_agent-e2e-postgres-data Created 
 Container foundgine-agent-e2e-run1-postgres-1 Creating 
 Container foundgine-agent-e2e-run1-postgres-1 Created 
 Container foundgine-agent-e2e-run1-postgres-1 Starting 
 Container foundgine-agent-e2e-run1-postgres-1 Started 
Waiting for PostgreSQL...
Seeding fixture: 100 customers ...
Seeding 100 customers, 400 relationships, 1,200 contracts and 4,800 transactions...
Seeded: 100 customers, 400 relationships, 1,200 contracts, 4,800 transactions.
Benchmark graph for Customer 1: 4 relationships -> 12 contracts -> 48 transactions.
Customer 1 is the deterministic benchmark target.
Building and starting Foundgine warm benchmark API...
 Image foundgine-agent-e2e-run1-foundgine-warm Building 
#1 [internal] load local bake definitions
#1 reading from stdin 622B done
#1 DONE 0.0s

#2 [internal] load build definition from Dockerfile
#2 transferring dockerfile: 1.18kB done
#2 DONE 0.0s

#3 [internal] load metadata for mcr.microsoft.com/dotnet/aspnet:9.0
#3 ...

#4 [internal] load metadata for mcr.microsoft.com/dotnet/sdk:9.0
#4 DONE 0.2s

#3 [internal] load metadata for mcr.microsoft.com/dotnet/aspnet:9.0
#3 DONE 0.3s

#5 [internal] load .dockerignore
#5 transferring context: 216B done
#5 DONE 0.0s

#6 [stage-1 1/4] FROM mcr.microsoft.com/dotnet/aspnet:9.0@sha256:4e376dd15bbc8437d4892367ab0ea06a3ac9fea482d10f92f3c493fe1a2219ad
#6 resolve mcr.microsoft.com/dotnet/aspnet:9.0@sha256:4e376dd15bbc8437d4892367ab0ea06a3ac9fea482d10f92f3c493fe1a2219ad 0.0s done
#6 DONE 0.0s

#7 [build 1/5] FROM mcr.microsoft.com/dotnet/sdk:9.0@sha256:35048e3a81e6a07c316e7bbbd80d80d2ba705fe5f23a8ed42b6638c8f4c20d30
#7 resolve mcr.microsoft.com/dotnet/sdk:9.0@sha256:35048e3a81e6a07c316e7bbbd80d80d2ba705fe5f23a8ed42b6638c8f4c20d30 0.0s done
#7 DONE 0.0s

#8 [internal] load build context
#8 transferring context: 161.09kB 0.1s done
#8 DONE 0.1s

#9 [build 2/5] WORKDIR /src
#9 CACHED

#10 [build 3/5] COPY . .
#10 DONE 0.2s

#11 [build 4/5] RUN dotnet restore     benchmarks/CoffeeBeanery.Performance/Foundgine.CoffeeBeanery.BenchmarkApi/Foundgine.CoffeeBeanery.BenchmarkApi.csproj
#11 0.667   Determining projects to restore...
#11 1.818   Restored /src/src/Foundgine.Semantics/Foundgine.Semantics.csproj (in 141 ms).
#11 1.818   Restored /src/src/Foundgine.Abstractions/Foundgine.Abstractions.csproj (in 139 ms).
#11 1.818   Restored /src/src/Foundgine.Metadata/Foundgine.Metadata.csproj (in 140 ms).
#11 1.818   Restored /src/src/Foundgine.Planning/Foundgine.Planning.csproj (in 140 ms).
#11 1.818   Restored /src/src/Foundgine.Sql/Foundgine.Sql.csproj (in 141 ms).
#11 1.818   Restored /src/src/Foundgine.Execution/Foundgine.Execution.csproj (in 140 ms).
#11 3.735   Restored /src/src/Foundgine.GraphQL.HotChocolate/Foundgine.GraphQL.HotChocolate.csproj (in 1.91 sec).
#11 3.735   Restored /src/benchmarks/CoffeeBeanery.Performance/Foundgine.CoffeeBeanery.BenchmarkApi/Foundgine.CoffeeBeanery.BenchmarkApi.csproj (in 2.13 sec).
#11 3.736   Restored /src/src/Foundgine.GraphQL.HotChocolate.Mutations/Foundgine.GraphQL.HotChocolate.Mutations.csproj (in 2.13 sec).
#11 DONE 3.9s

#12 [build 5/5] RUN dotnet publish     benchmarks/CoffeeBeanery.Performance/Foundgine.CoffeeBeanery.BenchmarkApi/Foundgine.CoffeeBeanery.BenchmarkApi.csproj     -c Release     -o /app/publish
#12 0.796   Determining projects to restore...
#12 1.990   All projects are up-to-date for restore.
#12 4.589   Foundgine.Abstractions -> /src/src/Foundgine.Abstractions/bin/Release/net9.0/Foundgine.Abstractions.dll
#12 5.195   Foundgine.Metadata -> /src/src/Foundgine.Metadata/bin/Release/net9.0/Foundgine.Metadata.dll
#12 5.394   Foundgine.Semantics -> /src/src/Foundgine.Semantics/bin/Release/net9.0/Foundgine.Semantics.dll
#12 6.078   Foundgine.GraphQL.HotChocolate -> /src/src/Foundgine.GraphQL.HotChocolate/bin/Release/net9.0/Foundgine.GraphQL.HotChocolate.dll
#12 6.221   Foundgine.Planning -> /src/src/Foundgine.Planning/bin/Release/net9.0/Foundgine.Planning.dll
#12 6.666   Foundgine.Execution -> /src/src/Foundgine.Execution/bin/Release/net9.0/Foundgine.Execution.dll
#12 7.140   Foundgine.GraphQL.HotChocolate.Mutations -> /src/src/Foundgine.GraphQL.HotChocolate.Mutations/bin/Release/net9.0/Foundgine.GraphQL.HotChocolate.Mutations.dll
#12 7.328   Foundgine.Sql -> /src/src/Foundgine.Sql/bin/Release/net9.0/Foundgine.Sql.dll
#12 8.269   Foundgine.CoffeeBeanery.BenchmarkApi -> /src/benchmarks/CoffeeBeanery.Performance/Foundgine.CoffeeBeanery.BenchmarkApi/bin/Release/net9.0/Foundgine.CoffeeBeanery.BenchmarkApi.dll
#12 8.329   Foundgine.CoffeeBeanery.BenchmarkApi -> /app/publish/
#12 DONE 8.4s

#13 [stage-1 2/4] RUN apt-get update     && apt-get install -y --no-install-recommends curl     && rm -rf /var/lib/apt/lists/*
#13 CACHED

#14 [stage-1 3/4] WORKDIR /app
#14 CACHED

#15 [stage-1 4/4] COPY --from=build /app/publish .
#15 CACHED

#16 exporting to image
#16 exporting layers done
#16 exporting manifest sha256:bdf27bd1d67c6ba0eca9e67581251d47037b2a157649a679a0cd39ebe9b6561e done
#16 exporting config sha256:71003dfe0894da665f90485559d342db4f82ba8fb907bea87fca8b46b1b5ea6a done
#16 exporting attestation manifest sha256:55a20edff0ed09f577b9fb889674d54ace63aa602622c748d8cec192247300dc 0.0s done
#16 exporting manifest list sha256:9ecc2d74f7620031b95723667a6ace51529452d2bfd9ff25b6dc329684383eea 0.0s done
#16 naming to docker.io/library/foundgine-agent-e2e-run1-foundgine-warm:latest 0.1s done
#16 unpacking to docker.io/library/foundgine-agent-e2e-run1-foundgine-warm:latest
#16 unpacking to docker.io/library/foundgine-agent-e2e-run1-foundgine-warm:latest done
#16 DONE 0.2s

#17 resolving provenance for metadata file
#17 DONE 0.0s
 Image foundgine-agent-e2e-run1-foundgine-warm Built 
 Container foundgine-agent-e2e-run1-foundgine-warm-1 Creating 
 Container foundgine-agent-e2e-run1-foundgine-warm-1 Created 
 Container foundgine-agent-e2e-run1-foundgine-warm-1 Starting 
 Container foundgine-agent-e2e-run1-foundgine-warm-1 Started 
Waiting for http://localhost:4302/health/ready ...

>>> Concurrency tier: 64

============================================
 Agent benchmark: 100 customers / 30 runs
============================================
C:\Program Files\dotnet\sdk\9.0.304\Microsoft.Common.CurrentVersion.targets(2433,5): warning MSB3277: Found conflicts between different versions of "Microsoft.EntityFrameworkCore.Relational" that could not be resolved. [C:\Foundgine\benchmarks\AgentEndToEnd\Run1\Foundgine.AgentEndToEnd.Benchmark.csproj]
C:\Program Files\dotnet\sdk\9.0.304\Microsoft.Common.CurrentVersion.targets(2433,5): warning MSB3277: There was a conflict between "Microsoft.EntityFrameworkCore.Relational, Version=9.0.1.0, Culture=neutral, PublicKeyToken=adb9793829ddae60" and "Microsoft.EntityFrameworkCore.Relational, Version=9.0.4.0, Culture=neutral, PublicKeyToken=adb9793829ddae60". [C:\Foundgine\benchmarks\AgentEndToEnd\Run1\Foundgine.AgentEndToEnd.Benchmark.csproj]
C:\Program Files\dotnet\sdk\9.0.304\Microsoft.Common.CurrentVersion.targets(2433,5): warning MSB3277:     "Microsoft.EntityFrameworkCore.Relational, Version=9.0.1.0, Culture=neutral, PublicKeyToken=adb9793829ddae60" was chosen because it was primary and "Microsoft.EntityFrameworkCore.Relational, Version=9.0.4.0, Culture=neutral, PublicKeyToken=adb9793829ddae60" was not. [C:\Foundgine\benchmarks\AgentEndToEnd\Run1\Foundgine.AgentEndToEnd.Benchmark.csproj]
C:\Program Files\dotnet\sdk\9.0.304\Microsoft.Common.CurrentVersion.targets(2433,5): warning MSB3277:     References which depend on "Microsoft.EntityFrameworkCore.Relational, Version=9.0.1.0, Culture=neutral, PublicKeyToken=adb9793829ddae60" [C:\Users\clbp_\.nuget\packages\microsoft.entityframeworkcore.relational\9.0.1\lib\net8.0\Microsoft.EntityFrameworkCore.Relational.dll]. [C:\Foundgine\benchmarks\AgentEndToEnd\Run1\Foundgine.AgentEndToEnd.Benchmark.csproj]
C:\Program Files\dotnet\sdk\9.0.304\Microsoft.Common.CurrentVersion.targets(2433,5): warning MSB3277:         C:\Users\clbp_\.nuget\packages\microsoft.entityframeworkcore.relational\9.0.1\lib\net8.0\Microsoft.EntityFrameworkCore.Relational.dll [C:\Foundgine\benchmarks\AgentEndToEnd\Run1\Foundgine.AgentEndToEnd.Benchmark.csproj]
C:\Program Files\dotnet\sdk\9.0.304\Microsoft.Common.CurrentVersion.targets(2433,5): warning MSB3277:           Project file item includes which caused reference "C:\Users\clbp_\.nuget\packages\microsoft.entityframeworkcore.relational\9.0.1\lib\net8.0\Microsoft.EntityFrameworkCore.Relational.dll". [C:\Foundgine\benchmarks\AgentEndToEnd\Run1\Foundgine.AgentEndToEnd.Benchmark.csproj]
C:\Program Files\dotnet\sdk\9.0.304\Microsoft.Common.CurrentVersion.targets(2433,5): warning MSB3277:             C:\Users\clbp_\.nuget\packages\microsoft.entityframeworkcore.relational\9.0.1\lib\net8.0\Microsoft.EntityFrameworkCore.Relational.dll [C:\Foundgine\benchmarks\AgentEndToEnd\Run1\Foundgine.AgentEndToEnd.Benchmark.csproj]
C:\Program Files\dotnet\sdk\9.0.304\Microsoft.Common.CurrentVersion.targets(2433,5): warning MSB3277:     References which depend on or have been unified to "Microsoft.EntityFrameworkCore.Relational, Version=9.0.4.0, Culture=neutral, PublicKeyToken=adb9793829ddae60" []. [C:\Foundgine\benchmarks\AgentEndToEnd\Run1\Foundgine.AgentEndToEnd.Benchmark.csproj]
C:\Program Files\dotnet\sdk\9.0.304\Microsoft.Common.CurrentVersion.targets(2433,5): warning MSB3277:         C:\Foundgine\benchmarks\CoffeeBeanery.Performance\CoffeeBeanery.Database\bin\Release\net9.0\CoffeeBeanery.Database.dll [C:\Foundgine\benchmarks\AgentEndToEnd\Run1\Foundgine.AgentEndToEnd.Benchmark.csproj]
C:\Program Files\dotnet\sdk\9.0.304\Microsoft.Common.CurrentVersion.targets(2433,5): warning MSB3277:           Project file item includes which caused reference "C:\Foundgine\benchmarks\CoffeeBeanery.Performance\CoffeeBeanery.Database\bin\Release\net9.0\CoffeeBeanery.Database.dll". [C:\Foundgine\benchmarks\AgentEndToEnd\Run1\Foundgine.AgentEndToEnd.Benchmark.csproj]
C:\Program Files\dotnet\sdk\9.0.304\Microsoft.Common.CurrentVersion.targets(2433,5): warning MSB3277:             C:\Foundgine\benchmarks\CoffeeBeanery.Performance\CoffeeBeanery.Database\bin\Release\net9.0\CoffeeBeanery.Database.dll [C:\Foundgine\benchmarks\AgentEndToEnd\Run1\Foundgine.AgentEndToEnd.Benchmark.csproj]
===============================================
 Foundgine / Agent End-to-End Benchmark
===============================================
Scenario:     customer-exposure-review
Mode:         replay
Warmups:      5
Measured:     30
Customer count: 100
Concurrency:  64
Targets:      1, 2, 3, 4, 5, 6, 7, 8, 9, 10, 11, 12, 13, 14, 15, 16, 17, 18, 19, 20, 21, 22, 23, 24, 25, 26, 27, 28, 29, 30, 31, 32, 33, 34, 35, 36, 37, 38, 39, 40, 41, 42, 43, 44, 45, 46, 47, 48, 49, 50, 51, 52, 53, 54, 55, 56, 57, 58, 59, 60, 61, 62, 63, 64
Threshold:    48,000

Fixture:      4 relationships / 12 contracts / 48 transactions
Baseline:     Customer 1 Benchmark

== Conventional application/AI flow ==
run=1 wall=62.7ms model=0.0ms tools=2684.8ms modelCalls=0 toolCalls=448 inputTokens=0 outputTokens=0 totalTokens=0 estContextLoadTokens~61713 workers=64 httpRetries=0
run=2 wall=61.7ms model=0.0ms tools=2449.0ms modelCalls=0 toolCalls=448 inputTokens=0 outputTokens=0 totalTokens=0 estContextLoadTokens~61713 workers=64 httpRetries=0
run=3 wall=134.3ms model=0.0ms tools=6082.1ms modelCalls=0 toolCalls=448 inputTokens=0 outputTokens=0 totalTokens=0 estContextLoadTokens~61713 workers=64 httpRetries=0
run=4 wall=50.6ms model=0.0ms tools=2140.9ms modelCalls=0 toolCalls=448 inputTokens=0 outputTokens=0 totalTokens=0 estContextLoadTokens~61713 workers=64 httpRetries=0
run=5 wall=77.9ms model=0.0ms tools=3223.7ms modelCalls=0 toolCalls=448 inputTokens=0 outputTokens=0 totalTokens=0 estContextLoadTokens~61713 workers=64 httpRetries=0
run=6 wall=67.2ms model=0.0ms tools=2950.0ms modelCalls=0 toolCalls=448 inputTokens=0 outputTokens=0 totalTokens=0 estContextLoadTokens~61713 workers=64 httpRetries=0
run=7 wall=51.2ms model=0.0ms tools=2104.2ms modelCalls=0 toolCalls=448 inputTokens=0 outputTokens=0 totalTokens=0 estContextLoadTokens~61713 workers=64 httpRetries=0
run=8 wall=51.3ms model=0.0ms tools=2268.9ms modelCalls=0 toolCalls=448 inputTokens=0 outputTokens=0 totalTokens=0 estContextLoadTokens~61713 workers=64 httpRetries=0
run=9 wall=134.7ms model=0.0ms tools=7517.6ms modelCalls=0 toolCalls=448 inputTokens=0 outputTokens=0 totalTokens=0 estContextLoadTokens~61713 workers=64 httpRetries=0
run=10 wall=68.5ms model=0.0ms tools=2846.9ms modelCalls=0 toolCalls=448 inputTokens=0 outputTokens=0 totalTokens=0 estContextLoadTokens~61713 workers=64 httpRetries=0
run=11 wall=49.9ms model=0.0ms tools=2128.3ms modelCalls=0 toolCalls=448 inputTokens=0 outputTokens=0 totalTokens=0 estContextLoadTokens~61713 workers=64 httpRetries=0
run=12 wall=49.4ms model=0.0ms tools=2132.0ms modelCalls=0 toolCalls=448 inputTokens=0 outputTokens=0 totalTokens=0 estContextLoadTokens~61713 workers=64 httpRetries=0
run=13 wall=49.8ms model=0.0ms tools=2156.3ms modelCalls=0 toolCalls=448 inputTokens=0 outputTokens=0 totalTokens=0 estContextLoadTokens~61713 workers=64 httpRetries=0
run=14 wall=52.1ms model=0.0ms tools=2350.8ms modelCalls=0 toolCalls=448 inputTokens=0 outputTokens=0 totalTokens=0 estContextLoadTokens~61713 workers=64 httpRetries=0
run=15 wall=132.7ms model=0.0ms tools=5825.7ms modelCalls=0 toolCalls=448 inputTokens=0 outputTokens=0 totalTokens=0 estContextLoadTokens~61713 workers=64 httpRetries=0
run=16 wall=54.6ms model=0.0ms tools=2417.6ms modelCalls=0 toolCalls=448 inputTokens=0 outputTokens=0 totalTokens=0 estContextLoadTokens~61713 workers=64 httpRetries=0
run=17 wall=57.2ms model=0.0ms tools=2481.1ms modelCalls=0 toolCalls=448 inputTokens=0 outputTokens=0 totalTokens=0 estContextLoadTokens~61713 workers=64 httpRetries=0
run=18 wall=54.3ms model=0.0ms tools=2288.0ms modelCalls=0 toolCalls=448 inputTokens=0 outputTokens=0 totalTokens=0 estContextLoadTokens~61713 workers=64 httpRetries=0
run=19 wall=55.5ms model=0.0ms tools=2342.7ms modelCalls=0 toolCalls=448 inputTokens=0 outputTokens=0 totalTokens=0 estContextLoadTokens~61713 workers=64 httpRetries=0
run=20 wall=57.2ms model=0.0ms tools=2672.9ms modelCalls=0 toolCalls=448 inputTokens=0 outputTokens=0 totalTokens=0 estContextLoadTokens~61713 workers=64 httpRetries=0
run=21 wall=50.8ms model=0.0ms tools=2196.3ms modelCalls=0 toolCalls=448 inputTokens=0 outputTokens=0 totalTokens=0 estContextLoadTokens~61713 workers=64 httpRetries=0
run=22 wall=191.3ms model=0.0ms tools=2542.6ms modelCalls=0 toolCalls=448 inputTokens=0 outputTokens=0 totalTokens=0 estContextLoadTokens~61713 workers=64 httpRetries=0
run=23 wall=82.5ms model=0.0ms tools=3462.7ms modelCalls=0 toolCalls=448 inputTokens=0 outputTokens=0 totalTokens=0 estContextLoadTokens~61713 workers=64 httpRetries=0
run=24 wall=64.6ms model=0.0ms tools=2980.2ms modelCalls=0 toolCalls=448 inputTokens=0 outputTokens=0 totalTokens=0 estContextLoadTokens~61713 workers=64 httpRetries=0
run=25 wall=74.3ms model=0.0ms tools=2972.9ms modelCalls=0 toolCalls=448 inputTokens=0 outputTokens=0 totalTokens=0 estContextLoadTokens~61713 workers=64 httpRetries=0
run=26 wall=135.5ms model=0.0ms tools=5483.0ms modelCalls=0 toolCalls=448 inputTokens=0 outputTokens=0 totalTokens=0 estContextLoadTokens~61713 workers=64 httpRetries=0
run=27 wall=60.9ms model=0.0ms tools=2626.8ms modelCalls=0 toolCalls=448 inputTokens=0 outputTokens=0 totalTokens=0 estContextLoadTokens~61713 workers=64 httpRetries=0
run=28 wall=52.4ms model=0.0ms tools=2227.0ms modelCalls=0 toolCalls=448 inputTokens=0 outputTokens=0 totalTokens=0 estContextLoadTokens~61713 workers=64 httpRetries=0
run=29 wall=50.2ms model=0.0ms tools=2123.8ms modelCalls=0 toolCalls=448 inputTokens=0 outputTokens=0 totalTokens=0 estContextLoadTokens~61713 workers=64 httpRetries=0
run=30 wall=50.2ms model=0.0ms tools=2126.0ms modelCalls=0 toolCalls=448 inputTokens=0 outputTokens=0 totalTokens=0 estContextLoadTokens~61713 workers=64 httpRetries=0

== Foundgine semantic flow ==
run=1 wall=74.5ms model=0.0ms tools=3379.2ms modelCalls=0 toolCalls=256 inputTokens=0 outputTokens=0 totalTokens=0 estContextLoadTokens~35144 workers=64 httpRetries=0
run=2 wall=81.0ms model=0.0ms tools=3735.9ms modelCalls=0 toolCalls=256 inputTokens=0 outputTokens=0 totalTokens=0 estContextLoadTokens~35144 workers=64 httpRetries=0
run=3 wall=86.8ms model=0.0ms tools=4058.2ms modelCalls=0 toolCalls=256 inputTokens=0 outputTokens=0 totalTokens=0 estContextLoadTokens~35144 workers=64 httpRetries=0
run=4 wall=83.4ms model=0.0ms tools=4071.8ms modelCalls=0 toolCalls=256 inputTokens=0 outputTokens=0 totalTokens=0 estContextLoadTokens~35144 workers=64 httpRetries=0
run=5 wall=70.4ms model=0.0ms tools=3065.7ms modelCalls=0 toolCalls=256 inputTokens=0 outputTokens=0 totalTokens=0 estContextLoadTokens~35144 workers=64 httpRetries=0
run=6 wall=70.0ms model=0.0ms tools=3156.3ms modelCalls=0 toolCalls=256 inputTokens=0 outputTokens=0 totalTokens=0 estContextLoadTokens~35144 workers=64 httpRetries=0
run=7 wall=86.8ms model=0.0ms tools=4283.4ms modelCalls=0 toolCalls=256 inputTokens=0 outputTokens=0 totalTokens=0 estContextLoadTokens~35144 workers=64 httpRetries=0
run=8 wall=74.4ms model=0.0ms tools=3679.5ms modelCalls=0 toolCalls=256 inputTokens=0 outputTokens=0 totalTokens=0 estContextLoadTokens~35144 workers=64 httpRetries=0
run=9 wall=100.0ms model=0.0ms tools=4771.5ms modelCalls=0 toolCalls=256 inputTokens=0 outputTokens=0 totalTokens=0 estContextLoadTokens~35144 workers=64 httpRetries=0
run=10 wall=86.9ms model=0.0ms tools=4094.7ms modelCalls=0 toolCalls=256 inputTokens=0 outputTokens=0 totalTokens=0 estContextLoadTokens~35144 workers=64 httpRetries=0
run=11 wall=91.4ms model=0.0ms tools=4284.1ms modelCalls=0 toolCalls=256 inputTokens=0 outputTokens=0 totalTokens=0 estContextLoadTokens~35144 workers=64 httpRetries=0
run=12 wall=81.7ms model=0.0ms tools=3850.9ms modelCalls=0 toolCalls=256 inputTokens=0 outputTokens=0 totalTokens=0 estContextLoadTokens~35144 workers=64 httpRetries=0
run=13 wall=91.2ms model=0.0ms tools=4355.7ms modelCalls=0 toolCalls=256 inputTokens=0 outputTokens=0 totalTokens=0 estContextLoadTokens~35144 workers=64 httpRetries=0
run=14 wall=76.0ms model=0.0ms tools=3535.4ms modelCalls=0 toolCalls=256 inputTokens=0 outputTokens=0 totalTokens=0 estContextLoadTokens~35144 workers=64 httpRetries=0
run=15 wall=84.7ms model=0.0ms tools=3703.0ms modelCalls=0 toolCalls=256 inputTokens=0 outputTokens=0 totalTokens=0 estContextLoadTokens~35144 workers=64 httpRetries=0
run=16 wall=82.3ms model=0.0ms tools=3886.8ms modelCalls=0 toolCalls=256 inputTokens=0 outputTokens=0 totalTokens=0 estContextLoadTokens~35144 workers=64 httpRetries=0
run=17 wall=83.6ms model=0.0ms tools=3930.8ms modelCalls=0 toolCalls=256 inputTokens=0 outputTokens=0 totalTokens=0 estContextLoadTokens~35144 workers=64 httpRetries=0
run=18 wall=65.9ms model=0.0ms tools=3006.8ms modelCalls=0 toolCalls=256 inputTokens=0 outputTokens=0 totalTokens=0 estContextLoadTokens~35144 workers=64 httpRetries=0
run=19 wall=73.0ms model=0.0ms tools=3156.8ms modelCalls=0 toolCalls=256 inputTokens=0 outputTokens=0 totalTokens=0 estContextLoadTokens~35144 workers=64 httpRetries=0
run=20 wall=86.6ms model=0.0ms tools=3858.9ms modelCalls=0 toolCalls=256 inputTokens=0 outputTokens=0 totalTokens=0 estContextLoadTokens~35144 workers=64 httpRetries=0
run=21 wall=64.1ms model=0.0ms tools=2911.1ms modelCalls=0 toolCalls=256 inputTokens=0 outputTokens=0 totalTokens=0 estContextLoadTokens~35144 workers=64 httpRetries=0
run=22 wall=72.1ms model=0.0ms tools=3444.0ms modelCalls=0 toolCalls=256 inputTokens=0 outputTokens=0 totalTokens=0 estContextLoadTokens~35144 workers=64 httpRetries=0
run=23 wall=62.1ms model=0.0ms tools=2804.7ms modelCalls=0 toolCalls=256 inputTokens=0 outputTokens=0 totalTokens=0 estContextLoadTokens~35144 workers=64 httpRetries=0
run=24 wall=67.8ms model=0.0ms tools=2896.7ms modelCalls=0 toolCalls=256 inputTokens=0 outputTokens=0 totalTokens=0 estContextLoadTokens~35144 workers=64 httpRetries=0
run=25 wall=87.5ms model=0.0ms tools=4170.5ms modelCalls=0 toolCalls=256 inputTokens=0 outputTokens=0 totalTokens=0 estContextLoadTokens~35144 workers=64 httpRetries=0
run=26 wall=73.9ms model=0.0ms tools=3055.0ms modelCalls=0 toolCalls=256 inputTokens=0 outputTokens=0 totalTokens=0 estContextLoadTokens~35144 workers=64 httpRetries=0
run=27 wall=73.6ms model=0.0ms tools=3348.2ms modelCalls=0 toolCalls=256 inputTokens=0 outputTokens=0 totalTokens=0 estContextLoadTokens~35144 workers=64 httpRetries=0
run=28 wall=67.1ms model=0.0ms tools=3100.2ms modelCalls=0 toolCalls=256 inputTokens=0 outputTokens=0 totalTokens=0 estContextLoadTokens~35144 workers=64 httpRetries=0
run=29 wall=70.8ms model=0.0ms tools=3213.9ms modelCalls=0 toolCalls=256 inputTokens=0 outputTokens=0 totalTokens=0 estContextLoadTokens~35144 workers=64 httpRetries=0
run=30 wall=66.0ms model=0.0ms tools=2920.9ms modelCalls=0 toolCalls=256 inputTokens=0 outputTokens=0 totalTokens=0 estContextLoadTokens~35144 workers=64 httpRetries=0

===============================================
 Comparison
===============================================
Token saving (provider-reported): N/A â?" replay mode reports no model token usage (run in 'live' mode for real numbers)
Token saving (estimated, heuristic): 43.1% â?" offline chars/words estimate of tool payload size, not a tokenizer count
Tool-call saving:   42.9%
Model-call saving:  0.0%
Wall-clock change:  6.9%
Same final state:   True
JSON report:        C:\Foundgine\benchmarks\AgentEndToEnd\Run1\artifacts\00100-customers\concurrency-064\agent-benchmark.json
Markdown report:    C:\Foundgine\benchmarks\AgentEndToEnd\Run1\artifacts\00100-customers\concurrency-064\agent-benchmark.md
Removing benchmark containers and PostgreSQL volume...
Starting PostgreSQL 17 benchmark container on host port 62274...
 Network foundgine-agent-e2e-run1_default Creating 
 Network foundgine-agent-e2e-run1_default Created 
 Volume foundgine-agent-e2e-run1_agent-e2e-postgres-data Creating 
 Volume foundgine-agent-e2e-run1_agent-e2e-postgres-data Created 
 Container foundgine-agent-e2e-run1-postgres-1 Creating 
 Container foundgine-agent-e2e-run1-postgres-1 Created 
 Container foundgine-agent-e2e-run1-postgres-1 Starting 
 Container foundgine-agent-e2e-run1-postgres-1 Started 
Waiting for PostgreSQL...
Seeding fixture: 1000 customers ...
Seeding 1,000 customers, 4,000 relationships, 12,000 contracts and 48,000 transactions...
Seeded: 1,000 customers, 4,000 relationships, 12,000 contracts, 48,000 transactions.
Benchmark graph for Customer 1: 4 relationships -> 12 contracts -> 48 transactions.
Customer 1 is the deterministic benchmark target.
Building and starting Foundgine warm benchmark API...
 Image foundgine-agent-e2e-run1-foundgine-warm Building 
#1 [internal] load local bake definitions
#1 reading from stdin 622B done
#1 DONE 0.0s

#2 [internal] load build definition from Dockerfile
#2 transferring dockerfile: 1.18kB done
#2 DONE 0.0s

#3 [internal] load metadata for mcr.microsoft.com/dotnet/sdk:9.0
#3 ...

#4 [internal] load metadata for mcr.microsoft.com/dotnet/aspnet:9.0
#4 DONE 0.2s

#3 [internal] load metadata for mcr.microsoft.com/dotnet/sdk:9.0
#3 DONE 0.2s

#5 [internal] load .dockerignore
#5 transferring context: 216B done
#5 DONE 0.0s

#6 [stage-1 1/4] FROM mcr.microsoft.com/dotnet/aspnet:9.0@sha256:4e376dd15bbc8437d4892367ab0ea06a3ac9fea482d10f92f3c493fe1a2219ad
#6 resolve mcr.microsoft.com/dotnet/aspnet:9.0@sha256:4e376dd15bbc8437d4892367ab0ea06a3ac9fea482d10f92f3c493fe1a2219ad 0.0s done
#6 DONE 0.0s

#7 [build 1/5] FROM mcr.microsoft.com/dotnet/sdk:9.0@sha256:35048e3a81e6a07c316e7bbbd80d80d2ba705fe5f23a8ed42b6638c8f4c20d30
#7 resolve mcr.microsoft.com/dotnet/sdk:9.0@sha256:35048e3a81e6a07c316e7bbbd80d80d2ba705fe5f23a8ed42b6638c8f4c20d30 0.0s done
#7 DONE 0.0s

#8 [internal] load build context
#8 transferring context: 184.92kB 0.1s done
#8 DONE 0.1s

#9 [build 2/5] WORKDIR /src
#9 CACHED

#10 [build 3/5] COPY . .
#10 DONE 1.2s

#11 [build 4/5] RUN dotnet restore     benchmarks/CoffeeBeanery.Performance/Foundgine.CoffeeBeanery.BenchmarkApi/Foundgine.CoffeeBeanery.BenchmarkApi.csproj
#11 0.659   Determining projects to restore...
#11 1.738   Restored /src/src/Foundgine.Abstractions/Foundgine.Abstractions.csproj (in 120 ms).
#11 1.738   Restored /src/src/Foundgine.Execution/Foundgine.Execution.csproj (in 132 ms).
#11 1.738   Restored /src/src/Foundgine.Semantics/Foundgine.Semantics.csproj (in 131 ms).
#11 1.738   Restored /src/src/Foundgine.Sql/Foundgine.Sql.csproj (in 132 ms).
#11 1.738   Restored /src/src/Foundgine.Metadata/Foundgine.Metadata.csproj (in 132 ms).
#11 1.738   Restored /src/src/Foundgine.Planning/Foundgine.Planning.csproj (in 131 ms).
#11 4.543   Restored /src/src/Foundgine.GraphQL.HotChocolate.Mutations/Foundgine.GraphQL.HotChocolate.Mutations.csproj (in 2.8 sec).
#11 4.543   Restored /src/src/Foundgine.GraphQL.HotChocolate/Foundgine.GraphQL.HotChocolate.csproj (in 2.98 sec).
#11 4.543   Restored /src/benchmarks/CoffeeBeanery.Performance/Foundgine.CoffeeBeanery.BenchmarkApi/Foundgine.CoffeeBeanery.BenchmarkApi.csproj (in 2.98 sec).
#11 DONE 4.9s

#12 [build 5/5] RUN dotnet publish     benchmarks/CoffeeBeanery.Performance/Foundgine.CoffeeBeanery.BenchmarkApi/Foundgine.CoffeeBeanery.BenchmarkApi.csproj     -c Release     -o /app/publish
#12 0.886   Determining projects to restore...
#12 1.914   All projects are up-to-date for restore.
#12 4.271   Foundgine.Abstractions -> /src/src/Foundgine.Abstractions/bin/Release/net9.0/Foundgine.Abstractions.dll
#12 4.841   Foundgine.Metadata -> /src/src/Foundgine.Metadata/bin/Release/net9.0/Foundgine.Metadata.dll
#12 4.983   Foundgine.Semantics -> /src/src/Foundgine.Semantics/bin/Release/net9.0/Foundgine.Semantics.dll
#12 5.596   Foundgine.GraphQL.HotChocolate -> /src/src/Foundgine.GraphQL.HotChocolate/bin/Release/net9.0/Foundgine.GraphQL.HotChocolate.dll
#12 5.637   Foundgine.Planning -> /src/src/Foundgine.Planning/bin/Release/net9.0/Foundgine.Planning.dll
#12 6.085   Foundgine.Execution -> /src/src/Foundgine.Execution/bin/Release/net9.0/Foundgine.Execution.dll
#12 6.643   Foundgine.GraphQL.HotChocolate.Mutations -> /src/src/Foundgine.GraphQL.HotChocolate.Mutations/bin/Release/net9.0/Foundgine.GraphQL.HotChocolate.Mutations.dll
#12 6.782   Foundgine.Sql -> /src/src/Foundgine.Sql/bin/Release/net9.0/Foundgine.Sql.dll
#12 7.706   Foundgine.CoffeeBeanery.BenchmarkApi -> /src/benchmarks/CoffeeBeanery.Performance/Foundgine.CoffeeBeanery.BenchmarkApi/bin/Release/net9.0/Foundgine.CoffeeBeanery.BenchmarkApi.dll
#12 7.760   Foundgine.CoffeeBeanery.BenchmarkApi -> /app/publish/
#12 DONE 8.0s

#13 [stage-1 2/4] RUN apt-get update     && apt-get install -y --no-install-recommends curl     && rm -rf /var/lib/apt/lists/*
#13 CACHED

#14 [stage-1 3/4] WORKDIR /app
#14 CACHED

#15 [stage-1 4/4] COPY --from=build /app/publish .
#15 CACHED

#16 exporting to image
#16 exporting layers done
#16 exporting manifest sha256:bdf27bd1d67c6ba0eca9e67581251d47037b2a157649a679a0cd39ebe9b6561e done
#16 exporting config sha256:71003dfe0894da665f90485559d342db4f82ba8fb907bea87fca8b46b1b5ea6a done
#16 exporting attestation manifest sha256:71cd00c55ff611ec1a0c6ca71d88fb93fef8af9ca1bbe85052924cdc09c37de0 0.1s done
#16 exporting manifest list sha256:2a85fd991fa410fb468ddc10a0835033978ee80eebab5e4ea3509850f2316340
#16 exporting manifest list sha256:2a85fd991fa410fb468ddc10a0835033978ee80eebab5e4ea3509850f2316340 0.0s done
#16 naming to docker.io/library/foundgine-agent-e2e-run1-foundgine-warm:latest done
#16 unpacking to docker.io/library/foundgine-agent-e2e-run1-foundgine-warm:latest 0.0s done
#16 DONE 0.2s

#17 resolving provenance for metadata file
#17 DONE 0.0s
 Image foundgine-agent-e2e-run1-foundgine-warm Built 
 Container foundgine-agent-e2e-run1-foundgine-warm-1 Creating 
 Container foundgine-agent-e2e-run1-foundgine-warm-1 Created 
 Container foundgine-agent-e2e-run1-foundgine-warm-1 Starting 
 Container foundgine-agent-e2e-run1-foundgine-warm-1 Started 
Waiting for http://localhost:4302/health/ready ...

>>> Concurrency tier: 64

============================================
 Agent benchmark: 1000 customers / 30 runs
============================================
C:\Program Files\dotnet\sdk\9.0.304\Microsoft.Common.CurrentVersion.targets(2433,5): warning MSB3277: Found conflicts between different versions of "Microsoft.EntityFrameworkCore.Relational" that could not be resolved. [C:\Foundgine\benchmarks\AgentEndToEnd\Run1\Foundgine.AgentEndToEnd.Benchmark.csproj]
C:\Program Files\dotnet\sdk\9.0.304\Microsoft.Common.CurrentVersion.targets(2433,5): warning MSB3277: There was a conflict between "Microsoft.EntityFrameworkCore.Relational, Version=9.0.1.0, Culture=neutral, PublicKeyToken=adb9793829ddae60" and "Microsoft.EntityFrameworkCore.Relational, Version=9.0.4.0, Culture=neutral, PublicKeyToken=adb9793829ddae60". [C:\Foundgine\benchmarks\AgentEndToEnd\Run1\Foundgine.AgentEndToEnd.Benchmark.csproj]
C:\Program Files\dotnet\sdk\9.0.304\Microsoft.Common.CurrentVersion.targets(2433,5): warning MSB3277:     "Microsoft.EntityFrameworkCore.Relational, Version=9.0.1.0, Culture=neutral, PublicKeyToken=adb9793829ddae60" was chosen because it was primary and "Microsoft.EntityFrameworkCore.Relational, Version=9.0.4.0, Culture=neutral, PublicKeyToken=adb9793829ddae60" was not. [C:\Foundgine\benchmarks\AgentEndToEnd\Run1\Foundgine.AgentEndToEnd.Benchmark.csproj]
C:\Program Files\dotnet\sdk\9.0.304\Microsoft.Common.CurrentVersion.targets(2433,5): warning MSB3277:     References which depend on "Microsoft.EntityFrameworkCore.Relational, Version=9.0.1.0, Culture=neutral, PublicKeyToken=adb9793829ddae60" [C:\Users\clbp_\.nuget\packages\microsoft.entityframeworkcore.relational\9.0.1\lib\net8.0\Microsoft.EntityFrameworkCore.Relational.dll]. [C:\Foundgine\benchmarks\AgentEndToEnd\Run1\Foundgine.AgentEndToEnd.Benchmark.csproj]
C:\Program Files\dotnet\sdk\9.0.304\Microsoft.Common.CurrentVersion.targets(2433,5): warning MSB3277:         C:\Users\clbp_\.nuget\packages\microsoft.entityframeworkcore.relational\9.0.1\lib\net8.0\Microsoft.EntityFrameworkCore.Relational.dll [C:\Foundgine\benchmarks\AgentEndToEnd\Run1\Foundgine.AgentEndToEnd.Benchmark.csproj]
C:\Program Files\dotnet\sdk\9.0.304\Microsoft.Common.CurrentVersion.targets(2433,5): warning MSB3277:           Project file item includes which caused reference "C:\Users\clbp_\.nuget\packages\microsoft.entityframeworkcore.relational\9.0.1\lib\net8.0\Microsoft.EntityFrameworkCore.Relational.dll". [C:\Foundgine\benchmarks\AgentEndToEnd\Run1\Foundgine.AgentEndToEnd.Benchmark.csproj]
C:\Program Files\dotnet\sdk\9.0.304\Microsoft.Common.CurrentVersion.targets(2433,5): warning MSB3277:             C:\Users\clbp_\.nuget\packages\microsoft.entityframeworkcore.relational\9.0.1\lib\net8.0\Microsoft.EntityFrameworkCore.Relational.dll [C:\Foundgine\benchmarks\AgentEndToEnd\Run1\Foundgine.AgentEndToEnd.Benchmark.csproj]
C:\Program Files\dotnet\sdk\9.0.304\Microsoft.Common.CurrentVersion.targets(2433,5): warning MSB3277:     References which depend on or have been unified to "Microsoft.EntityFrameworkCore.Relational, Version=9.0.4.0, Culture=neutral, PublicKeyToken=adb9793829ddae60" []. [C:\Foundgine\benchmarks\AgentEndToEnd\Run1\Foundgine.AgentEndToEnd.Benchmark.csproj]
C:\Program Files\dotnet\sdk\9.0.304\Microsoft.Common.CurrentVersion.targets(2433,5): warning MSB3277:         C:\Foundgine\benchmarks\CoffeeBeanery.Performance\CoffeeBeanery.Database\bin\Release\net9.0\CoffeeBeanery.Database.dll [C:\Foundgine\benchmarks\AgentEndToEnd\Run1\Foundgine.AgentEndToEnd.Benchmark.csproj]
C:\Program Files\dotnet\sdk\9.0.304\Microsoft.Common.CurrentVersion.targets(2433,5): warning MSB3277:           Project file item includes which caused reference "C:\Foundgine\benchmarks\CoffeeBeanery.Performance\CoffeeBeanery.Database\bin\Release\net9.0\CoffeeBeanery.Database.dll". [C:\Foundgine\benchmarks\AgentEndToEnd\Run1\Foundgine.AgentEndToEnd.Benchmark.csproj]
C:\Program Files\dotnet\sdk\9.0.304\Microsoft.Common.CurrentVersion.targets(2433,5): warning MSB3277:             C:\Foundgine\benchmarks\CoffeeBeanery.Performance\CoffeeBeanery.Database\bin\Release\net9.0\CoffeeBeanery.Database.dll [C:\Foundgine\benchmarks\AgentEndToEnd\Run1\Foundgine.AgentEndToEnd.Benchmark.csproj]
===============================================
 Foundgine / Agent End-to-End Benchmark
===============================================
Scenario:     customer-exposure-review
Mode:         replay
Warmups:      5
Measured:     30
Customer count: 1000
Concurrency:  64
Targets:      1, 2, 3, 4, 5, 6, 7, 8, 9, 10, 11, 12, 13, 14, 15, 16, 17, 18, 19, 20, 21, 22, 23, 24, 25, 26, 27, 28, 29, 30, 31, 32, 33, 34, 35, 36, 37, 38, 39, 40, 41, 42, 43, 44, 45, 46, 47, 48, 49, 50, 51, 52, 53, 54, 55, 56, 57, 58, 59, 60, 61, 62, 63, 64
Threshold:    48,000

Fixture:      4 relationships / 12 contracts / 48 transactions
Baseline:     Customer 1 Benchmark

== Conventional application/AI flow ==
run=1 wall=135.0ms model=0.0ms tools=7420.2ms modelCalls=0 toolCalls=448 inputTokens=0 outputTokens=0 totalTokens=0 estContextLoadTokens~61713 workers=64 httpRetries=0
run=2 wall=68.6ms model=0.0ms tools=2943.1ms modelCalls=0 toolCalls=448 inputTokens=0 outputTokens=0 totalTokens=0 estContextLoadTokens~61713 workers=64 httpRetries=0
run=3 wall=72.3ms model=0.0ms tools=2964.9ms modelCalls=0 toolCalls=448 inputTokens=0 outputTokens=0 totalTokens=0 estContextLoadTokens~61713 workers=64 httpRetries=0
run=4 wall=69.5ms model=0.0ms tools=2839.9ms modelCalls=0 toolCalls=448 inputTokens=0 outputTokens=0 totalTokens=0 estContextLoadTokens~61713 workers=64 httpRetries=0
run=5 wall=59.0ms model=0.0ms tools=2546.3ms modelCalls=0 toolCalls=448 inputTokens=0 outputTokens=0 totalTokens=0 estContextLoadTokens~61713 workers=64 httpRetries=0
run=6 wall=70.4ms model=0.0ms tools=2991.2ms modelCalls=0 toolCalls=448 inputTokens=0 outputTokens=0 totalTokens=0 estContextLoadTokens~61713 workers=64 httpRetries=0
run=7 wall=78.0ms model=0.0ms tools=3353.5ms modelCalls=0 toolCalls=448 inputTokens=0 outputTokens=0 totalTokens=0 estContextLoadTokens~61713 workers=64 httpRetries=0
run=8 wall=58.1ms model=0.0ms tools=2573.6ms modelCalls=0 toolCalls=448 inputTokens=0 outputTokens=0 totalTokens=0 estContextLoadTokens~61713 workers=64 httpRetries=0
run=9 wall=53.0ms model=0.0ms tools=2334.4ms modelCalls=0 toolCalls=448 inputTokens=0 outputTokens=0 totalTokens=0 estContextLoadTokens~61713 workers=64 httpRetries=0
run=10 wall=60.1ms model=0.0ms tools=2492.5ms modelCalls=0 toolCalls=448 inputTokens=0 outputTokens=0 totalTokens=0 estContextLoadTokens~61713 workers=64 httpRetries=0
run=11 wall=65.3ms model=0.0ms tools=2848.4ms modelCalls=0 toolCalls=448 inputTokens=0 outputTokens=0 totalTokens=0 estContextLoadTokens~61713 workers=64 httpRetries=0
run=12 wall=62.8ms model=0.0ms tools=2638.4ms modelCalls=0 toolCalls=448 inputTokens=0 outputTokens=0 totalTokens=0 estContextLoadTokens~61713 workers=64 httpRetries=0
run=13 wall=69.2ms model=0.0ms tools=2963.3ms modelCalls=0 toolCalls=448 inputTokens=0 outputTokens=0 totalTokens=0 estContextLoadTokens~61713 workers=64 httpRetries=0
run=14 wall=77.5ms model=0.0ms tools=3098.4ms modelCalls=0 toolCalls=448 inputTokens=0 outputTokens=0 totalTokens=0 estContextLoadTokens~61713 workers=64 httpRetries=0
run=15 wall=87.3ms model=0.0ms tools=3535.4ms modelCalls=0 toolCalls=448 inputTokens=0 outputTokens=0 totalTokens=0 estContextLoadTokens~61713 workers=64 httpRetries=0
run=16 wall=57.6ms model=0.0ms tools=2590.2ms modelCalls=0 toolCalls=448 inputTokens=0 outputTokens=0 totalTokens=0 estContextLoadTokens~61713 workers=64 httpRetries=0
run=17 wall=54.6ms model=0.0ms tools=2400.8ms modelCalls=0 toolCalls=448 inputTokens=0 outputTokens=0 totalTokens=0 estContextLoadTokens~61713 workers=64 httpRetries=0
run=18 wall=59.9ms model=0.0ms tools=2665.6ms modelCalls=0 toolCalls=448 inputTokens=0 outputTokens=0 totalTokens=0 estContextLoadTokens~61713 workers=64 httpRetries=0
run=19 wall=65.3ms model=0.0ms tools=2957.0ms modelCalls=0 toolCalls=448 inputTokens=0 outputTokens=0 totalTokens=0 estContextLoadTokens~61713 workers=64 httpRetries=0
run=20 wall=62.1ms model=0.0ms tools=2774.0ms modelCalls=0 toolCalls=448 inputTokens=0 outputTokens=0 totalTokens=0 estContextLoadTokens~61713 workers=64 httpRetries=0
run=21 wall=54.0ms model=0.0ms tools=2356.4ms modelCalls=0 toolCalls=448 inputTokens=0 outputTokens=0 totalTokens=0 estContextLoadTokens~61713 workers=64 httpRetries=0
run=22 wall=54.7ms model=0.0ms tools=2316.6ms modelCalls=0 toolCalls=448 inputTokens=0 outputTokens=0 totalTokens=0 estContextLoadTokens~61713 workers=64 httpRetries=0
run=23 wall=67.5ms model=0.0ms tools=2904.9ms modelCalls=0 toolCalls=448 inputTokens=0 outputTokens=0 totalTokens=0 estContextLoadTokens~61713 workers=64 httpRetries=0
run=24 wall=62.4ms model=0.0ms tools=2612.9ms modelCalls=0 toolCalls=448 inputTokens=0 outputTokens=0 totalTokens=0 estContextLoadTokens~61713 workers=64 httpRetries=0
run=25 wall=60.6ms model=0.0ms tools=2541.5ms modelCalls=0 toolCalls=448 inputTokens=0 outputTokens=0 totalTokens=0 estContextLoadTokens~61713 workers=64 httpRetries=0
run=26 wall=65.0ms model=0.0ms tools=2852.7ms modelCalls=0 toolCalls=448 inputTokens=0 outputTokens=0 totalTokens=0 estContextLoadTokens~61713 workers=64 httpRetries=0
run=27 wall=58.0ms model=0.0ms tools=2567.5ms modelCalls=0 toolCalls=448 inputTokens=0 outputTokens=0 totalTokens=0 estContextLoadTokens~61713 workers=64 httpRetries=0
run=28 wall=61.8ms model=0.0ms tools=2631.5ms modelCalls=0 toolCalls=448 inputTokens=0 outputTokens=0 totalTokens=0 estContextLoadTokens~61713 workers=64 httpRetries=0
run=29 wall=56.3ms model=0.0ms tools=2405.0ms modelCalls=0 toolCalls=448 inputTokens=0 outputTokens=0 totalTokens=0 estContextLoadTokens~61713 workers=64 httpRetries=0
run=30 wall=57.8ms model=0.0ms tools=2407.7ms modelCalls=0 toolCalls=448 inputTokens=0 outputTokens=0 totalTokens=0 estContextLoadTokens~61713 workers=64 httpRetries=0

== Foundgine semantic flow ==
run=1 wall=90.8ms model=0.0ms tools=4438.4ms modelCalls=0 toolCalls=256 inputTokens=0 outputTokens=0 totalTokens=0 estContextLoadTokens~35144 workers=64 httpRetries=0
run=2 wall=84.3ms model=0.0ms tools=3983.2ms modelCalls=0 toolCalls=256 inputTokens=0 outputTokens=0 totalTokens=0 estContextLoadTokens~35144 workers=64 httpRetries=0
run=3 wall=78.7ms model=0.0ms tools=3817.8ms modelCalls=0 toolCalls=256 inputTokens=0 outputTokens=0 totalTokens=0 estContextLoadTokens~35144 workers=64 httpRetries=0
run=4 wall=77.8ms model=0.0ms tools=3606.6ms modelCalls=0 toolCalls=256 inputTokens=0 outputTokens=0 totalTokens=0 estContextLoadTokens~35144 workers=64 httpRetries=0
run=5 wall=76.5ms model=0.0ms tools=3776.1ms modelCalls=0 toolCalls=256 inputTokens=0 outputTokens=0 totalTokens=0 estContextLoadTokens~35144 workers=64 httpRetries=0
run=6 wall=75.9ms model=0.0ms tools=3788.5ms modelCalls=0 toolCalls=256 inputTokens=0 outputTokens=0 totalTokens=0 estContextLoadTokens~35144 workers=64 httpRetries=0
run=7 wall=79.1ms model=0.0ms tools=3836.2ms modelCalls=0 toolCalls=256 inputTokens=0 outputTokens=0 totalTokens=0 estContextLoadTokens~35144 workers=64 httpRetries=0
run=8 wall=79.9ms model=0.0ms tools=3943.9ms modelCalls=0 toolCalls=256 inputTokens=0 outputTokens=0 totalTokens=0 estContextLoadTokens~35144 workers=64 httpRetries=0
run=9 wall=82.7ms model=0.0ms tools=3875.4ms modelCalls=0 toolCalls=256 inputTokens=0 outputTokens=0 totalTokens=0 estContextLoadTokens~35144 workers=64 httpRetries=0
run=10 wall=78.5ms model=0.0ms tools=3654.8ms modelCalls=0 toolCalls=256 inputTokens=0 outputTokens=0 totalTokens=0 estContextLoadTokens~35144 workers=64 httpRetries=0
run=11 wall=80.9ms model=0.0ms tools=3657.5ms modelCalls=0 toolCalls=256 inputTokens=0 outputTokens=0 totalTokens=0 estContextLoadTokens~35144 workers=64 httpRetries=0
run=12 wall=83.0ms model=0.0ms tools=3765.8ms modelCalls=0 toolCalls=256 inputTokens=0 outputTokens=0 totalTokens=0 estContextLoadTokens~35144 workers=64 httpRetries=0
run=13 wall=73.9ms model=0.0ms tools=3228.1ms modelCalls=0 toolCalls=256 inputTokens=0 outputTokens=0 totalTokens=0 estContextLoadTokens~35144 workers=64 httpRetries=0
run=14 wall=81.9ms model=0.0ms tools=4097.8ms modelCalls=0 toolCalls=256 inputTokens=0 outputTokens=0 totalTokens=0 estContextLoadTokens~35144 workers=64 httpRetries=0
run=15 wall=77.8ms model=0.0ms tools=3675.0ms modelCalls=0 toolCalls=256 inputTokens=0 outputTokens=0 totalTokens=0 estContextLoadTokens~35144 workers=64 httpRetries=0
run=16 wall=89.5ms model=0.0ms tools=4658.6ms modelCalls=0 toolCalls=256 inputTokens=0 outputTokens=0 totalTokens=0 estContextLoadTokens~35144 workers=64 httpRetries=0
run=17 wall=66.7ms model=0.0ms tools=3050.9ms modelCalls=0 toolCalls=256 inputTokens=0 outputTokens=0 totalTokens=0 estContextLoadTokens~35144 workers=64 httpRetries=0
run=18 wall=90.5ms model=0.0ms tools=4433.6ms modelCalls=0 toolCalls=256 inputTokens=0 outputTokens=0 totalTokens=0 estContextLoadTokens~35144 workers=64 httpRetries=0
run=19 wall=70.9ms model=0.0ms tools=3309.9ms modelCalls=0 toolCalls=256 inputTokens=0 outputTokens=0 totalTokens=0 estContextLoadTokens~35144 workers=64 httpRetries=0
run=20 wall=84.1ms model=0.0ms tools=3899.4ms modelCalls=0 toolCalls=256 inputTokens=0 outputTokens=0 totalTokens=0 estContextLoadTokens~35144 workers=64 httpRetries=0
run=21 wall=77.7ms model=0.0ms tools=3616.7ms modelCalls=0 toolCalls=256 inputTokens=0 outputTokens=0 totalTokens=0 estContextLoadTokens~35144 workers=64 httpRetries=0
run=22 wall=73.3ms model=0.0ms tools=3311.5ms modelCalls=0 toolCalls=256 inputTokens=0 outputTokens=0 totalTokens=0 estContextLoadTokens~35144 workers=64 httpRetries=0
run=23 wall=67.9ms model=0.0ms tools=3031.0ms modelCalls=0 toolCalls=256 inputTokens=0 outputTokens=0 totalTokens=0 estContextLoadTokens~35144 workers=64 httpRetries=0
run=24 wall=71.6ms model=0.0ms tools=3008.8ms modelCalls=0 toolCalls=256 inputTokens=0 outputTokens=0 totalTokens=0 estContextLoadTokens~35144 workers=64 httpRetries=0
run=25 wall=77.2ms model=0.0ms tools=3677.9ms modelCalls=0 toolCalls=256 inputTokens=0 outputTokens=0 totalTokens=0 estContextLoadTokens~35144 workers=64 httpRetries=0
run=26 wall=62.0ms model=0.0ms tools=2829.5ms modelCalls=0 toolCalls=256 inputTokens=0 outputTokens=0 totalTokens=0 estContextLoadTokens~35144 workers=64 httpRetries=0
run=27 wall=70.0ms model=0.0ms tools=3227.8ms modelCalls=0 toolCalls=256 inputTokens=0 outputTokens=0 totalTokens=0 estContextLoadTokens~35144 workers=64 httpRetries=0
run=28 wall=70.9ms model=0.0ms tools=3318.5ms modelCalls=0 toolCalls=256 inputTokens=0 outputTokens=0 totalTokens=0 estContextLoadTokens~35144 workers=64 httpRetries=0
run=29 wall=65.1ms model=0.0ms tools=2721.6ms modelCalls=0 toolCalls=256 inputTokens=0 outputTokens=0 totalTokens=0 estContextLoadTokens~35144 workers=64 httpRetries=0
run=30 wall=73.5ms model=0.0ms tools=3244.1ms modelCalls=0 toolCalls=256 inputTokens=0 outputTokens=0 totalTokens=0 estContextLoadTokens~35144 workers=64 httpRetries=0

===============================================
 Comparison
===============================================
Token saving (provider-reported): N/A â?" replay mode reports no model token usage (run in 'live' mode for real numbers)
Token saving (estimated, heuristic): 43.1% â?" offline chars/words estimate of tool payload size, not a tokenizer count
Tool-call saving:   42.9%
Model-call saving:  0.0%
Wall-clock change:  16.6%
Same final state:   True
JSON report:        C:\Foundgine\benchmarks\AgentEndToEnd\Run1\artifacts\01000-customers\concurrency-064\agent-benchmark.json
Markdown report:    C:\Foundgine\benchmarks\AgentEndToEnd\Run1\artifacts\01000-customers\concurrency-064\agent-benchmark.md
Removing benchmark containers and PostgreSQL volume...
Starting PostgreSQL 17 benchmark container on host port 57944...
 Network foundgine-agent-e2e-run1_default Creating 
 Network foundgine-agent-e2e-run1_default Created 
 Volume foundgine-agent-e2e-run1_agent-e2e-postgres-data Creating 
 Volume foundgine-agent-e2e-run1_agent-e2e-postgres-data Created 
 Container foundgine-agent-e2e-run1-postgres-1 Creating 
 Container foundgine-agent-e2e-run1-postgres-1 Created 
 Container foundgine-agent-e2e-run1-postgres-1 Starting 
 Container foundgine-agent-e2e-run1-postgres-1 Started 
Waiting for PostgreSQL...
Seeding fixture: 10000 customers ...
Seeding 10,000 customers, 40,000 relationships, 120,000 contracts and 480,000 transactions...
Seeded: 10,000 customers, 40,000 relationships, 120,000 contracts, 480,000 transactions.
Benchmark graph for Customer 1: 4 relationships -> 12 contracts -> 48 transactions.
Customer 1 is the deterministic benchmark target.
Building and starting Foundgine warm benchmark API...
 Image foundgine-agent-e2e-run1-foundgine-warm Building 
#1 [internal] load local bake definitions
#1 reading from stdin 622B done
#1 DONE 0.0s

#2 [internal] load build definition from Dockerfile
#2 transferring dockerfile: 1.18kB done
#2 DONE 0.0s

#3 [internal] load metadata for mcr.microsoft.com/dotnet/sdk:9.0
#3 ...

#4 [internal] load metadata for mcr.microsoft.com/dotnet/aspnet:9.0
#4 DONE 0.2s

#3 [internal] load metadata for mcr.microsoft.com/dotnet/sdk:9.0
#3 DONE 0.2s

#5 [internal] load .dockerignore
#5 transferring context: 216B done
#5 DONE 0.0s

#6 [build 1/5] FROM mcr.microsoft.com/dotnet/sdk:9.0@sha256:35048e3a81e6a07c316e7bbbd80d80d2ba705fe5f23a8ed42b6638c8f4c20d30
#6 resolve mcr.microsoft.com/dotnet/sdk:9.0@sha256:35048e3a81e6a07c316e7bbbd80d80d2ba705fe5f23a8ed42b6638c8f4c20d30 0.0s done
#6 DONE 0.0s

#7 [stage-1 1/4] FROM mcr.microsoft.com/dotnet/aspnet:9.0@sha256:4e376dd15bbc8437d4892367ab0ea06a3ac9fea482d10f92f3c493fe1a2219ad
#7 resolve mcr.microsoft.com/dotnet/aspnet:9.0@sha256:4e376dd15bbc8437d4892367ab0ea06a3ac9fea482d10f92f3c493fe1a2219ad 0.0s done
#7 DONE 0.0s

#8 [internal] load build context
#8 transferring context: 207.76kB 0.1s done
#8 DONE 0.1s

#9 [build 2/5] WORKDIR /src
#9 CACHED

#10 [build 3/5] COPY . .
#10 DONE 2.7s

#11 [build 4/5] RUN dotnet restore     benchmarks/CoffeeBeanery.Performance/Foundgine.CoffeeBeanery.BenchmarkApi/Foundgine.CoffeeBeanery.BenchmarkApi.csproj
#11 0.772   Determining projects to restore...
#11 1.774   Restored /src/src/Foundgine.Execution/Foundgine.Execution.csproj (in 106 ms).
#11 1.774   Restored /src/src/Foundgine.Semantics/Foundgine.Semantics.csproj (in 109 ms).
#11 1.774   Restored /src/src/Foundgine.Abstractions/Foundgine.Abstractions.csproj (in 97 ms).
#11 1.774   Restored /src/src/Foundgine.Metadata/Foundgine.Metadata.csproj (in 109 ms).
#11 1.774   Restored /src/src/Foundgine.Sql/Foundgine.Sql.csproj (in 109 ms).
#11 1.774   Restored /src/src/Foundgine.Planning/Foundgine.Planning.csproj (in 106 ms).
#11 4.120   Restored /src/src/Foundgine.GraphQL.HotChocolate/Foundgine.GraphQL.HotChocolate.csproj (in 2.49 sec).
#11 4.121   Restored /src/src/Foundgine.GraphQL.HotChocolate.Mutations/Foundgine.GraphQL.HotChocolate.Mutations.csproj (in 2.49 sec).
#11 4.121   Restored /src/benchmarks/CoffeeBeanery.Performance/Foundgine.CoffeeBeanery.BenchmarkApi/Foundgine.CoffeeBeanery.BenchmarkApi.csproj (in 2.34 sec).
#11 DONE 4.4s

#12 [build 5/5] RUN dotnet publish     benchmarks/CoffeeBeanery.Performance/Foundgine.CoffeeBeanery.BenchmarkApi/Foundgine.CoffeeBeanery.BenchmarkApi.csproj     -c Release     -o /app/publish
#12 0.968   Determining projects to restore...
#12 1.903   All projects are up-to-date for restore.
#12 4.294   Foundgine.Abstractions -> /src/src/Foundgine.Abstractions/bin/Release/net9.0/Foundgine.Abstractions.dll
#12 4.917   Foundgine.Metadata -> /src/src/Foundgine.Metadata/bin/Release/net9.0/Foundgine.Metadata.dll
#12 5.077   Foundgine.Semantics -> /src/src/Foundgine.Semantics/bin/Release/net9.0/Foundgine.Semantics.dll
#12 5.560   Foundgine.GraphQL.HotChocolate -> /src/src/Foundgine.GraphQL.HotChocolate/bin/Release/net9.0/Foundgine.GraphQL.HotChocolate.dll
#12 5.680   Foundgine.Planning -> /src/src/Foundgine.Planning/bin/Release/net9.0/Foundgine.Planning.dll
#12 6.108   Foundgine.Execution -> /src/src/Foundgine.Execution/bin/Release/net9.0/Foundgine.Execution.dll
#12 6.582   Foundgine.GraphQL.HotChocolate.Mutations -> /src/src/Foundgine.GraphQL.HotChocolate.Mutations/bin/Release/net9.0/Foundgine.GraphQL.HotChocolate.Mutations.dll
#12 6.925   Foundgine.Sql -> /src/src/Foundgine.Sql/bin/Release/net9.0/Foundgine.Sql.dll
#12 7.850   Foundgine.CoffeeBeanery.BenchmarkApi -> /src/benchmarks/CoffeeBeanery.Performance/Foundgine.CoffeeBeanery.BenchmarkApi/bin/Release/net9.0/Foundgine.CoffeeBeanery.BenchmarkApi.dll
#12 7.918   Foundgine.CoffeeBeanery.BenchmarkApi -> /app/publish/
#12 DONE 8.1s

#13 [stage-1 2/4] RUN apt-get update     && apt-get install -y --no-install-recommends curl     && rm -rf /var/lib/apt/lists/*
#13 CACHED

#14 [stage-1 3/4] WORKDIR /app
#14 CACHED

#15 [stage-1 4/4] COPY --from=build /app/publish .
#15 CACHED

#16 exporting to image
#16 exporting layers done
#16 exporting manifest sha256:bdf27bd1d67c6ba0eca9e67581251d47037b2a157649a679a0cd39ebe9b6561e done
#16 exporting config sha256:71003dfe0894da665f90485559d342db4f82ba8fb907bea87fca8b46b1b5ea6a done
#16 exporting attestation manifest sha256:2a98f7418a4536a1b7fb1840bf4dca873844c92b200994c26aae2e475cd1a8d3 0.0s done
#16 exporting manifest list sha256:3a154192bcf42636d4550a36f3ae913ca2985712cf9703424cb7ab1675deeee5 0.0s done
#16 naming to docker.io/library/foundgine-agent-e2e-run1-foundgine-warm:latest done
#16 unpacking to docker.io/library/foundgine-agent-e2e-run1-foundgine-warm:latest 0.1s done
#16 DONE 0.2s

#17 resolving provenance for metadata file
#17 DONE 0.0s
 Image foundgine-agent-e2e-run1-foundgine-warm Built 
 Container foundgine-agent-e2e-run1-foundgine-warm-1 Creating 
 Container foundgine-agent-e2e-run1-foundgine-warm-1 Created 
 Container foundgine-agent-e2e-run1-foundgine-warm-1 Starting 
 Container foundgine-agent-e2e-run1-foundgine-warm-1 Started 
Waiting for http://localhost:4302/health/ready ...

>>> Concurrency tier: 64

============================================
 Agent benchmark: 10000 customers / 30 runs
============================================
C:\Program Files\dotnet\sdk\9.0.304\Microsoft.Common.CurrentVersion.targets(2433,5): warning MSB3277: Found conflicts between different versions of "Microsoft.EntityFrameworkCore.Relational" that could not be resolved. [C:\Foundgine\benchmarks\AgentEndToEnd\Run1\Foundgine.AgentEndToEnd.Benchmark.csproj]
C:\Program Files\dotnet\sdk\9.0.304\Microsoft.Common.CurrentVersion.targets(2433,5): warning MSB3277: There was a conflict between "Microsoft.EntityFrameworkCore.Relational, Version=9.0.1.0, Culture=neutral, PublicKeyToken=adb9793829ddae60" and "Microsoft.EntityFrameworkCore.Relational, Version=9.0.4.0, Culture=neutral, PublicKeyToken=adb9793829ddae60". [C:\Foundgine\benchmarks\AgentEndToEnd\Run1\Foundgine.AgentEndToEnd.Benchmark.csproj]
C:\Program Files\dotnet\sdk\9.0.304\Microsoft.Common.CurrentVersion.targets(2433,5): warning MSB3277:     "Microsoft.EntityFrameworkCore.Relational, Version=9.0.1.0, Culture=neutral, PublicKeyToken=adb9793829ddae60" was chosen because it was primary and "Microsoft.EntityFrameworkCore.Relational, Version=9.0.4.0, Culture=neutral, PublicKeyToken=adb9793829ddae60" was not. [C:\Foundgine\benchmarks\AgentEndToEnd\Run1\Foundgine.AgentEndToEnd.Benchmark.csproj]
C:\Program Files\dotnet\sdk\9.0.304\Microsoft.Common.CurrentVersion.targets(2433,5): warning MSB3277:     References which depend on "Microsoft.EntityFrameworkCore.Relational, Version=9.0.1.0, Culture=neutral, PublicKeyToken=adb9793829ddae60" [C:\Users\clbp_\.nuget\packages\microsoft.entityframeworkcore.relational\9.0.1\lib\net8.0\Microsoft.EntityFrameworkCore.Relational.dll]. [C:\Foundgine\benchmarks\AgentEndToEnd\Run1\Foundgine.AgentEndToEnd.Benchmark.csproj]
C:\Program Files\dotnet\sdk\9.0.304\Microsoft.Common.CurrentVersion.targets(2433,5): warning MSB3277:         C:\Users\clbp_\.nuget\packages\microsoft.entityframeworkcore.relational\9.0.1\lib\net8.0\Microsoft.EntityFrameworkCore.Relational.dll [C:\Foundgine\benchmarks\AgentEndToEnd\Run1\Foundgine.AgentEndToEnd.Benchmark.csproj]
C:\Program Files\dotnet\sdk\9.0.304\Microsoft.Common.CurrentVersion.targets(2433,5): warning MSB3277:           Project file item includes which caused reference "C:\Users\clbp_\.nuget\packages\microsoft.entityframeworkcore.relational\9.0.1\lib\net8.0\Microsoft.EntityFrameworkCore.Relational.dll". [C:\Foundgine\benchmarks\AgentEndToEnd\Run1\Foundgine.AgentEndToEnd.Benchmark.csproj]
C:\Program Files\dotnet\sdk\9.0.304\Microsoft.Common.CurrentVersion.targets(2433,5): warning MSB3277:             C:\Users\clbp_\.nuget\packages\microsoft.entityframeworkcore.relational\9.0.1\lib\net8.0\Microsoft.EntityFrameworkCore.Relational.dll [C:\Foundgine\benchmarks\AgentEndToEnd\Run1\Foundgine.AgentEndToEnd.Benchmark.csproj]
C:\Program Files\dotnet\sdk\9.0.304\Microsoft.Common.CurrentVersion.targets(2433,5): warning MSB3277:     References which depend on or have been unified to "Microsoft.EntityFrameworkCore.Relational, Version=9.0.4.0, Culture=neutral, PublicKeyToken=adb9793829ddae60" []. [C:\Foundgine\benchmarks\AgentEndToEnd\Run1\Foundgine.AgentEndToEnd.Benchmark.csproj]
C:\Program Files\dotnet\sdk\9.0.304\Microsoft.Common.CurrentVersion.targets(2433,5): warning MSB3277:         C:\Foundgine\benchmarks\CoffeeBeanery.Performance\CoffeeBeanery.Database\bin\Release\net9.0\CoffeeBeanery.Database.dll [C:\Foundgine\benchmarks\AgentEndToEnd\Run1\Foundgine.AgentEndToEnd.Benchmark.csproj]
C:\Program Files\dotnet\sdk\9.0.304\Microsoft.Common.CurrentVersion.targets(2433,5): warning MSB3277:           Project file item includes which caused reference "C:\Foundgine\benchmarks\CoffeeBeanery.Performance\CoffeeBeanery.Database\bin\Release\net9.0\CoffeeBeanery.Database.dll". [C:\Foundgine\benchmarks\AgentEndToEnd\Run1\Foundgine.AgentEndToEnd.Benchmark.csproj]
C:\Program Files\dotnet\sdk\9.0.304\Microsoft.Common.CurrentVersion.targets(2433,5): warning MSB3277:             C:\Foundgine\benchmarks\CoffeeBeanery.Performance\CoffeeBeanery.Database\bin\Release\net9.0\CoffeeBeanery.Database.dll [C:\Foundgine\benchmarks\AgentEndToEnd\Run1\Foundgine.AgentEndToEnd.Benchmark.csproj]
===============================================
 Foundgine / Agent End-to-End Benchmark
===============================================
Scenario:     customer-exposure-review
Mode:         replay
Warmups:      5
Measured:     30
Customer count: 10000
Concurrency:  64
Targets:      1, 2, 3, 4, 5, 6, 7, 8, 9, 10, 11, 12, 13, 14, 15, 16, 17, 18, 19, 20, 21, 22, 23, 24, 25, 26, 27, 28, 29, 30, 31, 32, 33, 34, 35, 36, 37, 38, 39, 40, 41, 42, 43, 44, 45, 46, 47, 48, 49, 50, 51, 52, 53, 54, 55, 56, 57, 58, 59, 60, 61, 62, 63, 64
Threshold:    48,000

Fixture:      4 relationships / 12 contracts / 48 transactions
Baseline:     Customer 1 Benchmark

== Conventional application/AI flow ==
run=1 wall=55.1ms model=0.0ms tools=2410.1ms modelCalls=0 toolCalls=448 inputTokens=0 outputTokens=0 totalTokens=0 estContextLoadTokens~61713 workers=64 httpRetries=0
run=2 wall=64.6ms model=0.0ms tools=2736.2ms modelCalls=0 toolCalls=448 inputTokens=0 outputTokens=0 totalTokens=0 estContextLoadTokens~61713 workers=64 httpRetries=0
run=3 wall=56.7ms model=0.0ms tools=2499.3ms modelCalls=0 toolCalls=448 inputTokens=0 outputTokens=0 totalTokens=0 estContextLoadTokens~61713 workers=64 httpRetries=0
run=4 wall=63.4ms model=0.0ms tools=2785.9ms modelCalls=0 toolCalls=448 inputTokens=0 outputTokens=0 totalTokens=0 estContextLoadTokens~61713 workers=64 httpRetries=0
run=5 wall=75.1ms model=0.0ms tools=3199.0ms modelCalls=0 toolCalls=448 inputTokens=0 outputTokens=0 totalTokens=0 estContextLoadTokens~61713 workers=64 httpRetries=0
run=6 wall=68.9ms model=0.0ms tools=2968.2ms modelCalls=0 toolCalls=448 inputTokens=0 outputTokens=0 totalTokens=0 estContextLoadTokens~61713 workers=64 httpRetries=0
run=7 wall=60.9ms model=0.0ms tools=2631.5ms modelCalls=0 toolCalls=448 inputTokens=0 outputTokens=0 totalTokens=0 estContextLoadTokens~61713 workers=64 httpRetries=0
run=8 wall=64.9ms model=0.0ms tools=2901.6ms modelCalls=0 toolCalls=448 inputTokens=0 outputTokens=0 totalTokens=0 estContextLoadTokens~61713 workers=64 httpRetries=0
run=9 wall=52.2ms model=0.0ms tools=2310.3ms modelCalls=0 toolCalls=448 inputTokens=0 outputTokens=0 totalTokens=0 estContextLoadTokens~61713 workers=64 httpRetries=0
run=10 wall=59.2ms model=0.0ms tools=2559.7ms modelCalls=0 toolCalls=448 inputTokens=0 outputTokens=0 totalTokens=0 estContextLoadTokens~61713 workers=64 httpRetries=0
run=11 wall=56.7ms model=0.0ms tools=2350.5ms modelCalls=0 toolCalls=448 inputTokens=0 outputTokens=0 totalTokens=0 estContextLoadTokens~61713 workers=64 httpRetries=0
run=12 wall=63.6ms model=0.0ms tools=2813.6ms modelCalls=0 toolCalls=448 inputTokens=0 outputTokens=0 totalTokens=0 estContextLoadTokens~61713 workers=64 httpRetries=0
run=13 wall=52.0ms model=0.0ms tools=2286.8ms modelCalls=0 toolCalls=448 inputTokens=0 outputTokens=0 totalTokens=0 estContextLoadTokens~61713 workers=64 httpRetries=0
run=14 wall=54.6ms model=0.0ms tools=2391.5ms modelCalls=0 toolCalls=448 inputTokens=0 outputTokens=0 totalTokens=0 estContextLoadTokens~61713 workers=64 httpRetries=0
run=15 wall=51.5ms model=0.0ms tools=2216.7ms modelCalls=0 toolCalls=448 inputTokens=0 outputTokens=0 totalTokens=0 estContextLoadTokens~61713 workers=64 httpRetries=0
run=16 wall=53.8ms model=0.0ms tools=2328.1ms modelCalls=0 toolCalls=448 inputTokens=0 outputTokens=0 totalTokens=0 estContextLoadTokens~61713 workers=64 httpRetries=0
run=17 wall=66.8ms model=0.0ms tools=2802.3ms modelCalls=0 toolCalls=448 inputTokens=0 outputTokens=0 totalTokens=0 estContextLoadTokens~61713 workers=64 httpRetries=0
run=18 wall=56.9ms model=0.0ms tools=2507.9ms modelCalls=0 toolCalls=448 inputTokens=0 outputTokens=0 totalTokens=0 estContextLoadTokens~61713 workers=64 httpRetries=0
run=19 wall=61.3ms model=0.0ms tools=2661.9ms modelCalls=0 toolCalls=448 inputTokens=0 outputTokens=0 totalTokens=0 estContextLoadTokens~61713 workers=64 httpRetries=0
run=20 wall=65.8ms model=0.0ms tools=2690.8ms modelCalls=0 toolCalls=448 inputTokens=0 outputTokens=0 totalTokens=0 estContextLoadTokens~61713 workers=64 httpRetries=0
run=21 wall=72.3ms model=0.0ms tools=3047.3ms modelCalls=0 toolCalls=448 inputTokens=0 outputTokens=0 totalTokens=0 estContextLoadTokens~61713 workers=64 httpRetries=0
run=22 wall=51.7ms model=0.0ms tools=2295.1ms modelCalls=0 toolCalls=448 inputTokens=0 outputTokens=0 totalTokens=0 estContextLoadTokens~61713 workers=64 httpRetries=0
run=23 wall=57.5ms model=0.0ms tools=2491.1ms modelCalls=0 toolCalls=448 inputTokens=0 outputTokens=0 totalTokens=0 estContextLoadTokens~61713 workers=64 httpRetries=0
run=24 wall=54.0ms model=0.0ms tools=2329.7ms modelCalls=0 toolCalls=448 inputTokens=0 outputTokens=0 totalTokens=0 estContextLoadTokens~61713 workers=64 httpRetries=0
run=25 wall=53.3ms model=0.0ms tools=2293.0ms modelCalls=0 toolCalls=448 inputTokens=0 outputTokens=0 totalTokens=0 estContextLoadTokens~61713 workers=64 httpRetries=0
run=26 wall=54.1ms model=0.0ms tools=2328.3ms modelCalls=0 toolCalls=448 inputTokens=0 outputTokens=0 totalTokens=0 estContextLoadTokens~61713 workers=64 httpRetries=0
run=27 wall=46.8ms model=0.0ms tools=2044.6ms modelCalls=0 toolCalls=448 inputTokens=0 outputTokens=0 totalTokens=0 estContextLoadTokens~61713 workers=64 httpRetries=0
run=28 wall=51.1ms model=0.0ms tools=2244.5ms modelCalls=0 toolCalls=448 inputTokens=0 outputTokens=0 totalTokens=0 estContextLoadTokens~61713 workers=64 httpRetries=0
run=29 wall=60.5ms model=0.0ms tools=2626.4ms modelCalls=0 toolCalls=448 inputTokens=0 outputTokens=0 totalTokens=0 estContextLoadTokens~61713 workers=64 httpRetries=0
run=30 wall=59.4ms model=0.0ms tools=2633.8ms modelCalls=0 toolCalls=448 inputTokens=0 outputTokens=0 totalTokens=0 estContextLoadTokens~61713 workers=64 httpRetries=0

== Foundgine semantic flow ==
run=1 wall=70.5ms model=0.0ms tools=3100.6ms modelCalls=0 toolCalls=256 inputTokens=0 outputTokens=0 totalTokens=0 estContextLoadTokens~35144 workers=64 httpRetries=0
run=2 wall=83.6ms model=0.0ms tools=3986.9ms modelCalls=0 toolCalls=256 inputTokens=0 outputTokens=0 totalTokens=0 estContextLoadTokens~35144 workers=64 httpRetries=0
run=3 wall=101.9ms model=0.0ms tools=4440.0ms modelCalls=0 toolCalls=256 inputTokens=0 outputTokens=0 totalTokens=0 estContextLoadTokens~35144 workers=64 httpRetries=0
run=4 wall=96.2ms model=0.0ms tools=4293.4ms modelCalls=0 toolCalls=256 inputTokens=0 outputTokens=0 totalTokens=0 estContextLoadTokens~35144 workers=64 httpRetries=0
run=5 wall=98.9ms model=0.0ms tools=4687.9ms modelCalls=0 toolCalls=256 inputTokens=0 outputTokens=0 totalTokens=0 estContextLoadTokens~35144 workers=64 httpRetries=0
run=6 wall=80.4ms model=0.0ms tools=3930.6ms modelCalls=0 toolCalls=256 inputTokens=0 outputTokens=0 totalTokens=0 estContextLoadTokens~35144 workers=64 httpRetries=0
run=7 wall=81.6ms model=0.0ms tools=3806.9ms modelCalls=0 toolCalls=256 inputTokens=0 outputTokens=0 totalTokens=0 estContextLoadTokens~35144 workers=64 httpRetries=0
run=8 wall=75.0ms model=0.0ms tools=3706.6ms modelCalls=0 toolCalls=256 inputTokens=0 outputTokens=0 totalTokens=0 estContextLoadTokens~35144 workers=64 httpRetries=0
run=9 wall=69.4ms model=0.0ms tools=3196.2ms modelCalls=0 toolCalls=256 inputTokens=0 outputTokens=0 totalTokens=0 estContextLoadTokens~35144 workers=64 httpRetries=0
run=10 wall=66.8ms model=0.0ms tools=3094.0ms modelCalls=0 toolCalls=256 inputTokens=0 outputTokens=0 totalTokens=0 estContextLoadTokens~35144 workers=64 httpRetries=0
run=11 wall=72.8ms model=0.0ms tools=3500.5ms modelCalls=0 toolCalls=256 inputTokens=0 outputTokens=0 totalTokens=0 estContextLoadTokens~35144 workers=64 httpRetries=0
run=12 wall=72.1ms model=0.0ms tools=3630.6ms modelCalls=0 toolCalls=256 inputTokens=0 outputTokens=0 totalTokens=0 estContextLoadTokens~35144 workers=64 httpRetries=0
run=13 wall=88.9ms model=0.0ms tools=3868.8ms modelCalls=0 toolCalls=256 inputTokens=0 outputTokens=0 totalTokens=0 estContextLoadTokens~35144 workers=64 httpRetries=0
run=14 wall=70.7ms model=0.0ms tools=3224.3ms modelCalls=0 toolCalls=256 inputTokens=0 outputTokens=0 totalTokens=0 estContextLoadTokens~35144 workers=64 httpRetries=0
run=15 wall=76.8ms model=0.0ms tools=3625.3ms modelCalls=0 toolCalls=256 inputTokens=0 outputTokens=0 totalTokens=0 estContextLoadTokens~35144 workers=64 httpRetries=0
run=16 wall=78.6ms model=0.0ms tools=3803.3ms modelCalls=0 toolCalls=256 inputTokens=0 outputTokens=0 totalTokens=0 estContextLoadTokens~35144 workers=64 httpRetries=0
run=17 wall=69.3ms model=0.0ms tools=3278.5ms modelCalls=0 toolCalls=256 inputTokens=0 outputTokens=0 totalTokens=0 estContextLoadTokens~35144 workers=64 httpRetries=0
run=18 wall=79.2ms model=0.0ms tools=3452.6ms modelCalls=0 toolCalls=256 inputTokens=0 outputTokens=0 totalTokens=0 estContextLoadTokens~35144 workers=64 httpRetries=0
run=19 wall=75.1ms model=0.0ms tools=3571.4ms modelCalls=0 toolCalls=256 inputTokens=0 outputTokens=0 totalTokens=0 estContextLoadTokens~35144 workers=64 httpRetries=0
run=20 wall=81.8ms model=0.0ms tools=4009.1ms modelCalls=0 toolCalls=256 inputTokens=0 outputTokens=0 totalTokens=0 estContextLoadTokens~35144 workers=64 httpRetries=0
run=21 wall=72.1ms model=0.0ms tools=3382.9ms modelCalls=0 toolCalls=256 inputTokens=0 outputTokens=0 totalTokens=0 estContextLoadTokens~35144 workers=64 httpRetries=0
run=22 wall=74.4ms model=0.0ms tools=3416.3ms modelCalls=0 toolCalls=256 inputTokens=0 outputTokens=0 totalTokens=0 estContextLoadTokens~35144 workers=64 httpRetries=0
run=23 wall=68.5ms model=0.0ms tools=3138.1ms modelCalls=0 toolCalls=256 inputTokens=0 outputTokens=0 totalTokens=0 estContextLoadTokens~35144 workers=64 httpRetries=0
run=24 wall=66.1ms model=0.0ms tools=3049.9ms modelCalls=0 toolCalls=256 inputTokens=0 outputTokens=0 totalTokens=0 estContextLoadTokens~35144 workers=64 httpRetries=0
run=25 wall=83.7ms model=0.0ms tools=4010.7ms modelCalls=0 toolCalls=256 inputTokens=0 outputTokens=0 totalTokens=0 estContextLoadTokens~35144 workers=64 httpRetries=0
run=26 wall=79.2ms model=0.0ms tools=3764.9ms modelCalls=0 toolCalls=256 inputTokens=0 outputTokens=0 totalTokens=0 estContextLoadTokens~35144 workers=64 httpRetries=0
run=27 wall=82.9ms model=0.0ms tools=3621.1ms modelCalls=0 toolCalls=256 inputTokens=0 outputTokens=0 totalTokens=0 estContextLoadTokens~35144 workers=64 httpRetries=0
run=28 wall=84.9ms model=0.0ms tools=3842.4ms modelCalls=0 toolCalls=256 inputTokens=0 outputTokens=0 totalTokens=0 estContextLoadTokens~35144 workers=64 httpRetries=0
run=29 wall=70.1ms model=0.0ms tools=2964.8ms modelCalls=0 toolCalls=256 inputTokens=0 outputTokens=0 totalTokens=0 estContextLoadTokens~35144 workers=64 httpRetries=0
run=30 wall=85.3ms model=0.0ms tools=4036.5ms modelCalls=0 toolCalls=256 inputTokens=0 outputTokens=0 totalTokens=0 estContextLoadTokens~35144 workers=64 httpRetries=0

===============================================
 Comparison
===============================================
Token saving (provider-reported): N/A â?" replay mode reports no model token usage (run in 'live' mode for real numbers)
Token saving (estimated, heuristic): 43.1% â?" offline chars/words estimate of tool payload size, not a tokenizer count
Tool-call saving:   42.9%
Model-call saving:  0.0%
Wall-clock change:  33.6%
Same final state:   True
JSON report:        C:\Foundgine\benchmarks\AgentEndToEnd\Run1\artifacts\10000-customers\concurrency-064\agent-benchmark.json
Markdown report:    C:\Foundgine\benchmarks\AgentEndToEnd\Run1\artifacts\10000-customers\concurrency-064\agent-benchmark.md

============================================
 Agent end-to-end benchmark completed
============================================
Reports written to: C:\Foundgine\benchmarks\AgentEndToEnd\Run1\artifacts
Removing benchmark containers and PostgreSQL volume...
