
============================================
 Foundgine Agent End-to-End Performance Run
============================================
Mode:                    replay
Customer tiers:          10, 100, 1000, 10000
Concurrency:             8, 16, 32, 64
Runs per tier:           30, 30, 30, 30
Warmups per flow:        5
Relationships/customer:  4
Contracts/relationship:  3
Transactions/contract:   4
Reports:                 C:\Foundgine\benchmarks\AgentEndToEnd\Run3\artifacts

Restoring benchmark projects...
  Determining projects to restore...
  All projects are up-to-date for restore.
  Determining projects to restore...
  All projects are up-to-date for restore.
Removing benchmark containers and PostgreSQL volume...
Removing benchmark containers and PostgreSQL volume...
Starting PostgreSQL 17 benchmark container on host port 54618...
 Network foundgine-agent-e2e-run3_default Creating 
 Network foundgine-agent-e2e-run3_default Created 
 Volume foundgine-agent-e2e-run3_agent-e2e-postgres-data Creating 
 Volume foundgine-agent-e2e-run3_agent-e2e-postgres-data Created 
 Container foundgine-agent-e2e-run3-postgres-1 Creating 
 Container foundgine-agent-e2e-run3-postgres-1 Created 
 Container foundgine-agent-e2e-run3-postgres-1 Starting 
 Container foundgine-agent-e2e-run3-postgres-1 Started 
Waiting for PostgreSQL...
Seeding fixture: 10 customers ...
Seeding 10 customers, 40 relationships, 120 contracts and 480 transactions...
Seeded: 10 customers, 40 relationships, 120 contracts, 480 transactions.
Benchmark graph for Customer 1: 4 relationships -> 12 contracts -> 48 transactions.
Customer 1 is the deterministic benchmark target.
Building and starting Foundgine warm benchmark API...
 Image foundgine-agent-e2e-run3-foundgine-warm Building 
#1 [internal] load local bake definitions
#1 reading from stdin 622B done
#1 DONE 0.0s

#2 [internal] load build definition from Dockerfile
#2 transferring dockerfile: 1.18kB done
#2 DONE 0.0s

#3 [internal] load metadata for mcr.microsoft.com/dotnet/aspnet:9.0
#3 DONE 0.2s

#4 [internal] load metadata for mcr.microsoft.com/dotnet/sdk:9.0
#4 DONE 0.2s

#5 [internal] load .dockerignore
#5 transferring context: 216B done
#5 DONE 0.0s

#6 [stage-1 1/4] FROM mcr.microsoft.com/dotnet/aspnet:9.0@sha256:4e376dd15bbc8437d4892367ab0ea06a3ac9fea482d10f92f3c493fe1a2219ad
#6 resolve mcr.microsoft.com/dotnet/aspnet:9.0@sha256:4e376dd15bbc8437d4892367ab0ea06a3ac9fea482d10f92f3c493fe1a2219ad 0.0s done
#6 DONE 0.0s

#7 [build 1/5] FROM mcr.microsoft.com/dotnet/sdk:9.0@sha256:35048e3a81e6a07c316e7bbbd80d80d2ba705fe5f23a8ed42b6638c8f4c20d30
#7 resolve mcr.microsoft.com/dotnet/sdk:9.0@sha256:35048e3a81e6a07c316e7bbbd80d80d2ba705fe5f23a8ed42b6638c8f4c20d30 0.0s done
#7 DONE 0.0s

#8 [internal] load build context
#8 transferring context: 43.85MB 0.3s done
#8 DONE 0.4s

#9 [build 2/5] WORKDIR /src
#9 CACHED

#10 [build 3/5] COPY . .
#10 DONE 0.6s

#11 [build 4/5] RUN dotnet restore     benchmarks/CoffeeBeanery.Performance/Foundgine.CoffeeBeanery.BenchmarkApi/Foundgine.CoffeeBeanery.BenchmarkApi.csproj
#11 0.730   Determining projects to restore...
#11 1.747   Restored /src/src/Foundgine.Sql/Foundgine.Sql.csproj (in 126 ms).
#11 1.747   Restored /src/src/Foundgine.Metadata/Foundgine.Metadata.csproj (in 126 ms).
#11 1.747   Restored /src/src/Foundgine.Semantics/Foundgine.Semantics.csproj (in 124 ms).
#11 1.747   Restored /src/src/Foundgine.Execution/Foundgine.Execution.csproj (in 124 ms).
#11 1.747   Restored /src/src/Foundgine.Abstractions/Foundgine.Abstractions.csproj (in 113 ms).
#11 1.755   Restored /src/src/Foundgine.Planning/Foundgine.Planning.csproj (in 2 ms).
#11 4.213   Restored /src/src/Foundgine.GraphQL.HotChocolate/Foundgine.GraphQL.HotChocolate.csproj (in 2.62 sec).
#11 4.213   Restored /src/src/Foundgine.GraphQL.HotChocolate.Mutations/Foundgine.GraphQL.HotChocolate.Mutations.csproj (in 2.62 sec).
#11 4.214   Restored /src/benchmarks/CoffeeBeanery.Performance/Foundgine.CoffeeBeanery.BenchmarkApi/Foundgine.CoffeeBeanery.BenchmarkApi.csproj (in 2.62 sec).
#11 DONE 4.3s

#12 [build 5/5] RUN dotnet publish     benchmarks/CoffeeBeanery.Performance/Foundgine.CoffeeBeanery.BenchmarkApi/Foundgine.CoffeeBeanery.BenchmarkApi.csproj     -c Release     -o /app/publish
#12 0.773   Determining projects to restore...
#12 1.688   All projects are up-to-date for restore.
#12 3.997   Foundgine.Abstractions -> /src/src/Foundgine.Abstractions/bin/Release/net9.0/Foundgine.Abstractions.dll
#12 4.535   Foundgine.Metadata -> /src/src/Foundgine.Metadata/bin/Release/net9.0/Foundgine.Metadata.dll
#12 4.690   Foundgine.Semantics -> /src/src/Foundgine.Semantics/bin/Release/net9.0/Foundgine.Semantics.dll
#12 5.242   Foundgine.GraphQL.HotChocolate -> /src/src/Foundgine.GraphQL.HotChocolate/bin/Release/net9.0/Foundgine.GraphQL.HotChocolate.dll
#12 5.344   Foundgine.Planning -> /src/src/Foundgine.Planning/bin/Release/net9.0/Foundgine.Planning.dll
#12 5.786   Foundgine.Execution -> /src/src/Foundgine.Execution/bin/Release/net9.0/Foundgine.Execution.dll
#12 6.336   Foundgine.GraphQL.HotChocolate.Mutations -> /src/src/Foundgine.GraphQL.HotChocolate.Mutations/bin/Release/net9.0/Foundgine.GraphQL.HotChocolate.Mutations.dll
#12 6.542   Foundgine.Sql -> /src/src/Foundgine.Sql/bin/Release/net9.0/Foundgine.Sql.dll
#12 7.475   Foundgine.CoffeeBeanery.BenchmarkApi -> /src/benchmarks/CoffeeBeanery.Performance/Foundgine.CoffeeBeanery.BenchmarkApi/bin/Release/net9.0/Foundgine.CoffeeBeanery.BenchmarkApi.dll
#12 7.537   Foundgine.CoffeeBeanery.BenchmarkApi -> /app/publish/
#12 DONE 7.7s

#13 [stage-1 2/4] RUN apt-get update     && apt-get install -y --no-install-recommends curl     && rm -rf /var/lib/apt/lists/*
#13 CACHED

#14 [stage-1 3/4] WORKDIR /app
#14 CACHED

#15 [stage-1 4/4] COPY --from=build /app/publish .
#15 CACHED

#16 exporting to image
#16 exporting layers done
#16 exporting manifest sha256:e5bb57ac5cecc4a8e485f7638752cbf31232a4403d005fcb7ca3d20e2ec1f07e 0.0s done
#16 exporting config sha256:5e53e549d6250f8038092ea89de38eb733e96ce35632a1ac30bf30e5e747eb00 0.0s done
#16 exporting attestation manifest sha256:f0fe64cfd8695ec7cec97d49b5d6bfb42dfe08a80a94b79b74efa921e321a23b 0.0s done
#16 exporting manifest list sha256:16f12e95ef11c64be527a8bbd5e460ae916643af607e4c5ec1ae9ea7cae88a2e 0.0s done
#16 naming to docker.io/library/foundgine-agent-e2e-run3-foundgine-warm:latest
#16 naming to docker.io/library/foundgine-agent-e2e-run3-foundgine-warm:latest done
#16 unpacking to docker.io/library/foundgine-agent-e2e-run3-foundgine-warm:latest 0.0s done
#16 DONE 0.1s

#17 resolving provenance for metadata file
#17 DONE 0.0s
 Image foundgine-agent-e2e-run3-foundgine-warm Built 
 Container foundgine-agent-e2e-run3-foundgine-warm-1 Creating 
 Container foundgine-agent-e2e-run3-foundgine-warm-1 Created 
 Container foundgine-agent-e2e-run3-foundgine-warm-1 Starting 
 Container foundgine-agent-e2e-run3-foundgine-warm-1 Started 
Waiting for http://localhost:4302/health/ready ...

>>> Concurrency tier: 8

============================================
 Agent benchmark: 10 customers / 30 runs
============================================
C:\Program Files\dotnet\sdk\9.0.304\Microsoft.Common.CurrentVersion.targets(2433,5): warning MSB3277: Found conflicts between different versions of "Microsoft.EntityFrameworkCore.Relational" that could not be resolved. [C:\Foundgine\benchmarks\AgentEndToEnd\Run3\Foundgine.AgentEndToEnd.Run3.csproj]
C:\Program Files\dotnet\sdk\9.0.304\Microsoft.Common.CurrentVersion.targets(2433,5): warning MSB3277: There was a conflict between "Microsoft.EntityFrameworkCore.Relational, Version=9.0.1.0, Culture=neutral, PublicKeyToken=adb9793829ddae60" and "Microsoft.EntityFrameworkCore.Relational, Version=9.0.4.0, Culture=neutral, PublicKeyToken=adb9793829ddae60". [C:\Foundgine\benchmarks\AgentEndToEnd\Run3\Foundgine.AgentEndToEnd.Run3.csproj]
C:\Program Files\dotnet\sdk\9.0.304\Microsoft.Common.CurrentVersion.targets(2433,5): warning MSB3277:     "Microsoft.EntityFrameworkCore.Relational, Version=9.0.1.0, Culture=neutral, PublicKeyToken=adb9793829ddae60" was chosen because it was primary and "Microsoft.EntityFrameworkCore.Relational, Version=9.0.4.0, Culture=neutral, PublicKeyToken=adb9793829ddae60" was not. [C:\Foundgine\benchmarks\AgentEndToEnd\Run3\Foundgine.AgentEndToEnd.Run3.csproj]
C:\Program Files\dotnet\sdk\9.0.304\Microsoft.Common.CurrentVersion.targets(2433,5): warning MSB3277:     References which depend on "Microsoft.EntityFrameworkCore.Relational, Version=9.0.1.0, Culture=neutral, PublicKeyToken=adb9793829ddae60" [C:\Users\clbp_\.nuget\packages\microsoft.entityframeworkcore.relational\9.0.1\lib\net8.0\Microsoft.EntityFrameworkCore.Relational.dll]. [C:\Foundgine\benchmarks\AgentEndToEnd\Run3\Foundgine.AgentEndToEnd.Run3.csproj]
C:\Program Files\dotnet\sdk\9.0.304\Microsoft.Common.CurrentVersion.targets(2433,5): warning MSB3277:         C:\Users\clbp_\.nuget\packages\microsoft.entityframeworkcore.relational\9.0.1\lib\net8.0\Microsoft.EntityFrameworkCore.Relational.dll [C:\Foundgine\benchmarks\AgentEndToEnd\Run3\Foundgine.AgentEndToEnd.Run3.csproj]
C:\Program Files\dotnet\sdk\9.0.304\Microsoft.Common.CurrentVersion.targets(2433,5): warning MSB3277:           Project file item includes which caused reference "C:\Users\clbp_\.nuget\packages\microsoft.entityframeworkcore.relational\9.0.1\lib\net8.0\Microsoft.EntityFrameworkCore.Relational.dll". [C:\Foundgine\benchmarks\AgentEndToEnd\Run3\Foundgine.AgentEndToEnd.Run3.csproj]
C:\Program Files\dotnet\sdk\9.0.304\Microsoft.Common.CurrentVersion.targets(2433,5): warning MSB3277:             C:\Users\clbp_\.nuget\packages\microsoft.entityframeworkcore.relational\9.0.1\lib\net8.0\Microsoft.EntityFrameworkCore.Relational.dll [C:\Foundgine\benchmarks\AgentEndToEnd\Run3\Foundgine.AgentEndToEnd.Run3.csproj]
C:\Program Files\dotnet\sdk\9.0.304\Microsoft.Common.CurrentVersion.targets(2433,5): warning MSB3277:     References which depend on or have been unified to "Microsoft.EntityFrameworkCore.Relational, Version=9.0.4.0, Culture=neutral, PublicKeyToken=adb9793829ddae60" []. [C:\Foundgine\benchmarks\AgentEndToEnd\Run3\Foundgine.AgentEndToEnd.Run3.csproj]
C:\Program Files\dotnet\sdk\9.0.304\Microsoft.Common.CurrentVersion.targets(2433,5): warning MSB3277:         C:\Foundgine\benchmarks\CoffeeBeanery.Performance\CoffeeBeanery.Database\bin\Release\net9.0\CoffeeBeanery.Database.dll [C:\Foundgine\benchmarks\AgentEndToEnd\Run3\Foundgine.AgentEndToEnd.Run3.csproj]
C:\Program Files\dotnet\sdk\9.0.304\Microsoft.Common.CurrentVersion.targets(2433,5): warning MSB3277:           Project file item includes which caused reference "C:\Foundgine\benchmarks\CoffeeBeanery.Performance\CoffeeBeanery.Database\bin\Release\net9.0\CoffeeBeanery.Database.dll". [C:\Foundgine\benchmarks\AgentEndToEnd\Run3\Foundgine.AgentEndToEnd.Run3.csproj]
C:\Program Files\dotnet\sdk\9.0.304\Microsoft.Common.CurrentVersion.targets(2433,5): warning MSB3277:             C:\Foundgine\benchmarks\CoffeeBeanery.Performance\CoffeeBeanery.Database\bin\Release\net9.0\CoffeeBeanery.Database.dll [C:\Foundgine\benchmarks\AgentEndToEnd\Run3\Foundgine.AgentEndToEnd.Run3.csproj]
===============================================
 Foundgine / Agent End-to-End Benchmark
===============================================
Scenario:     customer-exposure-review
Mode:         replay
Warmups:      5
Measured:     30
Customer count: 10
Concurrency:  8
Targets:      1, 2, 3, 4, 5, 6, 7, 8
Threshold:    48,000

Fixture:      4 relationships / 12 contracts / 48 transactions
Baseline:     Customer 1 Benchmark

== Conventional application/AI flow ==
run=1 wall=11.2ms model=0.0ms tools=69.6ms modelCalls=0 toolCalls=56 inputTokens=0 outputTokens=0 totalTokens=0 estContextLoadTokens~7568 workers=8 httpRetries=0
run=2 wall=12.6ms model=0.0ms tools=75.8ms modelCalls=0 toolCalls=56 inputTokens=0 outputTokens=0 totalTokens=0 estContextLoadTokens~7568 workers=8 httpRetries=0
run=3 wall=13.7ms model=0.0ms tools=82.9ms modelCalls=0 toolCalls=56 inputTokens=0 outputTokens=0 totalTokens=0 estContextLoadTokens~7568 workers=8 httpRetries=0
run=4 wall=100.6ms model=0.0ms tools=514.6ms modelCalls=0 toolCalls=56 inputTokens=0 outputTokens=0 totalTokens=0 estContextLoadTokens~7568 workers=8 httpRetries=0
run=5 wall=11.6ms model=0.0ms tools=71.2ms modelCalls=0 toolCalls=56 inputTokens=0 outputTokens=0 totalTokens=0 estContextLoadTokens~7568 workers=8 httpRetries=0
run=6 wall=12.3ms model=0.0ms tools=75.8ms modelCalls=0 toolCalls=56 inputTokens=0 outputTokens=0 totalTokens=0 estContextLoadTokens~7568 workers=8 httpRetries=0
run=7 wall=11.2ms model=0.0ms tools=67.5ms modelCalls=0 toolCalls=56 inputTokens=0 outputTokens=0 totalTokens=0 estContextLoadTokens~7568 workers=8 httpRetries=0
run=8 wall=11.9ms model=0.0ms tools=67.3ms modelCalls=0 toolCalls=56 inputTokens=0 outputTokens=0 totalTokens=0 estContextLoadTokens~7568 workers=8 httpRetries=0
run=9 wall=11.7ms model=0.0ms tools=70.9ms modelCalls=0 toolCalls=56 inputTokens=0 outputTokens=0 totalTokens=0 estContextLoadTokens~7568 workers=8 httpRetries=0
run=10 wall=11.3ms model=0.0ms tools=67.7ms modelCalls=0 toolCalls=56 inputTokens=0 outputTokens=0 totalTokens=0 estContextLoadTokens~7568 workers=8 httpRetries=0
run=11 wall=12.0ms model=0.0ms tools=68.5ms modelCalls=0 toolCalls=56 inputTokens=0 outputTokens=0 totalTokens=0 estContextLoadTokens~7568 workers=8 httpRetries=0
run=12 wall=13.1ms model=0.0ms tools=70.4ms modelCalls=0 toolCalls=56 inputTokens=0 outputTokens=0 totalTokens=0 estContextLoadTokens~7568 workers=8 httpRetries=0
run=13 wall=11.7ms model=0.0ms tools=71.0ms modelCalls=0 toolCalls=56 inputTokens=0 outputTokens=0 totalTokens=0 estContextLoadTokens~7568 workers=8 httpRetries=0
run=14 wall=11.0ms model=0.0ms tools=69.0ms modelCalls=0 toolCalls=56 inputTokens=0 outputTokens=0 totalTokens=0 estContextLoadTokens~7568 workers=8 httpRetries=0
run=15 wall=11.4ms model=0.0ms tools=71.5ms modelCalls=0 toolCalls=56 inputTokens=0 outputTokens=0 totalTokens=0 estContextLoadTokens~7568 workers=8 httpRetries=0
run=16 wall=10.7ms model=0.0ms tools=65.1ms modelCalls=0 toolCalls=56 inputTokens=0 outputTokens=0 totalTokens=0 estContextLoadTokens~7568 workers=8 httpRetries=0
run=17 wall=11.9ms model=0.0ms tools=74.7ms modelCalls=0 toolCalls=56 inputTokens=0 outputTokens=0 totalTokens=0 estContextLoadTokens~7568 workers=8 httpRetries=0
run=18 wall=10.4ms model=0.0ms tools=63.7ms modelCalls=0 toolCalls=56 inputTokens=0 outputTokens=0 totalTokens=0 estContextLoadTokens~7568 workers=8 httpRetries=0
run=19 wall=11.5ms model=0.0ms tools=68.2ms modelCalls=0 toolCalls=56 inputTokens=0 outputTokens=0 totalTokens=0 estContextLoadTokens~7568 workers=8 httpRetries=0
run=20 wall=12.1ms model=0.0ms tools=70.4ms modelCalls=0 toolCalls=56 inputTokens=0 outputTokens=0 totalTokens=0 estContextLoadTokens~7568 workers=8 httpRetries=0
run=21 wall=11.2ms model=0.0ms tools=64.3ms modelCalls=0 toolCalls=56 inputTokens=0 outputTokens=0 totalTokens=0 estContextLoadTokens~7568 workers=8 httpRetries=0
run=22 wall=11.3ms model=0.0ms tools=72.7ms modelCalls=0 toolCalls=56 inputTokens=0 outputTokens=0 totalTokens=0 estContextLoadTokens~7568 workers=8 httpRetries=0
run=23 wall=11.1ms model=0.0ms tools=67.1ms modelCalls=0 toolCalls=56 inputTokens=0 outputTokens=0 totalTokens=0 estContextLoadTokens~7568 workers=8 httpRetries=0
run=24 wall=11.1ms model=0.0ms tools=68.9ms modelCalls=0 toolCalls=56 inputTokens=0 outputTokens=0 totalTokens=0 estContextLoadTokens~7568 workers=8 httpRetries=0
run=25 wall=11.4ms model=0.0ms tools=66.6ms modelCalls=0 toolCalls=56 inputTokens=0 outputTokens=0 totalTokens=0 estContextLoadTokens~7568 workers=8 httpRetries=0
run=26 wall=10.8ms model=0.0ms tools=66.7ms modelCalls=0 toolCalls=56 inputTokens=0 outputTokens=0 totalTokens=0 estContextLoadTokens~7568 workers=8 httpRetries=0
run=27 wall=15.8ms model=0.0ms tools=105.5ms modelCalls=0 toolCalls=56 inputTokens=0 outputTokens=0 totalTokens=0 estContextLoadTokens~7568 workers=8 httpRetries=0
run=28 wall=11.0ms model=0.0ms tools=65.4ms modelCalls=0 toolCalls=56 inputTokens=0 outputTokens=0 totalTokens=0 estContextLoadTokens~7568 workers=8 httpRetries=0
run=29 wall=10.8ms model=0.0ms tools=68.0ms modelCalls=0 toolCalls=56 inputTokens=0 outputTokens=0 totalTokens=0 estContextLoadTokens~7568 workers=8 httpRetries=0
run=30 wall=10.5ms model=0.0ms tools=64.8ms modelCalls=0 toolCalls=56 inputTokens=0 outputTokens=0 totalTokens=0 estContextLoadTokens~7568 workers=8 httpRetries=0

== Foundgine semantic flow ==
run=1 wall=13.9ms model=0.0ms tools=88.1ms modelCalls=0 toolCalls=32 inputTokens=0 outputTokens=0 totalTokens=0 estContextLoadTokens~4364 workers=8 httpRetries=0
run=2 wall=22.3ms model=0.0ms tools=146.6ms modelCalls=0 toolCalls=32 inputTokens=0 outputTokens=0 totalTokens=0 estContextLoadTokens~4364 workers=8 httpRetries=0
run=3 wall=13.6ms model=0.0ms tools=88.8ms modelCalls=0 toolCalls=32 inputTokens=0 outputTokens=0 totalTokens=0 estContextLoadTokens~4364 workers=8 httpRetries=0
run=4 wall=14.8ms model=0.0ms tools=89.4ms modelCalls=0 toolCalls=32 inputTokens=0 outputTokens=0 totalTokens=0 estContextLoadTokens~4364 workers=8 httpRetries=0
run=5 wall=15.6ms model=0.0ms tools=102.0ms modelCalls=0 toolCalls=32 inputTokens=0 outputTokens=0 totalTokens=0 estContextLoadTokens~4364 workers=8 httpRetries=0
run=6 wall=14.6ms model=0.0ms tools=91.9ms modelCalls=0 toolCalls=32 inputTokens=0 outputTokens=0 totalTokens=0 estContextLoadTokens~4364 workers=8 httpRetries=0
run=7 wall=15.0ms model=0.0ms tools=92.6ms modelCalls=0 toolCalls=32 inputTokens=0 outputTokens=0 totalTokens=0 estContextLoadTokens~4364 workers=8 httpRetries=0
run=8 wall=14.9ms model=0.0ms tools=91.2ms modelCalls=0 toolCalls=32 inputTokens=0 outputTokens=0 totalTokens=0 estContextLoadTokens~4364 workers=8 httpRetries=0
run=9 wall=17.1ms model=0.0ms tools=105.4ms modelCalls=0 toolCalls=32 inputTokens=0 outputTokens=0 totalTokens=0 estContextLoadTokens~4364 workers=8 httpRetries=0
run=10 wall=14.2ms model=0.0ms tools=91.9ms modelCalls=0 toolCalls=32 inputTokens=0 outputTokens=0 totalTokens=0 estContextLoadTokens~4364 workers=8 httpRetries=0
run=11 wall=15.3ms model=0.0ms tools=92.0ms modelCalls=0 toolCalls=32 inputTokens=0 outputTokens=0 totalTokens=0 estContextLoadTokens~4364 workers=8 httpRetries=0
run=12 wall=17.6ms model=0.0ms tools=107.2ms modelCalls=0 toolCalls=32 inputTokens=0 outputTokens=0 totalTokens=0 estContextLoadTokens~4364 workers=8 httpRetries=0
run=13 wall=15.2ms model=0.0ms tools=94.0ms modelCalls=0 toolCalls=32 inputTokens=0 outputTokens=0 totalTokens=0 estContextLoadTokens~4364 workers=8 httpRetries=0
run=14 wall=15.9ms model=0.0ms tools=97.5ms modelCalls=0 toolCalls=32 inputTokens=0 outputTokens=0 totalTokens=0 estContextLoadTokens~4364 workers=8 httpRetries=0
run=15 wall=14.3ms model=0.0ms tools=95.0ms modelCalls=0 toolCalls=32 inputTokens=0 outputTokens=0 totalTokens=0 estContextLoadTokens~4364 workers=8 httpRetries=0
run=16 wall=14.8ms model=0.0ms tools=95.0ms modelCalls=0 toolCalls=32 inputTokens=0 outputTokens=0 totalTokens=0 estContextLoadTokens~4364 workers=8 httpRetries=0
run=17 wall=14.6ms model=0.0ms tools=87.7ms modelCalls=0 toolCalls=32 inputTokens=0 outputTokens=0 totalTokens=0 estContextLoadTokens~4364 workers=8 httpRetries=0
run=18 wall=18.1ms model=0.0ms tools=91.7ms modelCalls=0 toolCalls=32 inputTokens=0 outputTokens=0 totalTokens=0 estContextLoadTokens~4364 workers=8 httpRetries=0
run=19 wall=14.7ms model=0.0ms tools=90.8ms modelCalls=0 toolCalls=32 inputTokens=0 outputTokens=0 totalTokens=0 estContextLoadTokens~4364 workers=8 httpRetries=0
run=20 wall=12.8ms model=0.0ms tools=80.0ms modelCalls=0 toolCalls=32 inputTokens=0 outputTokens=0 totalTokens=0 estContextLoadTokens~4364 workers=8 httpRetries=0
run=21 wall=14.5ms model=0.0ms tools=94.9ms modelCalls=0 toolCalls=32 inputTokens=0 outputTokens=0 totalTokens=0 estContextLoadTokens~4364 workers=8 httpRetries=0
run=22 wall=13.6ms model=0.0ms tools=86.7ms modelCalls=0 toolCalls=32 inputTokens=0 outputTokens=0 totalTokens=0 estContextLoadTokens~4364 workers=8 httpRetries=0
run=23 wall=15.8ms model=0.0ms tools=99.8ms modelCalls=0 toolCalls=32 inputTokens=0 outputTokens=0 totalTokens=0 estContextLoadTokens~4364 workers=8 httpRetries=0
run=24 wall=12.7ms model=0.0ms tools=80.4ms modelCalls=0 toolCalls=32 inputTokens=0 outputTokens=0 totalTokens=0 estContextLoadTokens~4364 workers=8 httpRetries=0
run=25 wall=13.0ms model=0.0ms tools=81.8ms modelCalls=0 toolCalls=32 inputTokens=0 outputTokens=0 totalTokens=0 estContextLoadTokens~4364 workers=8 httpRetries=0
run=26 wall=15.6ms model=0.0ms tools=99.5ms modelCalls=0 toolCalls=32 inputTokens=0 outputTokens=0 totalTokens=0 estContextLoadTokens~4364 workers=8 httpRetries=0
run=27 wall=12.9ms model=0.0ms tools=80.5ms modelCalls=0 toolCalls=32 inputTokens=0 outputTokens=0 totalTokens=0 estContextLoadTokens~4364 workers=8 httpRetries=0
run=28 wall=20.3ms model=0.0ms tools=124.5ms modelCalls=0 toolCalls=32 inputTokens=0 outputTokens=0 totalTokens=0 estContextLoadTokens~4364 workers=8 httpRetries=0
run=29 wall=13.0ms model=0.0ms tools=76.4ms modelCalls=0 toolCalls=32 inputTokens=0 outputTokens=0 totalTokens=0 estContextLoadTokens~4364 workers=8 httpRetries=0
run=30 wall=14.1ms model=0.0ms tools=92.1ms modelCalls=0 toolCalls=32 inputTokens=0 outputTokens=0 totalTokens=0 estContextLoadTokens~4364 workers=8 httpRetries=0

===============================================
 Comparison
===============================================
Token saving (provider-reported): N/A â?" replay mode reports no model token usage (run in 'live' mode for real numbers)
Token saving (estimated, heuristic): 42.3% â?" offline chars/words estimate of tool payload size, not a tokenizer count
Tool-call saving:   42.9%
Model-call saving:  0.0%
Wall-clock change:  3.6%
Same final state:   True
JSON report:        C:\Foundgine\benchmarks\AgentEndToEnd\Run3\artifacts\00010-customers\concurrency-008\agent-benchmark.json
Markdown report:    C:\Foundgine\benchmarks\AgentEndToEnd\Run3\artifacts\00010-customers\concurrency-008\agent-benchmark.md

>>> Concurrency tier: 16 (skipped: exceeds customer count 10)

>>> Concurrency tier: 32 (skipped: exceeds customer count 10)

>>> Concurrency tier: 64 (skipped: exceeds customer count 10)
Removing benchmark containers and PostgreSQL volume...
Starting PostgreSQL 17 benchmark container on host port 60182...
 Network foundgine-agent-e2e-run3_default Creating 
 Network foundgine-agent-e2e-run3_default Created 
 Volume foundgine-agent-e2e-run3_agent-e2e-postgres-data Creating 
 Volume foundgine-agent-e2e-run3_agent-e2e-postgres-data Created 
 Container foundgine-agent-e2e-run3-postgres-1 Creating 
 Container foundgine-agent-e2e-run3-postgres-1 Created 
 Container foundgine-agent-e2e-run3-postgres-1 Starting 
 Container foundgine-agent-e2e-run3-postgres-1 Started 
Waiting for PostgreSQL...
Seeding fixture: 100 customers ...
Seeding 100 customers, 400 relationships, 1,200 contracts and 4,800 transactions...
Seeded: 100 customers, 400 relationships, 1,200 contracts, 4,800 transactions.
Benchmark graph for Customer 1: 4 relationships -> 12 contracts -> 48 transactions.
Customer 1 is the deterministic benchmark target.
Building and starting Foundgine warm benchmark API...
 Image foundgine-agent-e2e-run3-foundgine-warm Building 
#1 [internal] load local bake definitions
#1 reading from stdin 622B done
#1 DONE 0.0s

#2 [internal] load build definition from Dockerfile
#2 transferring dockerfile: 1.18kB done
#2 DONE 0.0s

#3 [internal] load metadata for mcr.microsoft.com/dotnet/aspnet:9.0
#3 ...

#4 [internal] load metadata for mcr.microsoft.com/dotnet/sdk:9.0
#4 DONE 0.3s

#3 [internal] load metadata for mcr.microsoft.com/dotnet/aspnet:9.0
#3 DONE 0.3s

#5 [internal] load .dockerignore
#5 transferring context: 216B done
#5 DONE 0.0s

#6 [stage-1 1/4] FROM mcr.microsoft.com/dotnet/aspnet:9.0@sha256:4e376dd15bbc8437d4892367ab0ea06a3ac9fea482d10f92f3c493fe1a2219ad
#6 resolve mcr.microsoft.com/dotnet/aspnet:9.0@sha256:4e376dd15bbc8437d4892367ab0ea06a3ac9fea482d10f92f3c493fe1a2219ad 0.0s done
#6 DONE 0.0s

#7 [build 1/5] FROM mcr.microsoft.com/dotnet/sdk:9.0@sha256:35048e3a81e6a07c316e7bbbd80d80d2ba705fe5f23a8ed42b6638c8f4c20d30
#7 resolve mcr.microsoft.com/dotnet/sdk:9.0@sha256:35048e3a81e6a07c316e7bbbd80d80d2ba705fe5f23a8ed42b6638c8f4c20d30 0.0s done
#7 DONE 0.0s

#8 [internal] load build context
#8 transferring context: 167.34kB 0.1s done
#8 DONE 0.1s

#9 [build 2/5] WORKDIR /src
#9 CACHED

#10 [build 3/5] COPY . .
#10 DONE 4.3s

#11 [build 4/5] RUN dotnet restore     benchmarks/CoffeeBeanery.Performance/Foundgine.CoffeeBeanery.BenchmarkApi/Foundgine.CoffeeBeanery.BenchmarkApi.csproj
#11 0.700   Determining projects to restore...
#11 1.702   Restored /src/src/Foundgine.Execution/Foundgine.Execution.csproj (in 126 ms).
#11 1.702   Restored /src/src/Foundgine.Planning/Foundgine.Planning.csproj (in 126 ms).
#11 1.702   Restored /src/src/Foundgine.Semantics/Foundgine.Semantics.csproj (in 126 ms).
#11 1.702   Restored /src/src/Foundgine.Metadata/Foundgine.Metadata.csproj (in 126 ms).
#11 1.702   Restored /src/src/Foundgine.Abstractions/Foundgine.Abstractions.csproj (in 113 ms).
#11 1.702   Restored /src/src/Foundgine.Sql/Foundgine.Sql.csproj (in 126 ms).
#11 3.431   Restored /src/src/Foundgine.GraphQL.HotChocolate/Foundgine.GraphQL.HotChocolate.csproj (in 1.72 sec).
#11 3.431   Restored /src/benchmarks/CoffeeBeanery.Performance/Foundgine.CoffeeBeanery.BenchmarkApi/Foundgine.CoffeeBeanery.BenchmarkApi.csproj (in 1.88 sec).
#11 3.431   Restored /src/src/Foundgine.GraphQL.HotChocolate.Mutations/Foundgine.GraphQL.HotChocolate.Mutations.csproj (in 1.88 sec).
#11 DONE 3.5s

#12 [build 5/5] RUN dotnet publish     benchmarks/CoffeeBeanery.Performance/Foundgine.CoffeeBeanery.BenchmarkApi/Foundgine.CoffeeBeanery.BenchmarkApi.csproj     -c Release     -o /app/publish
#12 0.738   Determining projects to restore...
#12 1.758   All projects are up-to-date for restore.
#12 4.083   Foundgine.Abstractions -> /src/src/Foundgine.Abstractions/bin/Release/net9.0/Foundgine.Abstractions.dll
#12 4.661   Foundgine.Metadata -> /src/src/Foundgine.Metadata/bin/Release/net9.0/Foundgine.Metadata.dll
#12 4.821   Foundgine.Semantics -> /src/src/Foundgine.Semantics/bin/Release/net9.0/Foundgine.Semantics.dll
#12 5.357   Foundgine.GraphQL.HotChocolate -> /src/src/Foundgine.GraphQL.HotChocolate/bin/Release/net9.0/Foundgine.GraphQL.HotChocolate.dll
#12 5.450   Foundgine.Planning -> /src/src/Foundgine.Planning/bin/Release/net9.0/Foundgine.Planning.dll
#12 5.830   Foundgine.Execution -> /src/src/Foundgine.Execution/bin/Release/net9.0/Foundgine.Execution.dll
#12 6.333   Foundgine.GraphQL.HotChocolate.Mutations -> /src/src/Foundgine.GraphQL.HotChocolate.Mutations/bin/Release/net9.0/Foundgine.GraphQL.HotChocolate.Mutations.dll
#12 6.477   Foundgine.Sql -> /src/src/Foundgine.Sql/bin/Release/net9.0/Foundgine.Sql.dll
#12 7.314   Foundgine.CoffeeBeanery.BenchmarkApi -> /src/benchmarks/CoffeeBeanery.Performance/Foundgine.CoffeeBeanery.BenchmarkApi/bin/Release/net9.0/Foundgine.CoffeeBeanery.BenchmarkApi.dll
#12 7.368   Foundgine.CoffeeBeanery.BenchmarkApi -> /app/publish/
#12 DONE 7.5s

#13 [stage-1 3/4] WORKDIR /app
#13 CACHED

#14 [stage-1 2/4] RUN apt-get update     && apt-get install -y --no-install-recommends curl     && rm -rf /var/lib/apt/lists/*
#14 CACHED

#15 [stage-1 4/4] COPY --from=build /app/publish .
#15 CACHED

#16 exporting to image
#16 exporting layers done
#16 exporting manifest sha256:e5bb57ac5cecc4a8e485f7638752cbf31232a4403d005fcb7ca3d20e2ec1f07e done
#16 exporting config sha256:5e53e549d6250f8038092ea89de38eb733e96ce35632a1ac30bf30e5e747eb00 done
#16 exporting attestation manifest sha256:7bdfe84339b767fae684bf4be9703ca2e7b47d3f37808635984531c22cfea689 0.0s done
#16 exporting manifest list sha256:d159625ec1f22784fd31786dad6d3ff64abdff3ec18e954636b4c3818275c394
#16 exporting manifest list sha256:d159625ec1f22784fd31786dad6d3ff64abdff3ec18e954636b4c3818275c394 0.0s done
#16 naming to docker.io/library/foundgine-agent-e2e-run3-foundgine-warm:latest done
#16 unpacking to docker.io/library/foundgine-agent-e2e-run3-foundgine-warm:latest 0.0s done
#16 DONE 0.1s

#17 resolving provenance for metadata file
#17 DONE 0.0s
 Image foundgine-agent-e2e-run3-foundgine-warm Built 
 Container foundgine-agent-e2e-run3-foundgine-warm-1 Creating 
 Container foundgine-agent-e2e-run3-foundgine-warm-1 Created 
 Container foundgine-agent-e2e-run3-foundgine-warm-1 Starting 
 Container foundgine-agent-e2e-run3-foundgine-warm-1 Started 
Waiting for http://localhost:4302/health/ready ...

>>> Concurrency tier: 64

============================================
 Agent benchmark: 100 customers / 30 runs
============================================
C:\Program Files\dotnet\sdk\9.0.304\Microsoft.Common.CurrentVersion.targets(2433,5): warning MSB3277: Found conflicts between different versions of "Microsoft.EntityFrameworkCore.Relational" that could not be resolved. [C:\Foundgine\benchmarks\AgentEndToEnd\Run3\Foundgine.AgentEndToEnd.Run3.csproj]
C:\Program Files\dotnet\sdk\9.0.304\Microsoft.Common.CurrentVersion.targets(2433,5): warning MSB3277: There was a conflict between "Microsoft.EntityFrameworkCore.Relational, Version=9.0.1.0, Culture=neutral, PublicKeyToken=adb9793829ddae60" and "Microsoft.EntityFrameworkCore.Relational, Version=9.0.4.0, Culture=neutral, PublicKeyToken=adb9793829ddae60". [C:\Foundgine\benchmarks\AgentEndToEnd\Run3\Foundgine.AgentEndToEnd.Run3.csproj]
C:\Program Files\dotnet\sdk\9.0.304\Microsoft.Common.CurrentVersion.targets(2433,5): warning MSB3277:     "Microsoft.EntityFrameworkCore.Relational, Version=9.0.1.0, Culture=neutral, PublicKeyToken=adb9793829ddae60" was chosen because it was primary and "Microsoft.EntityFrameworkCore.Relational, Version=9.0.4.0, Culture=neutral, PublicKeyToken=adb9793829ddae60" was not. [C:\Foundgine\benchmarks\AgentEndToEnd\Run3\Foundgine.AgentEndToEnd.Run3.csproj]
C:\Program Files\dotnet\sdk\9.0.304\Microsoft.Common.CurrentVersion.targets(2433,5): warning MSB3277:     References which depend on "Microsoft.EntityFrameworkCore.Relational, Version=9.0.1.0, Culture=neutral, PublicKeyToken=adb9793829ddae60" [C:\Users\clbp_\.nuget\packages\microsoft.entityframeworkcore.relational\9.0.1\lib\net8.0\Microsoft.EntityFrameworkCore.Relational.dll]. [C:\Foundgine\benchmarks\AgentEndToEnd\Run3\Foundgine.AgentEndToEnd.Run3.csproj]
C:\Program Files\dotnet\sdk\9.0.304\Microsoft.Common.CurrentVersion.targets(2433,5): warning MSB3277:         C:\Users\clbp_\.nuget\packages\microsoft.entityframeworkcore.relational\9.0.1\lib\net8.0\Microsoft.EntityFrameworkCore.Relational.dll [C:\Foundgine\benchmarks\AgentEndToEnd\Run3\Foundgine.AgentEndToEnd.Run3.csproj]
C:\Program Files\dotnet\sdk\9.0.304\Microsoft.Common.CurrentVersion.targets(2433,5): warning MSB3277:           Project file item includes which caused reference "C:\Users\clbp_\.nuget\packages\microsoft.entityframeworkcore.relational\9.0.1\lib\net8.0\Microsoft.EntityFrameworkCore.Relational.dll". [C:\Foundgine\benchmarks\AgentEndToEnd\Run3\Foundgine.AgentEndToEnd.Run3.csproj]
C:\Program Files\dotnet\sdk\9.0.304\Microsoft.Common.CurrentVersion.targets(2433,5): warning MSB3277:             C:\Users\clbp_\.nuget\packages\microsoft.entityframeworkcore.relational\9.0.1\lib\net8.0\Microsoft.EntityFrameworkCore.Relational.dll [C:\Foundgine\benchmarks\AgentEndToEnd\Run3\Foundgine.AgentEndToEnd.Run3.csproj]
C:\Program Files\dotnet\sdk\9.0.304\Microsoft.Common.CurrentVersion.targets(2433,5): warning MSB3277:     References which depend on or have been unified to "Microsoft.EntityFrameworkCore.Relational, Version=9.0.4.0, Culture=neutral, PublicKeyToken=adb9793829ddae60" []. [C:\Foundgine\benchmarks\AgentEndToEnd\Run3\Foundgine.AgentEndToEnd.Run3.csproj]
C:\Program Files\dotnet\sdk\9.0.304\Microsoft.Common.CurrentVersion.targets(2433,5): warning MSB3277:         C:\Foundgine\benchmarks\CoffeeBeanery.Performance\CoffeeBeanery.Database\bin\Release\net9.0\CoffeeBeanery.Database.dll [C:\Foundgine\benchmarks\AgentEndToEnd\Run3\Foundgine.AgentEndToEnd.Run3.csproj]
C:\Program Files\dotnet\sdk\9.0.304\Microsoft.Common.CurrentVersion.targets(2433,5): warning MSB3277:           Project file item includes which caused reference "C:\Foundgine\benchmarks\CoffeeBeanery.Performance\CoffeeBeanery.Database\bin\Release\net9.0\CoffeeBeanery.Database.dll". [C:\Foundgine\benchmarks\AgentEndToEnd\Run3\Foundgine.AgentEndToEnd.Run3.csproj]
C:\Program Files\dotnet\sdk\9.0.304\Microsoft.Common.CurrentVersion.targets(2433,5): warning MSB3277:             C:\Foundgine\benchmarks\CoffeeBeanery.Performance\CoffeeBeanery.Database\bin\Release\net9.0\CoffeeBeanery.Database.dll [C:\Foundgine\benchmarks\AgentEndToEnd\Run3\Foundgine.AgentEndToEnd.Run3.csproj]
===============================================
 Foundgine / Agent End-to-End Benchmark
===============================================
Scenario:     customer-exposure-review
Mode:         replay
Warmups:      5
Measured:     30
Customer count: 100
Concurrency:  64
Targets:      1, 2, 3, 4, 5, 6, 7, 8, 9, 10, 11, 12, 13, 14, 15, 16, 17, 18, 19, 20, 21, 22, 23, 24, 25, 26, 27, 28, 29, 30, 31, 32, 33, 34, 35, 36, 37, 38, 39, 40, 41, 42, 43, 44, 45, 46, 47, 48, 49, 50, 51, 52, 53, 54, 55, 56, 57, 58, 59, 60, 61, 62, 63, 64
Threshold:    48,000

Fixture:      4 relationships / 12 contracts / 48 transactions
Baseline:     Customer 1 Benchmark

== Conventional application/AI flow ==
run=1 wall=60.8ms model=0.0ms tools=2559.2ms modelCalls=0 toolCalls=448 inputTokens=0 outputTokens=0 totalTokens=0 estContextLoadTokens~61713 workers=64 httpRetries=0
run=2 wall=55.8ms model=0.0ms tools=2547.1ms modelCalls=0 toolCalls=448 inputTokens=0 outputTokens=0 totalTokens=0 estContextLoadTokens~61713 workers=64 httpRetries=0
run=3 wall=57.6ms model=0.0ms tools=2514.8ms modelCalls=0 toolCalls=448 inputTokens=0 outputTokens=0 totalTokens=0 estContextLoadTokens~61713 workers=64 httpRetries=0
run=4 wall=55.9ms model=0.0ms tools=2413.9ms modelCalls=0 toolCalls=448 inputTokens=0 outputTokens=0 totalTokens=0 estContextLoadTokens~61713 workers=64 httpRetries=0
run=5 wall=52.6ms model=0.0ms tools=2259.1ms modelCalls=0 toolCalls=448 inputTokens=0 outputTokens=0 totalTokens=0 estContextLoadTokens~61713 workers=64 httpRetries=0
run=6 wall=57.4ms model=0.0ms tools=2451.2ms modelCalls=0 toolCalls=448 inputTokens=0 outputTokens=0 totalTokens=0 estContextLoadTokens~61713 workers=64 httpRetries=0
run=7 wall=45.9ms model=0.0ms tools=2054.1ms modelCalls=0 toolCalls=448 inputTokens=0 outputTokens=0 totalTokens=0 estContextLoadTokens~61713 workers=64 httpRetries=0
run=8 wall=57.1ms model=0.0ms tools=2666.4ms modelCalls=0 toolCalls=448 inputTokens=0 outputTokens=0 totalTokens=0 estContextLoadTokens~61713 workers=64 httpRetries=0
run=9 wall=44.8ms model=0.0ms tools=1949.3ms modelCalls=0 toolCalls=448 inputTokens=0 outputTokens=0 totalTokens=0 estContextLoadTokens~61713 workers=64 httpRetries=0
run=10 wall=62.1ms model=0.0ms tools=2729.4ms modelCalls=0 toolCalls=448 inputTokens=0 outputTokens=0 totalTokens=0 estContextLoadTokens~61713 workers=64 httpRetries=0
run=11 wall=52.3ms model=0.0ms tools=2188.9ms modelCalls=0 toolCalls=448 inputTokens=0 outputTokens=0 totalTokens=0 estContextLoadTokens~61713 workers=64 httpRetries=0
run=12 wall=48.8ms model=0.0ms tools=1964.7ms modelCalls=0 toolCalls=448 inputTokens=0 outputTokens=0 totalTokens=0 estContextLoadTokens~61713 workers=64 httpRetries=0
run=13 wall=51.4ms model=0.0ms tools=2249.3ms modelCalls=0 toolCalls=448 inputTokens=0 outputTokens=0 totalTokens=0 estContextLoadTokens~61713 workers=64 httpRetries=0
run=14 wall=48.5ms model=0.0ms tools=2148.0ms modelCalls=0 toolCalls=448 inputTokens=0 outputTokens=0 totalTokens=0 estContextLoadTokens~61713 workers=64 httpRetries=0
run=15 wall=51.2ms model=0.0ms tools=2253.3ms modelCalls=0 toolCalls=448 inputTokens=0 outputTokens=0 totalTokens=0 estContextLoadTokens~61713 workers=64 httpRetries=0
run=16 wall=50.0ms model=0.0ms tools=2162.4ms modelCalls=0 toolCalls=448 inputTokens=0 outputTokens=0 totalTokens=0 estContextLoadTokens~61713 workers=64 httpRetries=0
run=17 wall=51.9ms model=0.0ms tools=2229.0ms modelCalls=0 toolCalls=448 inputTokens=0 outputTokens=0 totalTokens=0 estContextLoadTokens~61713 workers=64 httpRetries=0
run=18 wall=50.7ms model=0.0ms tools=2269.3ms modelCalls=0 toolCalls=448 inputTokens=0 outputTokens=0 totalTokens=0 estContextLoadTokens~61713 workers=64 httpRetries=0
run=19 wall=56.1ms model=0.0ms tools=2567.2ms modelCalls=0 toolCalls=448 inputTokens=0 outputTokens=0 totalTokens=0 estContextLoadTokens~61713 workers=64 httpRetries=0
run=20 wall=48.7ms model=0.0ms tools=2069.2ms modelCalls=0 toolCalls=448 inputTokens=0 outputTokens=0 totalTokens=0 estContextLoadTokens~61713 workers=64 httpRetries=0
run=21 wall=64.7ms model=0.0ms tools=2750.3ms modelCalls=0 toolCalls=448 inputTokens=0 outputTokens=0 totalTokens=0 estContextLoadTokens~61713 workers=64 httpRetries=0
run=22 wall=64.3ms model=0.0ms tools=2667.6ms modelCalls=0 toolCalls=448 inputTokens=0 outputTokens=0 totalTokens=0 estContextLoadTokens~61713 workers=64 httpRetries=0
run=23 wall=68.3ms model=0.0ms tools=2973.7ms modelCalls=0 toolCalls=448 inputTokens=0 outputTokens=0 totalTokens=0 estContextLoadTokens~61713 workers=64 httpRetries=0
run=24 wall=60.9ms model=0.0ms tools=2808.3ms modelCalls=0 toolCalls=448 inputTokens=0 outputTokens=0 totalTokens=0 estContextLoadTokens~61713 workers=64 httpRetries=0
run=25 wall=61.2ms model=0.0ms tools=2791.7ms modelCalls=0 toolCalls=448 inputTokens=0 outputTokens=0 totalTokens=0 estContextLoadTokens~61713 workers=64 httpRetries=0
run=26 wall=48.1ms model=0.0ms tools=2145.2ms modelCalls=0 toolCalls=448 inputTokens=0 outputTokens=0 totalTokens=0 estContextLoadTokens~61713 workers=64 httpRetries=0
run=27 wall=63.4ms model=0.0ms tools=2753.7ms modelCalls=0 toolCalls=448 inputTokens=0 outputTokens=0 totalTokens=0 estContextLoadTokens~61713 workers=64 httpRetries=0
run=28 wall=53.9ms model=0.0ms tools=2567.4ms modelCalls=0 toolCalls=448 inputTokens=0 outputTokens=0 totalTokens=0 estContextLoadTokens~61713 workers=64 httpRetries=0
run=29 wall=58.4ms model=0.0ms tools=2467.6ms modelCalls=0 toolCalls=448 inputTokens=0 outputTokens=0 totalTokens=0 estContextLoadTokens~61713 workers=64 httpRetries=0
run=30 wall=71.4ms model=0.0ms tools=3362.2ms modelCalls=0 toolCalls=448 inputTokens=0 outputTokens=0 totalTokens=0 estContextLoadTokens~61713 workers=64 httpRetries=0

== Foundgine semantic flow ==
run=1 wall=82.7ms model=0.0ms tools=3759.8ms modelCalls=0 toolCalls=256 inputTokens=0 outputTokens=0 totalTokens=0 estContextLoadTokens~35144 workers=64 httpRetries=0
run=2 wall=91.2ms model=0.0ms tools=4462.0ms modelCalls=0 toolCalls=256 inputTokens=0 outputTokens=0 totalTokens=0 estContextLoadTokens~35144 workers=64 httpRetries=0
run=3 wall=82.3ms model=0.0ms tools=3926.8ms modelCalls=0 toolCalls=256 inputTokens=0 outputTokens=0 totalTokens=0 estContextLoadTokens~35144 workers=64 httpRetries=0
run=4 wall=71.3ms model=0.0ms tools=3189.9ms modelCalls=0 toolCalls=256 inputTokens=0 outputTokens=0 totalTokens=0 estContextLoadTokens~35144 workers=64 httpRetries=0
run=5 wall=73.9ms model=0.0ms tools=3342.0ms modelCalls=0 toolCalls=256 inputTokens=0 outputTokens=0 totalTokens=0 estContextLoadTokens~35144 workers=64 httpRetries=0
run=6 wall=85.4ms model=0.0ms tools=3803.4ms modelCalls=0 toolCalls=256 inputTokens=0 outputTokens=0 totalTokens=0 estContextLoadTokens~35144 workers=64 httpRetries=0
run=7 wall=73.8ms model=0.0ms tools=3504.9ms modelCalls=0 toolCalls=256 inputTokens=0 outputTokens=0 totalTokens=0 estContextLoadTokens~35144 workers=64 httpRetries=0
run=8 wall=73.4ms model=0.0ms tools=3561.7ms modelCalls=0 toolCalls=256 inputTokens=0 outputTokens=0 totalTokens=0 estContextLoadTokens~35144 workers=64 httpRetries=0
run=9 wall=62.4ms model=0.0ms tools=2858.6ms modelCalls=0 toolCalls=256 inputTokens=0 outputTokens=0 totalTokens=0 estContextLoadTokens~35144 workers=64 httpRetries=0
run=10 wall=61.4ms model=0.0ms tools=2764.7ms modelCalls=0 toolCalls=256 inputTokens=0 outputTokens=0 totalTokens=0 estContextLoadTokens~35144 workers=64 httpRetries=0
run=11 wall=76.9ms model=0.0ms tools=3735.4ms modelCalls=0 toolCalls=256 inputTokens=0 outputTokens=0 totalTokens=0 estContextLoadTokens~35144 workers=64 httpRetries=0
run=12 wall=103.0ms model=0.0ms tools=4933.6ms modelCalls=0 toolCalls=256 inputTokens=0 outputTokens=0 totalTokens=0 estContextLoadTokens~35144 workers=64 httpRetries=0
run=13 wall=99.7ms model=0.0ms tools=4535.8ms modelCalls=0 toolCalls=256 inputTokens=0 outputTokens=0 totalTokens=0 estContextLoadTokens~35144 workers=64 httpRetries=0
run=14 wall=91.5ms model=0.0ms tools=4119.5ms modelCalls=0 toolCalls=256 inputTokens=0 outputTokens=0 totalTokens=0 estContextLoadTokens~35144 workers=64 httpRetries=0
run=15 wall=80.8ms model=0.0ms tools=3779.1ms modelCalls=0 toolCalls=256 inputTokens=0 outputTokens=0 totalTokens=0 estContextLoadTokens~35144 workers=64 httpRetries=0
run=16 wall=64.8ms model=0.0ms tools=3013.0ms modelCalls=0 toolCalls=256 inputTokens=0 outputTokens=0 totalTokens=0 estContextLoadTokens~35144 workers=64 httpRetries=0
run=17 wall=85.8ms model=0.0ms tools=4185.8ms modelCalls=0 toolCalls=256 inputTokens=0 outputTokens=0 totalTokens=0 estContextLoadTokens~35144 workers=64 httpRetries=0
run=18 wall=93.8ms model=0.0ms tools=4630.8ms modelCalls=0 toolCalls=256 inputTokens=0 outputTokens=0 totalTokens=0 estContextLoadTokens~35144 workers=64 httpRetries=0
run=19 wall=63.4ms model=0.0ms tools=3024.0ms modelCalls=0 toolCalls=256 inputTokens=0 outputTokens=0 totalTokens=0 estContextLoadTokens~35144 workers=64 httpRetries=0
run=20 wall=76.9ms model=0.0ms tools=3814.0ms modelCalls=0 toolCalls=256 inputTokens=0 outputTokens=0 totalTokens=0 estContextLoadTokens~35144 workers=64 httpRetries=0
run=21 wall=77.2ms model=0.0ms tools=3503.9ms modelCalls=0 toolCalls=256 inputTokens=0 outputTokens=0 totalTokens=0 estContextLoadTokens~35144 workers=64 httpRetries=0
run=22 wall=86.5ms model=0.0ms tools=4339.7ms modelCalls=0 toolCalls=256 inputTokens=0 outputTokens=0 totalTokens=0 estContextLoadTokens~35144 workers=64 httpRetries=0
run=23 wall=86.8ms model=0.0ms tools=3368.6ms modelCalls=0 toolCalls=256 inputTokens=0 outputTokens=0 totalTokens=0 estContextLoadTokens~35144 workers=64 httpRetries=0
run=24 wall=73.1ms model=0.0ms tools=3568.3ms modelCalls=0 toolCalls=256 inputTokens=0 outputTokens=0 totalTokens=0 estContextLoadTokens~35144 workers=64 httpRetries=0
run=25 wall=79.1ms model=0.0ms tools=3795.4ms modelCalls=0 toolCalls=256 inputTokens=0 outputTokens=0 totalTokens=0 estContextLoadTokens~35144 workers=64 httpRetries=0
run=26 wall=73.5ms model=0.0ms tools=3456.0ms modelCalls=0 toolCalls=256 inputTokens=0 outputTokens=0 totalTokens=0 estContextLoadTokens~35144 workers=64 httpRetries=0
run=27 wall=57.6ms model=0.0ms tools=2556.7ms modelCalls=0 toolCalls=256 inputTokens=0 outputTokens=0 totalTokens=0 estContextLoadTokens~35144 workers=64 httpRetries=0
run=28 wall=51.6ms model=0.0ms tools=2179.0ms modelCalls=0 toolCalls=256 inputTokens=0 outputTokens=0 totalTokens=0 estContextLoadTokens~35144 workers=64 httpRetries=0
run=29 wall=61.5ms model=0.0ms tools=2663.4ms modelCalls=0 toolCalls=256 inputTokens=0 outputTokens=0 totalTokens=0 estContextLoadTokens~35144 workers=64 httpRetries=0
run=30 wall=86.9ms model=0.0ms tools=4384.0ms modelCalls=0 toolCalls=256 inputTokens=0 outputTokens=0 totalTokens=0 estContextLoadTokens~35144 workers=64 httpRetries=0

===============================================
 Comparison
===============================================
Token saving (provider-reported): N/A â?" replay mode reports no model token usage (run in 'live' mode for real numbers)
Token saving (estimated, heuristic): 43.1% â?" offline chars/words estimate of tool payload size, not a tokenizer count
Tool-call saving:   42.9%
Model-call saving:  0.0%
Wall-clock change:  39.1%
Same final state:   True
JSON report:        C:\Foundgine\benchmarks\AgentEndToEnd\Run3\artifacts\00100-customers\concurrency-064\agent-benchmark.json
Markdown report:    C:\Foundgine\benchmarks\AgentEndToEnd\Run3\artifacts\00100-customers\concurrency-064\agent-benchmark.md
Removing benchmark containers and PostgreSQL volume...
Starting PostgreSQL 17 benchmark container on host port 60359...
 Network foundgine-agent-e2e-run3_default Creating 
 Network foundgine-agent-e2e-run3_default Created 
 Volume foundgine-agent-e2e-run3_agent-e2e-postgres-data Creating 
 Volume foundgine-agent-e2e-run3_agent-e2e-postgres-data Created 
 Container foundgine-agent-e2e-run3-postgres-1 Creating 
 Container foundgine-agent-e2e-run3-postgres-1 Created 
 Container foundgine-agent-e2e-run3-postgres-1 Starting 
 Container foundgine-agent-e2e-run3-postgres-1 Started 
Waiting for PostgreSQL...
Seeding fixture: 1000 customers ...
Seeding 1,000 customers, 4,000 relationships, 12,000 contracts and 48,000 transactions...
Seeded: 1,000 customers, 4,000 relationships, 12,000 contracts, 48,000 transactions.
Benchmark graph for Customer 1: 4 relationships -> 12 contracts -> 48 transactions.
Customer 1 is the deterministic benchmark target.
Building and starting Foundgine warm benchmark API...
 Image foundgine-agent-e2e-run3-foundgine-warm Building 
#1 [internal] load local bake definitions
#1 reading from stdin 622B done
#1 DONE 0.0s

#2 [internal] load build definition from Dockerfile
#2 transferring dockerfile: 1.18kB done
#2 DONE 0.0s

#3 [internal] load metadata for mcr.microsoft.com/dotnet/sdk:9.0
#3 DONE 0.2s

#4 [internal] load metadata for mcr.microsoft.com/dotnet/aspnet:9.0
#4 DONE 0.2s

#5 [internal] load .dockerignore
#5 transferring context: 216B done
#5 DONE 0.0s

#6 [stage-1 1/4] FROM mcr.microsoft.com/dotnet/aspnet:9.0@sha256:4e376dd15bbc8437d4892367ab0ea06a3ac9fea482d10f92f3c493fe1a2219ad
#6 resolve mcr.microsoft.com/dotnet/aspnet:9.0@sha256:4e376dd15bbc8437d4892367ab0ea06a3ac9fea482d10f92f3c493fe1a2219ad 0.0s done
#6 DONE 0.0s

#7 [build 1/5] FROM mcr.microsoft.com/dotnet/sdk:9.0@sha256:35048e3a81e6a07c316e7bbbd80d80d2ba705fe5f23a8ed42b6638c8f4c20d30
#7 resolve mcr.microsoft.com/dotnet/sdk:9.0@sha256:35048e3a81e6a07c316e7bbbd80d80d2ba705fe5f23a8ed42b6638c8f4c20d30 0.0s done
#7 DONE 0.0s

#8 [internal] load build context
#8 transferring context: 191.14kB 0.1s done
#8 DONE 0.1s

#9 [build 2/5] WORKDIR /src
#9 CACHED

#10 [build 3/5] COPY . .
#10 DONE 1.3s

#11 [build 4/5] RUN dotnet restore     benchmarks/CoffeeBeanery.Performance/Foundgine.CoffeeBeanery.BenchmarkApi/Foundgine.CoffeeBeanery.BenchmarkApi.csproj
#11 0.701   Determining projects to restore...
#11 1.693   Restored /src/src/Foundgine.Execution/Foundgine.Execution.csproj (in 113 ms).
#11 1.693   Restored /src/src/Foundgine.Metadata/Foundgine.Metadata.csproj (in 113 ms).
#11 1.693   Restored /src/src/Foundgine.Semantics/Foundgine.Semantics.csproj (in 113 ms).
#11 1.693   Restored /src/src/Foundgine.Planning/Foundgine.Planning.csproj (in 113 ms).
#11 1.693   Restored /src/src/Foundgine.Abstractions/Foundgine.Abstractions.csproj (in 101 ms).
#11 1.693   Restored /src/src/Foundgine.Sql/Foundgine.Sql.csproj (in 113 ms).
#11 3.802   Restored /src/src/Foundgine.GraphQL.HotChocolate/Foundgine.GraphQL.HotChocolate.csproj (in 2.26 sec).
#11 3.802   Restored /src/src/Foundgine.GraphQL.HotChocolate.Mutations/Foundgine.GraphQL.HotChocolate.Mutations.csproj (in 2.26 sec).
#11 3.802   Restored /src/benchmarks/CoffeeBeanery.Performance/Foundgine.CoffeeBeanery.BenchmarkApi/Foundgine.CoffeeBeanery.BenchmarkApi.csproj (in 2.1 sec).
#11 DONE 3.9s

#12 [build 5/5] RUN dotnet publish     benchmarks/CoffeeBeanery.Performance/Foundgine.CoffeeBeanery.BenchmarkApi/Foundgine.CoffeeBeanery.BenchmarkApi.csproj     -c Release     -o /app/publish
#12 0.762   Determining projects to restore...
#12 1.742   All projects are up-to-date for restore.
#12 4.061   Foundgine.Abstractions -> /src/src/Foundgine.Abstractions/bin/Release/net9.0/Foundgine.Abstractions.dll
#12 4.567   Foundgine.Metadata -> /src/src/Foundgine.Metadata/bin/Release/net9.0/Foundgine.Metadata.dll
#12 4.798   Foundgine.Semantics -> /src/src/Foundgine.Semantics/bin/Release/net9.0/Foundgine.Semantics.dll
#12 5.414   Foundgine.GraphQL.HotChocolate -> /src/src/Foundgine.GraphQL.HotChocolate/bin/Release/net9.0/Foundgine.GraphQL.HotChocolate.dll
#12 5.571   Foundgine.Planning -> /src/src/Foundgine.Planning/bin/Release/net9.0/Foundgine.Planning.dll
#12 6.022   Foundgine.Execution -> /src/src/Foundgine.Execution/bin/Release/net9.0/Foundgine.Execution.dll
#12 6.519   Foundgine.GraphQL.HotChocolate.Mutations -> /src/src/Foundgine.GraphQL.HotChocolate.Mutations/bin/Release/net9.0/Foundgine.GraphQL.HotChocolate.Mutations.dll
#12 6.796   Foundgine.Sql -> /src/src/Foundgine.Sql/bin/Release/net9.0/Foundgine.Sql.dll
#12 7.779   Foundgine.CoffeeBeanery.BenchmarkApi -> /src/benchmarks/CoffeeBeanery.Performance/Foundgine.CoffeeBeanery.BenchmarkApi/bin/Release/net9.0/Foundgine.CoffeeBeanery.BenchmarkApi.dll
#12 7.833   Foundgine.CoffeeBeanery.BenchmarkApi -> /app/publish/
#12 DONE 7.9s

#13 [stage-1 2/4] RUN apt-get update     && apt-get install -y --no-install-recommends curl     && rm -rf /var/lib/apt/lists/*
#13 CACHED

#14 [stage-1 3/4] WORKDIR /app
#14 CACHED

#15 [stage-1 4/4] COPY --from=build /app/publish .
#15 CACHED

#16 exporting to image
#16 exporting layers done
#16 exporting manifest sha256:e5bb57ac5cecc4a8e485f7638752cbf31232a4403d005fcb7ca3d20e2ec1f07e done
#16 exporting config sha256:5e53e549d6250f8038092ea89de38eb733e96ce35632a1ac30bf30e5e747eb00 done
#16 exporting attestation manifest sha256:244f7ef5a07fde581349a4fde0155605f124989ca52d3993d3d069bdae5d3d99 0.0s done
#16 exporting manifest list sha256:c666ff8abbc994a8522591aba426a65e129c2c7c0b2a21684eae69d050a7f598 0.0s done
#16 naming to docker.io/library/foundgine-agent-e2e-run3-foundgine-warm:latest done
#16 unpacking to docker.io/library/foundgine-agent-e2e-run3-foundgine-warm:latest done
#16 DONE 0.1s

#17 resolving provenance for metadata file
#17 DONE 0.0s
 Image foundgine-agent-e2e-run3-foundgine-warm Built 
 Container foundgine-agent-e2e-run3-foundgine-warm-1 Creating 
 Container foundgine-agent-e2e-run3-foundgine-warm-1 Created 
 Container foundgine-agent-e2e-run3-foundgine-warm-1 Starting 
 Container foundgine-agent-e2e-run3-foundgine-warm-1 Started 
Waiting for http://localhost:4302/health/ready ...

>>> Concurrency tier: 64

============================================
 Agent benchmark: 1000 customers / 30 runs
============================================
C:\Program Files\dotnet\sdk\9.0.304\Microsoft.Common.CurrentVersion.targets(2433,5): warning MSB3277: Found conflicts between different versions of "Microsoft.EntityFrameworkCore.Relational" that could not be resolved. [C:\Foundgine\benchmarks\AgentEndToEnd\Run3\Foundgine.AgentEndToEnd.Run3.csproj]
C:\Program Files\dotnet\sdk\9.0.304\Microsoft.Common.CurrentVersion.targets(2433,5): warning MSB3277: There was a conflict between "Microsoft.EntityFrameworkCore.Relational, Version=9.0.1.0, Culture=neutral, PublicKeyToken=adb9793829ddae60" and "Microsoft.EntityFrameworkCore.Relational, Version=9.0.4.0, Culture=neutral, PublicKeyToken=adb9793829ddae60". [C:\Foundgine\benchmarks\AgentEndToEnd\Run3\Foundgine.AgentEndToEnd.Run3.csproj]
C:\Program Files\dotnet\sdk\9.0.304\Microsoft.Common.CurrentVersion.targets(2433,5): warning MSB3277:     "Microsoft.EntityFrameworkCore.Relational, Version=9.0.1.0, Culture=neutral, PublicKeyToken=adb9793829ddae60" was chosen because it was primary and "Microsoft.EntityFrameworkCore.Relational, Version=9.0.4.0, Culture=neutral, PublicKeyToken=adb9793829ddae60" was not. [C:\Foundgine\benchmarks\AgentEndToEnd\Run3\Foundgine.AgentEndToEnd.Run3.csproj]
C:\Program Files\dotnet\sdk\9.0.304\Microsoft.Common.CurrentVersion.targets(2433,5): warning MSB3277:     References which depend on "Microsoft.EntityFrameworkCore.Relational, Version=9.0.1.0, Culture=neutral, PublicKeyToken=adb9793829ddae60" [C:\Users\clbp_\.nuget\packages\microsoft.entityframeworkcore.relational\9.0.1\lib\net8.0\Microsoft.EntityFrameworkCore.Relational.dll]. [C:\Foundgine\benchmarks\AgentEndToEnd\Run3\Foundgine.AgentEndToEnd.Run3.csproj]
C:\Program Files\dotnet\sdk\9.0.304\Microsoft.Common.CurrentVersion.targets(2433,5): warning MSB3277:         C:\Users\clbp_\.nuget\packages\microsoft.entityframeworkcore.relational\9.0.1\lib\net8.0\Microsoft.EntityFrameworkCore.Relational.dll [C:\Foundgine\benchmarks\AgentEndToEnd\Run3\Foundgine.AgentEndToEnd.Run3.csproj]
C:\Program Files\dotnet\sdk\9.0.304\Microsoft.Common.CurrentVersion.targets(2433,5): warning MSB3277:           Project file item includes which caused reference "C:\Users\clbp_\.nuget\packages\microsoft.entityframeworkcore.relational\9.0.1\lib\net8.0\Microsoft.EntityFrameworkCore.Relational.dll". [C:\Foundgine\benchmarks\AgentEndToEnd\Run3\Foundgine.AgentEndToEnd.Run3.csproj]
C:\Program Files\dotnet\sdk\9.0.304\Microsoft.Common.CurrentVersion.targets(2433,5): warning MSB3277:             C:\Users\clbp_\.nuget\packages\microsoft.entityframeworkcore.relational\9.0.1\lib\net8.0\Microsoft.EntityFrameworkCore.Relational.dll [C:\Foundgine\benchmarks\AgentEndToEnd\Run3\Foundgine.AgentEndToEnd.Run3.csproj]
C:\Program Files\dotnet\sdk\9.0.304\Microsoft.Common.CurrentVersion.targets(2433,5): warning MSB3277:     References which depend on or have been unified to "Microsoft.EntityFrameworkCore.Relational, Version=9.0.4.0, Culture=neutral, PublicKeyToken=adb9793829ddae60" []. [C:\Foundgine\benchmarks\AgentEndToEnd\Run3\Foundgine.AgentEndToEnd.Run3.csproj]
C:\Program Files\dotnet\sdk\9.0.304\Microsoft.Common.CurrentVersion.targets(2433,5): warning MSB3277:         C:\Foundgine\benchmarks\CoffeeBeanery.Performance\CoffeeBeanery.Database\bin\Release\net9.0\CoffeeBeanery.Database.dll [C:\Foundgine\benchmarks\AgentEndToEnd\Run3\Foundgine.AgentEndToEnd.Run3.csproj]
C:\Program Files\dotnet\sdk\9.0.304\Microsoft.Common.CurrentVersion.targets(2433,5): warning MSB3277:           Project file item includes which caused reference "C:\Foundgine\benchmarks\CoffeeBeanery.Performance\CoffeeBeanery.Database\bin\Release\net9.0\CoffeeBeanery.Database.dll". [C:\Foundgine\benchmarks\AgentEndToEnd\Run3\Foundgine.AgentEndToEnd.Run3.csproj]
C:\Program Files\dotnet\sdk\9.0.304\Microsoft.Common.CurrentVersion.targets(2433,5): warning MSB3277:             C:\Foundgine\benchmarks\CoffeeBeanery.Performance\CoffeeBeanery.Database\bin\Release\net9.0\CoffeeBeanery.Database.dll [C:\Foundgine\benchmarks\AgentEndToEnd\Run3\Foundgine.AgentEndToEnd.Run3.csproj]
===============================================
 Foundgine / Agent End-to-End Benchmark
===============================================
Scenario:     customer-exposure-review
Mode:         replay
Warmups:      5
Measured:     30
Customer count: 1000
Concurrency:  64
Targets:      1, 2, 3, 4, 5, 6, 7, 8, 9, 10, 11, 12, 13, 14, 15, 16, 17, 18, 19, 20, 21, 22, 23, 24, 25, 26, 27, 28, 29, 30, 31, 32, 33, 34, 35, 36, 37, 38, 39, 40, 41, 42, 43, 44, 45, 46, 47, 48, 49, 50, 51, 52, 53, 54, 55, 56, 57, 58, 59, 60, 61, 62, 63, 64
Threshold:    48,000

Fixture:      4 relationships / 12 contracts / 48 transactions
Baseline:     Customer 1 Benchmark

== Conventional application/AI flow ==
run=1 wall=76.8ms model=0.0ms tools=3188.1ms modelCalls=0 toolCalls=448 inputTokens=0 outputTokens=0 totalTokens=0 estContextLoadTokens~61713 workers=64 httpRetries=0
run=2 wall=84.3ms model=0.0ms tools=3648.9ms modelCalls=0 toolCalls=448 inputTokens=0 outputTokens=0 totalTokens=0 estContextLoadTokens~61713 workers=64 httpRetries=0
run=3 wall=66.4ms model=0.0ms tools=2621.1ms modelCalls=0 toolCalls=448 inputTokens=0 outputTokens=0 totalTokens=0 estContextLoadTokens~61713 workers=64 httpRetries=0
run=4 wall=58.8ms model=0.0ms tools=2522.1ms modelCalls=0 toolCalls=448 inputTokens=0 outputTokens=0 totalTokens=0 estContextLoadTokens~61713 workers=64 httpRetries=0
run=5 wall=85.2ms model=0.0ms tools=3632.4ms modelCalls=0 toolCalls=448 inputTokens=0 outputTokens=0 totalTokens=0 estContextLoadTokens~61713 workers=64 httpRetries=0
run=6 wall=74.5ms model=0.0ms tools=3273.6ms modelCalls=0 toolCalls=448 inputTokens=0 outputTokens=0 totalTokens=0 estContextLoadTokens~61713 workers=64 httpRetries=0
run=7 wall=62.7ms model=0.0ms tools=2728.6ms modelCalls=0 toolCalls=448 inputTokens=0 outputTokens=0 totalTokens=0 estContextLoadTokens~61713 workers=64 httpRetries=0
run=8 wall=64.6ms model=0.0ms tools=2736.4ms modelCalls=0 toolCalls=448 inputTokens=0 outputTokens=0 totalTokens=0 estContextLoadTokens~61713 workers=64 httpRetries=0
run=9 wall=64.1ms model=0.0ms tools=2732.0ms modelCalls=0 toolCalls=448 inputTokens=0 outputTokens=0 totalTokens=0 estContextLoadTokens~61713 workers=64 httpRetries=0
run=10 wall=66.3ms model=0.0ms tools=2982.1ms modelCalls=0 toolCalls=448 inputTokens=0 outputTokens=0 totalTokens=0 estContextLoadTokens~61713 workers=64 httpRetries=0
run=11 wall=53.7ms model=0.0ms tools=2293.9ms modelCalls=0 toolCalls=448 inputTokens=0 outputTokens=0 totalTokens=0 estContextLoadTokens~61713 workers=64 httpRetries=0
run=12 wall=59.6ms model=0.0ms tools=2668.9ms modelCalls=0 toolCalls=448 inputTokens=0 outputTokens=0 totalTokens=0 estContextLoadTokens~61713 workers=64 httpRetries=0
run=13 wall=54.7ms model=0.0ms tools=2144.6ms modelCalls=0 toolCalls=448 inputTokens=0 outputTokens=0 totalTokens=0 estContextLoadTokens~61713 workers=64 httpRetries=0
run=14 wall=55.9ms model=0.0ms tools=2490.4ms modelCalls=0 toolCalls=448 inputTokens=0 outputTokens=0 totalTokens=0 estContextLoadTokens~61713 workers=64 httpRetries=0
run=15 wall=54.9ms model=0.0ms tools=2396.1ms modelCalls=0 toolCalls=448 inputTokens=0 outputTokens=0 totalTokens=0 estContextLoadTokens~61713 workers=64 httpRetries=0
run=16 wall=50.3ms model=0.0ms tools=2111.8ms modelCalls=0 toolCalls=448 inputTokens=0 outputTokens=0 totalTokens=0 estContextLoadTokens~61713 workers=64 httpRetries=0
run=17 wall=79.5ms model=0.0ms tools=3319.4ms modelCalls=0 toolCalls=448 inputTokens=0 outputTokens=0 totalTokens=0 estContextLoadTokens~61713 workers=64 httpRetries=0
run=18 wall=58.2ms model=0.0ms tools=2419.0ms modelCalls=0 toolCalls=448 inputTokens=0 outputTokens=0 totalTokens=0 estContextLoadTokens~61713 workers=64 httpRetries=0
run=19 wall=63.6ms model=0.0ms tools=2848.2ms modelCalls=0 toolCalls=448 inputTokens=0 outputTokens=0 totalTokens=0 estContextLoadTokens~61713 workers=64 httpRetries=0
run=20 wall=82.6ms model=0.0ms tools=3557.0ms modelCalls=0 toolCalls=448 inputTokens=0 outputTokens=0 totalTokens=0 estContextLoadTokens~61713 workers=64 httpRetries=0
run=21 wall=74.4ms model=0.0ms tools=3208.8ms modelCalls=0 toolCalls=448 inputTokens=0 outputTokens=0 totalTokens=0 estContextLoadTokens~61713 workers=64 httpRetries=0
run=22 wall=52.0ms model=0.0ms tools=2304.7ms modelCalls=0 toolCalls=448 inputTokens=0 outputTokens=0 totalTokens=0 estContextLoadTokens~61713 workers=64 httpRetries=0
run=23 wall=54.3ms model=0.0ms tools=2313.0ms modelCalls=0 toolCalls=448 inputTokens=0 outputTokens=0 totalTokens=0 estContextLoadTokens~61713 workers=64 httpRetries=0
run=24 wall=53.5ms model=0.0ms tools=2203.4ms modelCalls=0 toolCalls=448 inputTokens=0 outputTokens=0 totalTokens=0 estContextLoadTokens~61713 workers=64 httpRetries=0
run=25 wall=49.6ms model=0.0ms tools=2071.0ms modelCalls=0 toolCalls=448 inputTokens=0 outputTokens=0 totalTokens=0 estContextLoadTokens~61713 workers=64 httpRetries=0
run=26 wall=72.3ms model=0.0ms tools=3589.2ms modelCalls=0 toolCalls=448 inputTokens=0 outputTokens=0 totalTokens=0 estContextLoadTokens~61713 workers=64 httpRetries=0
run=27 wall=48.7ms model=0.0ms tools=2095.6ms modelCalls=0 toolCalls=448 inputTokens=0 outputTokens=0 totalTokens=0 estContextLoadTokens~61713 workers=64 httpRetries=0
run=28 wall=57.6ms model=0.0ms tools=2484.7ms modelCalls=0 toolCalls=448 inputTokens=0 outputTokens=0 totalTokens=0 estContextLoadTokens~61713 workers=64 httpRetries=0
run=29 wall=61.7ms model=0.0ms tools=2729.9ms modelCalls=0 toolCalls=448 inputTokens=0 outputTokens=0 totalTokens=0 estContextLoadTokens~61713 workers=64 httpRetries=0
run=30 wall=52.8ms model=0.0ms tools=2271.5ms modelCalls=0 toolCalls=448 inputTokens=0 outputTokens=0 totalTokens=0 estContextLoadTokens~61713 workers=64 httpRetries=0

== Foundgine semantic flow ==
run=1 wall=109.1ms model=0.0ms tools=5687.2ms modelCalls=0 toolCalls=256 inputTokens=0 outputTokens=0 totalTokens=0 estContextLoadTokens~35144 workers=64 httpRetries=0
run=2 wall=90.8ms model=0.0ms tools=4180.5ms modelCalls=0 toolCalls=256 inputTokens=0 outputTokens=0 totalTokens=0 estContextLoadTokens~35144 workers=64 httpRetries=0
run=3 wall=82.1ms model=0.0ms tools=3823.4ms modelCalls=0 toolCalls=256 inputTokens=0 outputTokens=0 totalTokens=0 estContextLoadTokens~35144 workers=64 httpRetries=0
run=4 wall=77.6ms model=0.0ms tools=3227.6ms modelCalls=0 toolCalls=256 inputTokens=0 outputTokens=0 totalTokens=0 estContextLoadTokens~35144 workers=64 httpRetries=0
run=5 wall=90.4ms model=0.0ms tools=4337.2ms modelCalls=0 toolCalls=256 inputTokens=0 outputTokens=0 totalTokens=0 estContextLoadTokens~35144 workers=64 httpRetries=0
run=6 wall=60.6ms model=0.0ms tools=2757.1ms modelCalls=0 toolCalls=256 inputTokens=0 outputTokens=0 totalTokens=0 estContextLoadTokens~35144 workers=64 httpRetries=0
run=7 wall=67.8ms model=0.0ms tools=3135.3ms modelCalls=0 toolCalls=256 inputTokens=0 outputTokens=0 totalTokens=0 estContextLoadTokens~35144 workers=64 httpRetries=0
run=8 wall=108.6ms model=0.0ms tools=5818.5ms modelCalls=0 toolCalls=256 inputTokens=0 outputTokens=0 totalTokens=0 estContextLoadTokens~35144 workers=64 httpRetries=0
run=9 wall=74.5ms model=0.0ms tools=3454.3ms modelCalls=0 toolCalls=256 inputTokens=0 outputTokens=0 totalTokens=0 estContextLoadTokens~35144 workers=64 httpRetries=0
run=10 wall=64.2ms model=0.0ms tools=2970.6ms modelCalls=0 toolCalls=256 inputTokens=0 outputTokens=0 totalTokens=0 estContextLoadTokens~35144 workers=64 httpRetries=0
run=11 wall=103.9ms model=0.0ms tools=5339.8ms modelCalls=0 toolCalls=256 inputTokens=0 outputTokens=0 totalTokens=0 estContextLoadTokens~35144 workers=64 httpRetries=0
run=12 wall=82.9ms model=0.0ms tools=3674.9ms modelCalls=0 toolCalls=256 inputTokens=0 outputTokens=0 totalTokens=0 estContextLoadTokens~35144 workers=64 httpRetries=0
run=13 wall=83.1ms model=0.0ms tools=3971.3ms modelCalls=0 toolCalls=256 inputTokens=0 outputTokens=0 totalTokens=0 estContextLoadTokens~35144 workers=64 httpRetries=0
run=14 wall=86.6ms model=0.0ms tools=4377.5ms modelCalls=0 toolCalls=256 inputTokens=0 outputTokens=0 totalTokens=0 estContextLoadTokens~35144 workers=64 httpRetries=0
run=15 wall=79.7ms model=0.0ms tools=3980.2ms modelCalls=0 toolCalls=256 inputTokens=0 outputTokens=0 totalTokens=0 estContextLoadTokens~35144 workers=64 httpRetries=0
run=16 wall=61.7ms model=0.0ms tools=2847.5ms modelCalls=0 toolCalls=256 inputTokens=0 outputTokens=0 totalTokens=0 estContextLoadTokens~35144 workers=64 httpRetries=0
run=17 wall=87.9ms model=0.0ms tools=3465.3ms modelCalls=0 toolCalls=256 inputTokens=0 outputTokens=0 totalTokens=0 estContextLoadTokens~35144 workers=64 httpRetries=0
run=18 wall=63.7ms model=0.0ms tools=2997.8ms modelCalls=0 toolCalls=256 inputTokens=0 outputTokens=0 totalTokens=0 estContextLoadTokens~35144 workers=64 httpRetries=0
run=19 wall=71.5ms model=0.0ms tools=3472.1ms modelCalls=0 toolCalls=256 inputTokens=0 outputTokens=0 totalTokens=0 estContextLoadTokens~35144 workers=64 httpRetries=0
run=20 wall=65.2ms model=0.0ms tools=2735.6ms modelCalls=0 toolCalls=256 inputTokens=0 outputTokens=0 totalTokens=0 estContextLoadTokens~35144 workers=64 httpRetries=0
run=21 wall=101.0ms model=0.0ms tools=5142.3ms modelCalls=0 toolCalls=256 inputTokens=0 outputTokens=0 totalTokens=0 estContextLoadTokens~35144 workers=64 httpRetries=0
run=22 wall=68.4ms model=0.0ms tools=3043.3ms modelCalls=0 toolCalls=256 inputTokens=0 outputTokens=0 totalTokens=0 estContextLoadTokens~35144 workers=64 httpRetries=0
run=23 wall=86.2ms model=0.0ms tools=3785.0ms modelCalls=0 toolCalls=256 inputTokens=0 outputTokens=0 totalTokens=0 estContextLoadTokens~35144 workers=64 httpRetries=0
run=24 wall=78.6ms model=0.0ms tools=3904.4ms modelCalls=0 toolCalls=256 inputTokens=0 outputTokens=0 totalTokens=0 estContextLoadTokens~35144 workers=64 httpRetries=0
run=25 wall=64.5ms model=0.0ms tools=2858.6ms modelCalls=0 toolCalls=256 inputTokens=0 outputTokens=0 totalTokens=0 estContextLoadTokens~35144 workers=64 httpRetries=0
run=26 wall=76.9ms model=0.0ms tools=3510.1ms modelCalls=0 toolCalls=256 inputTokens=0 outputTokens=0 totalTokens=0 estContextLoadTokens~35144 workers=64 httpRetries=0
run=27 wall=79.1ms model=0.0ms tools=4070.2ms modelCalls=0 toolCalls=256 inputTokens=0 outputTokens=0 totalTokens=0 estContextLoadTokens~35144 workers=64 httpRetries=0
run=28 wall=50.7ms model=0.0ms tools=2166.1ms modelCalls=0 toolCalls=256 inputTokens=0 outputTokens=0 totalTokens=0 estContextLoadTokens~35144 workers=64 httpRetries=0
run=29 wall=53.1ms model=0.0ms tools=2161.1ms modelCalls=0 toolCalls=256 inputTokens=0 outputTokens=0 totalTokens=0 estContextLoadTokens~35144 workers=64 httpRetries=0
run=30 wall=69.0ms model=0.0ms tools=2773.0ms modelCalls=0 toolCalls=256 inputTokens=0 outputTokens=0 totalTokens=0 estContextLoadTokens~35144 workers=64 httpRetries=0

===============================================
 Comparison
===============================================
Token saving (provider-reported): N/A â?" replay mode reports no model token usage (run in 'live' mode for real numbers)
Token saving (estimated, heuristic): 43.1% â?" offline chars/words estimate of tool payload size, not a tokenizer count
Tool-call saving:   42.9%
Model-call saving:  0.0%
Wall-clock change:  23.5%
Same final state:   True
JSON report:        C:\Foundgine\benchmarks\AgentEndToEnd\Run3\artifacts\01000-customers\concurrency-064\agent-benchmark.json
Markdown report:    C:\Foundgine\benchmarks\AgentEndToEnd\Run3\artifacts\01000-customers\concurrency-064\agent-benchmark.md
Removing benchmark containers and PostgreSQL volume...
Starting PostgreSQL 17 benchmark container on host port 55959...
 Network foundgine-agent-e2e-run3_default Creating 
 Network foundgine-agent-e2e-run3_default Created 
 Volume foundgine-agent-e2e-run3_agent-e2e-postgres-data Creating 
 Volume foundgine-agent-e2e-run3_agent-e2e-postgres-data Created 
 Container foundgine-agent-e2e-run3-postgres-1 Creating 
 Container foundgine-agent-e2e-run3-postgres-1 Created 
 Container foundgine-agent-e2e-run3-postgres-1 Starting 
 Container foundgine-agent-e2e-run3-postgres-1 Started 
Waiting for PostgreSQL...
Seeding fixture: 10000 customers ...
Seeding 10,000 customers, 40,000 relationships, 120,000 contracts and 480,000 transactions...
Seeded: 10,000 customers, 40,000 relationships, 120,000 contracts, 480,000 transactions.
Benchmark graph for Customer 1: 4 relationships -> 12 contracts -> 48 transactions.
Customer 1 is the deterministic benchmark target.
Building and starting Foundgine warm benchmark API...
 Image foundgine-agent-e2e-run3-foundgine-warm Building 
#1 [internal] load local bake definitions
#1 reading from stdin 622B done
#1 DONE 0.0s

#2 [internal] load build definition from Dockerfile
#2 transferring dockerfile: 1.18kB done
#2 DONE 0.0s

#3 [internal] load metadata for mcr.microsoft.com/dotnet/sdk:9.0
#3 DONE 0.3s

#4 [internal] load metadata for mcr.microsoft.com/dotnet/aspnet:9.0
#4 DONE 0.3s

#5 [internal] load .dockerignore
#5 transferring context: 216B done
#5 DONE 0.0s

#6 [internal] load build context
#6 DONE 0.0s

#7 [build 1/5] FROM mcr.microsoft.com/dotnet/sdk:9.0@sha256:35048e3a81e6a07c316e7bbbd80d80d2ba705fe5f23a8ed42b6638c8f4c20d30
#7 resolve mcr.microsoft.com/dotnet/sdk:9.0@sha256:35048e3a81e6a07c316e7bbbd80d80d2ba705fe5f23a8ed42b6638c8f4c20d30 0.1s done
#7 DONE 0.1s

#8 [stage-1 1/4] FROM mcr.microsoft.com/dotnet/aspnet:9.0@sha256:4e376dd15bbc8437d4892367ab0ea06a3ac9fea482d10f92f3c493fe1a2219ad
#8 resolve mcr.microsoft.com/dotnet/aspnet:9.0@sha256:4e376dd15bbc8437d4892367ab0ea06a3ac9fea482d10f92f3c493fe1a2219ad
#8 resolve mcr.microsoft.com/dotnet/aspnet:9.0@sha256:4e376dd15bbc8437d4892367ab0ea06a3ac9fea482d10f92f3c493fe1a2219ad 0.1s done
#8 DONE 0.1s

#6 [internal] load build context
#6 transferring context: 214.20kB 0.1s done
#6 DONE 0.1s

#9 [build 2/5] WORKDIR /src
#9 CACHED

#10 [build 3/5] COPY . .
#10 DONE 6.2s

#11 [build 4/5] RUN dotnet restore     benchmarks/CoffeeBeanery.Performance/Foundgine.CoffeeBeanery.BenchmarkApi/Foundgine.CoffeeBeanery.BenchmarkApi.csproj
#11 1.060   Determining projects to restore...
#11 2.589   Restored /src/src/Foundgine.Semantics/Foundgine.Semantics.csproj (in 146 ms).
#11 2.589   Restored /src/src/Foundgine.Sql/Foundgine.Sql.csproj (in 146 ms).
#11 2.589   Restored /src/src/Foundgine.Execution/Foundgine.Execution.csproj (in 145 ms).
#11 2.589   Restored /src/src/Foundgine.Metadata/Foundgine.Metadata.csproj (in 146 ms).
#11 2.589   Restored /src/src/Foundgine.Planning/Foundgine.Planning.csproj (in 145 ms).
#11 2.589   Restored /src/src/Foundgine.Abstractions/Foundgine.Abstractions.csproj (in 134 ms).
#11 5.081   Restored /src/benchmarks/CoffeeBeanery.Performance/Foundgine.CoffeeBeanery.BenchmarkApi/Foundgine.CoffeeBeanery.BenchmarkApi.csproj (in 2.69 sec).
#11 5.081   Restored /src/src/Foundgine.GraphQL.HotChocolate/Foundgine.GraphQL.HotChocolate.csproj (in 2.69 sec).
#11 5.081   Restored /src/src/Foundgine.GraphQL.HotChocolate.Mutations/Foundgine.GraphQL.HotChocolate.Mutations.csproj (in 2.48 sec).
#11 DONE 5.3s

#12 [build 5/5] RUN dotnet publish     benchmarks/CoffeeBeanery.Performance/Foundgine.CoffeeBeanery.BenchmarkApi/Foundgine.CoffeeBeanery.BenchmarkApi.csproj     -c Release     -o /app/publish
#12 1.024   Determining projects to restore...
#12 2.088   All projects are up-to-date for restore.
#12 5.454   Foundgine.Abstractions -> /src/src/Foundgine.Abstractions/bin/Release/net9.0/Foundgine.Abstractions.dll
#12 6.301   Foundgine.Metadata -> /src/src/Foundgine.Metadata/bin/Release/net9.0/Foundgine.Metadata.dll
#12 6.471   Foundgine.Semantics -> /src/src/Foundgine.Semantics/bin/Release/net9.0/Foundgine.Semantics.dll
#12 7.231   Foundgine.GraphQL.HotChocolate -> /src/src/Foundgine.GraphQL.HotChocolate/bin/Release/net9.0/Foundgine.GraphQL.HotChocolate.dll
#12 7.316   Foundgine.Planning -> /src/src/Foundgine.Planning/bin/Release/net9.0/Foundgine.Planning.dll
#12 7.791   Foundgine.Execution -> /src/src/Foundgine.Execution/bin/Release/net9.0/Foundgine.Execution.dll
#12 8.379   Foundgine.GraphQL.HotChocolate.Mutations -> /src/src/Foundgine.GraphQL.HotChocolate.Mutations/bin/Release/net9.0/Foundgine.GraphQL.HotChocolate.Mutations.dll
#12 8.518   Foundgine.Sql -> /src/src/Foundgine.Sql/bin/Release/net9.0/Foundgine.Sql.dll
#12 9.925   Foundgine.CoffeeBeanery.BenchmarkApi -> /src/benchmarks/CoffeeBeanery.Performance/Foundgine.CoffeeBeanery.BenchmarkApi/bin/Release/net9.0/Foundgine.CoffeeBeanery.BenchmarkApi.dll
#12 10.02   Foundgine.CoffeeBeanery.BenchmarkApi -> /app/publish/
#12 DONE 10.2s

#13 [stage-1 2/4] RUN apt-get update     && apt-get install -y --no-install-recommends curl     && rm -rf /var/lib/apt/lists/*
#13 CACHED

#14 [stage-1 3/4] WORKDIR /app
#14 CACHED

#15 [stage-1 4/4] COPY --from=build /app/publish .
#15 CACHED

#16 exporting to image
#16 exporting layers done
#16 exporting manifest sha256:e5bb57ac5cecc4a8e485f7638752cbf31232a4403d005fcb7ca3d20e2ec1f07e done
#16 exporting config sha256:5e53e549d6250f8038092ea89de38eb733e96ce35632a1ac30bf30e5e747eb00 done
#16 exporting attestation manifest sha256:18f3c0286cce12a1cd0953c1500000570d5ebb014c5490edba25d252fbaabc05 0.0s done
#16 exporting manifest list sha256:0374ec26bfa6f4134a1070c128c2e436f57b483b7f077a84b31ace180baa84d7
#16 exporting manifest list sha256:0374ec26bfa6f4134a1070c128c2e436f57b483b7f077a84b31ace180baa84d7 0.0s done
#16 naming to docker.io/library/foundgine-agent-e2e-run3-foundgine-warm:latest done
#16 unpacking to docker.io/library/foundgine-agent-e2e-run3-foundgine-warm:latest 0.0s done
#16 DONE 0.1s

#17 resolving provenance for metadata file
#17 DONE 0.0s
 Image foundgine-agent-e2e-run3-foundgine-warm Built 
 Container foundgine-agent-e2e-run3-foundgine-warm-1 Creating 
 Container foundgine-agent-e2e-run3-foundgine-warm-1 Created 
 Container foundgine-agent-e2e-run3-foundgine-warm-1 Starting 
 Container foundgine-agent-e2e-run3-foundgine-warm-1 Started 
Waiting for http://localhost:4302/health/ready ...

>>> Concurrency tier: 64

============================================
 Agent benchmark: 10000 customers / 30 runs
============================================
C:\Program Files\dotnet\sdk\9.0.304\Microsoft.Common.CurrentVersion.targets(2433,5): warning MSB3277: Found conflicts between different versions of "Microsoft.EntityFrameworkCore.Relational" that could not be resolved. [C:\Foundgine\benchmarks\AgentEndToEnd\Run3\Foundgine.AgentEndToEnd.Run3.csproj]
C:\Program Files\dotnet\sdk\9.0.304\Microsoft.Common.CurrentVersion.targets(2433,5): warning MSB3277: There was a conflict between "Microsoft.EntityFrameworkCore.Relational, Version=9.0.1.0, Culture=neutral, PublicKeyToken=adb9793829ddae60" and "Microsoft.EntityFrameworkCore.Relational, Version=9.0.4.0, Culture=neutral, PublicKeyToken=adb9793829ddae60". [C:\Foundgine\benchmarks\AgentEndToEnd\Run3\Foundgine.AgentEndToEnd.Run3.csproj]
C:\Program Files\dotnet\sdk\9.0.304\Microsoft.Common.CurrentVersion.targets(2433,5): warning MSB3277:     "Microsoft.EntityFrameworkCore.Relational, Version=9.0.1.0, Culture=neutral, PublicKeyToken=adb9793829ddae60" was chosen because it was primary and "Microsoft.EntityFrameworkCore.Relational, Version=9.0.4.0, Culture=neutral, PublicKeyToken=adb9793829ddae60" was not. [C:\Foundgine\benchmarks\AgentEndToEnd\Run3\Foundgine.AgentEndToEnd.Run3.csproj]
C:\Program Files\dotnet\sdk\9.0.304\Microsoft.Common.CurrentVersion.targets(2433,5): warning MSB3277:     References which depend on "Microsoft.EntityFrameworkCore.Relational, Version=9.0.1.0, Culture=neutral, PublicKeyToken=adb9793829ddae60" [C:\Users\clbp_\.nuget\packages\microsoft.entityframeworkcore.relational\9.0.1\lib\net8.0\Microsoft.EntityFrameworkCore.Relational.dll]. [C:\Foundgine\benchmarks\AgentEndToEnd\Run3\Foundgine.AgentEndToEnd.Run3.csproj]
C:\Program Files\dotnet\sdk\9.0.304\Microsoft.Common.CurrentVersion.targets(2433,5): warning MSB3277:         C:\Users\clbp_\.nuget\packages\microsoft.entityframeworkcore.relational\9.0.1\lib\net8.0\Microsoft.EntityFrameworkCore.Relational.dll [C:\Foundgine\benchmarks\AgentEndToEnd\Run3\Foundgine.AgentEndToEnd.Run3.csproj]
C:\Program Files\dotnet\sdk\9.0.304\Microsoft.Common.CurrentVersion.targets(2433,5): warning MSB3277:           Project file item includes which caused reference "C:\Users\clbp_\.nuget\packages\microsoft.entityframeworkcore.relational\9.0.1\lib\net8.0\Microsoft.EntityFrameworkCore.Relational.dll". [C:\Foundgine\benchmarks\AgentEndToEnd\Run3\Foundgine.AgentEndToEnd.Run3.csproj]
C:\Program Files\dotnet\sdk\9.0.304\Microsoft.Common.CurrentVersion.targets(2433,5): warning MSB3277:             C:\Users\clbp_\.nuget\packages\microsoft.entityframeworkcore.relational\9.0.1\lib\net8.0\Microsoft.EntityFrameworkCore.Relational.dll [C:\Foundgine\benchmarks\AgentEndToEnd\Run3\Foundgine.AgentEndToEnd.Run3.csproj]
C:\Program Files\dotnet\sdk\9.0.304\Microsoft.Common.CurrentVersion.targets(2433,5): warning MSB3277:     References which depend on or have been unified to "Microsoft.EntityFrameworkCore.Relational, Version=9.0.4.0, Culture=neutral, PublicKeyToken=adb9793829ddae60" []. [C:\Foundgine\benchmarks\AgentEndToEnd\Run3\Foundgine.AgentEndToEnd.Run3.csproj]
C:\Program Files\dotnet\sdk\9.0.304\Microsoft.Common.CurrentVersion.targets(2433,5): warning MSB3277:         C:\Foundgine\benchmarks\CoffeeBeanery.Performance\CoffeeBeanery.Database\bin\Release\net9.0\CoffeeBeanery.Database.dll [C:\Foundgine\benchmarks\AgentEndToEnd\Run3\Foundgine.AgentEndToEnd.Run3.csproj]
C:\Program Files\dotnet\sdk\9.0.304\Microsoft.Common.CurrentVersion.targets(2433,5): warning MSB3277:           Project file item includes which caused reference "C:\Foundgine\benchmarks\CoffeeBeanery.Performance\CoffeeBeanery.Database\bin\Release\net9.0\CoffeeBeanery.Database.dll". [C:\Foundgine\benchmarks\AgentEndToEnd\Run3\Foundgine.AgentEndToEnd.Run3.csproj]
C:\Program Files\dotnet\sdk\9.0.304\Microsoft.Common.CurrentVersion.targets(2433,5): warning MSB3277:             C:\Foundgine\benchmarks\CoffeeBeanery.Performance\CoffeeBeanery.Database\bin\Release\net9.0\CoffeeBeanery.Database.dll [C:\Foundgine\benchmarks\AgentEndToEnd\Run3\Foundgine.AgentEndToEnd.Run3.csproj]
===============================================
 Foundgine / Agent End-to-End Benchmark
===============================================
Scenario:     customer-exposure-review
Mode:         replay
Warmups:      5
Measured:     30
Customer count: 10000
Concurrency:  64
Targets:      1, 2, 3, 4, 5, 6, 7, 8, 9, 10, 11, 12, 13, 14, 15, 16, 17, 18, 19, 20, 21, 22, 23, 24, 25, 26, 27, 28, 29, 30, 31, 32, 33, 34, 35, 36, 37, 38, 39, 40, 41, 42, 43, 44, 45, 46, 47, 48, 49, 50, 51, 52, 53, 54, 55, 56, 57, 58, 59, 60, 61, 62, 63, 64
Threshold:    48,000

Fixture:      4 relationships / 12 contracts / 48 transactions
Baseline:     Customer 1 Benchmark

== Conventional application/AI flow ==
run=1 wall=1251.8ms model=0.0ms tools=56492.5ms modelCalls=0 toolCalls=448 inputTokens=0 outputTokens=0 totalTokens=0 estContextLoadTokens~61713 workers=64 httpRetries=0
run=2 wall=1282.6ms model=0.0ms tools=56140.5ms modelCalls=0 toolCalls=448 inputTokens=0 outputTokens=0 totalTokens=0 estContextLoadTokens~61713 workers=64 httpRetries=0
run=3 wall=1213.7ms model=0.0ms tools=54383.1ms modelCalls=0 toolCalls=448 inputTokens=0 outputTokens=0 totalTokens=0 estContextLoadTokens~61713 workers=64 httpRetries=0
run=4 wall=1284.6ms model=0.0ms tools=57165.5ms modelCalls=0 toolCalls=448 inputTokens=0 outputTokens=0 totalTokens=0 estContextLoadTokens~61713 workers=64 httpRetries=0
run=5 wall=1387.5ms model=0.0ms tools=61007.2ms modelCalls=0 toolCalls=448 inputTokens=0 outputTokens=0 totalTokens=0 estContextLoadTokens~61713 workers=64 httpRetries=0
run=6 wall=1230.3ms model=0.0ms tools=54377.0ms modelCalls=0 toolCalls=448 inputTokens=0 outputTokens=0 totalTokens=0 estContextLoadTokens~61713 workers=64 httpRetries=0
run=7 wall=382.6ms model=0.0ms tools=16975.9ms modelCalls=0 toolCalls=448 inputTokens=0 outputTokens=0 totalTokens=0 estContextLoadTokens~61713 workers=64 httpRetries=0
run=8 wall=351.8ms model=0.0ms tools=16088.4ms modelCalls=0 toolCalls=448 inputTokens=0 outputTokens=0 totalTokens=0 estContextLoadTokens~61713 workers=64 httpRetries=0
run=9 wall=197.5ms model=0.0ms tools=10623.2ms modelCalls=0 toolCalls=448 inputTokens=0 outputTokens=0 totalTokens=0 estContextLoadTokens~61713 workers=64 httpRetries=0
run=10 wall=60.3ms model=0.0ms tools=2703.4ms modelCalls=0 toolCalls=448 inputTokens=0 outputTokens=0 totalTokens=0 estContextLoadTokens~61713 workers=64 httpRetries=0
run=11 wall=59.4ms model=0.0ms tools=2574.1ms modelCalls=0 toolCalls=448 inputTokens=0 outputTokens=0 totalTokens=0 estContextLoadTokens~61713 workers=64 httpRetries=0
run=12 wall=60.5ms model=0.0ms tools=2640.0ms modelCalls=0 toolCalls=448 inputTokens=0 outputTokens=0 totalTokens=0 estContextLoadTokens~61713 workers=64 httpRetries=0
run=13 wall=60.7ms model=0.0ms tools=2528.5ms modelCalls=0 toolCalls=448 inputTokens=0 outputTokens=0 totalTokens=0 estContextLoadTokens~61713 workers=64 httpRetries=0
run=14 wall=65.9ms model=0.0ms tools=2945.3ms modelCalls=0 toolCalls=448 inputTokens=0 outputTokens=0 totalTokens=0 estContextLoadTokens~61713 workers=64 httpRetries=0
run=15 wall=62.5ms model=0.0ms tools=2628.9ms modelCalls=0 toolCalls=448 inputTokens=0 outputTokens=0 totalTokens=0 estContextLoadTokens~61713 workers=64 httpRetries=0
run=16 wall=75.9ms model=0.0ms tools=3101.6ms modelCalls=0 toolCalls=448 inputTokens=0 outputTokens=0 totalTokens=0 estContextLoadTokens~61713 workers=64 httpRetries=0
run=17 wall=69.0ms model=0.0ms tools=3018.0ms modelCalls=0 toolCalls=448 inputTokens=0 outputTokens=0 totalTokens=0 estContextLoadTokens~61713 workers=64 httpRetries=0
run=18 wall=67.8ms model=0.0ms tools=2988.6ms modelCalls=0 toolCalls=448 inputTokens=0 outputTokens=0 totalTokens=0 estContextLoadTokens~61713 workers=64 httpRetries=0
run=19 wall=64.9ms model=0.0ms tools=2718.0ms modelCalls=0 toolCalls=448 inputTokens=0 outputTokens=0 totalTokens=0 estContextLoadTokens~61713 workers=64 httpRetries=0
run=20 wall=66.1ms model=0.0ms tools=2967.0ms modelCalls=0 toolCalls=448 inputTokens=0 outputTokens=0 totalTokens=0 estContextLoadTokens~61713 workers=64 httpRetries=0
run=21 wall=64.1ms model=0.0ms tools=2762.0ms modelCalls=0 toolCalls=448 inputTokens=0 outputTokens=0 totalTokens=0 estContextLoadTokens~61713 workers=64 httpRetries=0
run=22 wall=84.0ms model=0.0ms tools=3480.0ms modelCalls=0 toolCalls=448 inputTokens=0 outputTokens=0 totalTokens=0 estContextLoadTokens~61713 workers=64 httpRetries=0
run=23 wall=59.8ms model=0.0ms tools=2467.8ms modelCalls=0 toolCalls=448 inputTokens=0 outputTokens=0 totalTokens=0 estContextLoadTokens~61713 workers=64 httpRetries=0
run=24 wall=60.6ms model=0.0ms tools=2696.7ms modelCalls=0 toolCalls=448 inputTokens=0 outputTokens=0 totalTokens=0 estContextLoadTokens~61713 workers=64 httpRetries=0
run=25 wall=55.9ms model=0.0ms tools=2408.4ms modelCalls=0 toolCalls=448 inputTokens=0 outputTokens=0 totalTokens=0 estContextLoadTokens~61713 workers=64 httpRetries=0
run=26 wall=58.0ms model=0.0ms tools=2533.9ms modelCalls=0 toolCalls=448 inputTokens=0 outputTokens=0 totalTokens=0 estContextLoadTokens~61713 workers=64 httpRetries=0
run=27 wall=61.0ms model=0.0ms tools=2566.7ms modelCalls=0 toolCalls=448 inputTokens=0 outputTokens=0 totalTokens=0 estContextLoadTokens~61713 workers=64 httpRetries=0
run=28 wall=54.8ms model=0.0ms tools=2496.7ms modelCalls=0 toolCalls=448 inputTokens=0 outputTokens=0 totalTokens=0 estContextLoadTokens~61713 workers=64 httpRetries=0
run=29 wall=67.2ms model=0.0ms tools=2778.0ms modelCalls=0 toolCalls=448 inputTokens=0 outputTokens=0 totalTokens=0 estContextLoadTokens~61713 workers=64 httpRetries=0
run=30 wall=68.5ms model=0.0ms tools=2865.9ms modelCalls=0 toolCalls=448 inputTokens=0 outputTokens=0 totalTokens=0 estContextLoadTokens~61713 workers=64 httpRetries=0

== Foundgine semantic flow ==
run=1 wall=78.9ms model=0.0ms tools=3642.7ms modelCalls=0 toolCalls=256 inputTokens=0 outputTokens=0 totalTokens=0 estContextLoadTokens~35144 workers=64 httpRetries=0
run=2 wall=83.9ms model=0.0ms tools=3934.5ms modelCalls=0 toolCalls=256 inputTokens=0 outputTokens=0 totalTokens=0 estContextLoadTokens~35144 workers=64 httpRetries=0
run=3 wall=83.5ms model=0.0ms tools=3975.2ms modelCalls=0 toolCalls=256 inputTokens=0 outputTokens=0 totalTokens=0 estContextLoadTokens~35144 workers=64 httpRetries=0
run=4 wall=160.1ms model=0.0ms tools=9019.5ms modelCalls=0 toolCalls=256 inputTokens=0 outputTokens=0 totalTokens=0 estContextLoadTokens~35144 workers=64 httpRetries=0
run=5 wall=86.0ms model=0.0ms tools=4064.4ms modelCalls=0 toolCalls=256 inputTokens=0 outputTokens=0 totalTokens=0 estContextLoadTokens~35144 workers=64 httpRetries=0
run=6 wall=98.6ms model=0.0ms tools=4803.4ms modelCalls=0 toolCalls=256 inputTokens=0 outputTokens=0 totalTokens=0 estContextLoadTokens~35144 workers=64 httpRetries=0
run=7 wall=76.0ms model=0.0ms tools=3462.5ms modelCalls=0 toolCalls=256 inputTokens=0 outputTokens=0 totalTokens=0 estContextLoadTokens~35144 workers=64 httpRetries=0
run=8 wall=77.4ms model=0.0ms tools=3824.9ms modelCalls=0 toolCalls=256 inputTokens=0 outputTokens=0 totalTokens=0 estContextLoadTokens~35144 workers=64 httpRetries=0
run=9 wall=99.7ms model=0.0ms tools=4971.0ms modelCalls=0 toolCalls=256 inputTokens=0 outputTokens=0 totalTokens=0 estContextLoadTokens~35144 workers=64 httpRetries=0
run=10 wall=165.3ms model=0.0ms tools=9463.5ms modelCalls=0 toolCalls=256 inputTokens=0 outputTokens=0 totalTokens=0 estContextLoadTokens~35144 workers=64 httpRetries=0
run=11 wall=65.9ms model=0.0ms tools=3054.2ms modelCalls=0 toolCalls=256 inputTokens=0 outputTokens=0 totalTokens=0 estContextLoadTokens~35144 workers=64 httpRetries=0
run=12 wall=85.2ms model=0.0ms tools=4089.0ms modelCalls=0 toolCalls=256 inputTokens=0 outputTokens=0 totalTokens=0 estContextLoadTokens~35144 workers=64 httpRetries=0
run=13 wall=169.3ms model=0.0ms tools=9595.2ms modelCalls=0 toolCalls=256 inputTokens=0 outputTokens=0 totalTokens=0 estContextLoadTokens~35144 workers=64 httpRetries=0
run=14 wall=67.6ms model=0.0ms tools=3152.1ms modelCalls=0 toolCalls=256 inputTokens=0 outputTokens=0 totalTokens=0 estContextLoadTokens~35144 workers=64 httpRetries=0
run=15 wall=70.0ms model=0.0ms tools=3257.6ms modelCalls=0 toolCalls=256 inputTokens=0 outputTokens=0 totalTokens=0 estContextLoadTokens~35144 workers=64 httpRetries=0
run=16 wall=81.7ms model=0.0ms tools=3875.5ms modelCalls=0 toolCalls=256 inputTokens=0 outputTokens=0 totalTokens=0 estContextLoadTokens~35144 workers=64 httpRetries=0
run=17 wall=66.8ms model=0.0ms tools=2933.2ms modelCalls=0 toolCalls=256 inputTokens=0 outputTokens=0 totalTokens=0 estContextLoadTokens~35144 workers=64 httpRetries=0
run=18 wall=70.3ms model=0.0ms tools=3109.4ms modelCalls=0 toolCalls=256 inputTokens=0 outputTokens=0 totalTokens=0 estContextLoadTokens~35144 workers=64 httpRetries=0
run=19 wall=65.0ms model=0.0ms tools=2982.2ms modelCalls=0 toolCalls=256 inputTokens=0 outputTokens=0 totalTokens=0 estContextLoadTokens~35144 workers=64 httpRetries=0
run=20 wall=126.5ms model=0.0ms tools=3892.0ms modelCalls=0 toolCalls=256 inputTokens=0 outputTokens=0 totalTokens=0 estContextLoadTokens~35144 workers=64 httpRetries=0
run=21 wall=57.1ms model=0.0ms tools=2511.9ms modelCalls=0 toolCalls=256 inputTokens=0 outputTokens=0 totalTokens=0 estContextLoadTokens~35144 workers=64 httpRetries=0
run=22 wall=72.4ms model=0.0ms tools=3512.7ms modelCalls=0 toolCalls=256 inputTokens=0 outputTokens=0 totalTokens=0 estContextLoadTokens~35144 workers=64 httpRetries=0
run=23 wall=52.7ms model=0.0ms tools=2186.0ms modelCalls=0 toolCalls=256 inputTokens=0 outputTokens=0 totalTokens=0 estContextLoadTokens~35144 workers=64 httpRetries=0
run=24 wall=69.1ms model=0.0ms tools=3087.5ms modelCalls=0 toolCalls=256 inputTokens=0 outputTokens=0 totalTokens=0 estContextLoadTokens~35144 workers=64 httpRetries=0
run=25 wall=78.5ms model=0.0ms tools=3527.1ms modelCalls=0 toolCalls=256 inputTokens=0 outputTokens=0 totalTokens=0 estContextLoadTokens~35144 workers=64 httpRetries=0
run=26 wall=133.2ms model=0.0ms tools=3782.7ms modelCalls=0 toolCalls=256 inputTokens=0 outputTokens=0 totalTokens=0 estContextLoadTokens~35144 workers=64 httpRetries=0
run=27 wall=71.9ms model=0.0ms tools=3321.5ms modelCalls=0 toolCalls=256 inputTokens=0 outputTokens=0 totalTokens=0 estContextLoadTokens~35144 workers=64 httpRetries=0
run=28 wall=55.9ms model=0.0ms tools=2446.6ms modelCalls=0 toolCalls=256 inputTokens=0 outputTokens=0 totalTokens=0 estContextLoadTokens~35144 workers=64 httpRetries=0
run=29 wall=127.0ms model=0.0ms tools=2472.4ms modelCalls=0 toolCalls=256 inputTokens=0 outputTokens=0 totalTokens=0 estContextLoadTokens~35144 workers=64 httpRetries=0
run=30 wall=59.3ms model=0.0ms tools=2646.9ms modelCalls=0 toolCalls=256 inputTokens=0 outputTokens=0 totalTokens=0 estContextLoadTokens~35144 workers=64 httpRetries=0

===============================================
 Comparison
===============================================
Token saving (provider-reported): N/A â?" replay mode reports no model token usage (run in 'live' mode for real numbers)
Token saving (estimated, heuristic): 43.1% â?" offline chars/words estimate of tool payload size, not a tokenizer count
Tool-call saving:   42.9%
Model-call saving:  0.0%
Wall-clock change:  -73.3%
Same final state:   True
JSON report:        C:\Foundgine\benchmarks\AgentEndToEnd\Run3\artifacts\10000-customers\concurrency-064\agent-benchmark.json
Markdown report:    C:\Foundgine\benchmarks\AgentEndToEnd\Run3\artifacts\10000-customers\concurrency-064\agent-benchmark.md

============================================
 Agent end-to-end benchmark completed
============================================
Reports written to: C:\Foundgine\benchmarks\AgentEndToEnd\Run3\artifacts
Removing benchmark containers and PostgreSQL volume...
