
============================================
 Foundgine Agent End-to-End Performance Run
============================================
Mode:                    replay
Customer tiers:          10, 100, 1000, 10000
Concurrency:             8, 16, 32, 64
Runs per tier:           30, 30, 30, 30
Warmups per flow:        5
Relationships/customer:  4
Contracts/relationship:  3
Transactions/contract:   4
Reports:                 C:\Foundgine\benchmarks\AgentEndToEnd\Run1\artifacts

Restoring benchmark projects...
  Determining projects to restore...
  All projects are up-to-date for restore.
  Determining projects to restore...
  All projects are up-to-date for restore.
Removing benchmark containers and PostgreSQL volume...
Removing benchmark containers and PostgreSQL volume...
Starting PostgreSQL 17 benchmark container on host port 56746...
 Network foundgine-agent-e2e-run1_default Creating 
 Network foundgine-agent-e2e-run1_default Created 
 Volume foundgine-agent-e2e-run1_agent-e2e-postgres-data Creating 
 Volume foundgine-agent-e2e-run1_agent-e2e-postgres-data Created 
 Container foundgine-agent-e2e-run1-postgres-1 Creating 
 Container foundgine-agent-e2e-run1-postgres-1 Created 
 Container foundgine-agent-e2e-run1-postgres-1 Starting 
 Container foundgine-agent-e2e-run1-postgres-1 Started 
Waiting for PostgreSQL...
Seeding fixture: 10 customers ...
Seeding 10 customers, 40 relationships, 120 contracts and 480 transactions...
Seeded: 10 customers, 40 relationships, 120 contracts, 480 transactions.
Benchmark graph for Customer 1: 4 relationships -> 12 contracts -> 48 transactions.
Customer 1 is the deterministic benchmark target.
Building and starting Foundgine warm benchmark API...
 Image foundgine-agent-e2e-run1-foundgine-warm Building 
#1 [internal] load local bake definitions
#1 reading from stdin 622B done
#1 DONE 0.0s

#2 [internal] load build definition from Dockerfile
#2 transferring dockerfile: 1.18kB done
#2 DONE 0.0s

#3 [internal] load metadata for mcr.microsoft.com/dotnet/aspnet:9.0
#3 DONE 0.2s

#4 [internal] load metadata for mcr.microsoft.com/dotnet/sdk:9.0
#4 DONE 0.2s

#5 [internal] load .dockerignore
#5 transferring context: 216B done
#5 DONE 0.0s

#6 [build 1/5] FROM mcr.microsoft.com/dotnet/sdk:9.0@sha256:35048e3a81e6a07c316e7bbbd80d80d2ba705fe5f23a8ed42b6638c8f4c20d30
#6 resolve mcr.microsoft.com/dotnet/sdk:9.0@sha256:35048e3a81e6a07c316e7bbbd80d80d2ba705fe5f23a8ed42b6638c8f4c20d30 0.0s done
#6 DONE 0.0s

#7 [stage-1 1/4] FROM mcr.microsoft.com/dotnet/aspnet:9.0@sha256:4e376dd15bbc8437d4892367ab0ea06a3ac9fea482d10f92f3c493fe1a2219ad
#7 resolve mcr.microsoft.com/dotnet/aspnet:9.0@sha256:4e376dd15bbc8437d4892367ab0ea06a3ac9fea482d10f92f3c493fe1a2219ad 0.0s done
#7 CACHED

#8 [internal] load build context
#8 transferring context: 75.09kB 0.1s done
#8 DONE 0.1s

#9 [build 2/5] WORKDIR /src
#9 CACHED

#10 [build 3/5] COPY . .
#10 DONE 0.3s

#11 [stage-1 2/4] RUN apt-get update     && apt-get install -y --no-install-recommends curl     && rm -rf /var/lib/apt/lists/*
#11 0.392 Get:1 http://deb.debian.org/debian bookworm InRelease [151 kB]
#11 0.682 Get:2 http://deb.debian.org/debian bookworm-updates InRelease [55.4 kB]
#11 0.696 Get:3 http://deb.debian.org/debian-security bookworm-security InRelease [34.8 kB]
#11 0.705 Get:4 http://deb.debian.org/debian bookworm/main amd64 Packages [8790 kB]
#11 1.369 Get:5 http://deb.debian.org/debian bookworm-updates/main amd64 Packages [6924 B]
#11 1.376 Get:6 http://deb.debian.org/debian-security bookworm-security/main amd64 Packages [337 kB]
#11 2.140 Fetched 9376 kB in 2s (5265 kB/s)
#11 2.140 Reading package lists...
#11 2.681 Reading package lists...
#11 3.087 Building dependency tree...
#11 3.220 Reading state information...
#11 3.397 The following additional packages will be installed:
#11 3.397   libbrotli1 libcurl4 libgssapi-krb5-2 libk5crypto3 libkeyutils1 libkrb5-3
#11 3.398   libkrb5support0 libldap-2.5-0 libnghttp2-14 libpsl5 librtmp1 libsasl2-2
#11 3.398   libsasl2-modules-db libssh2-1
#11 3.399 Suggested packages:
#11 3.399   krb5-doc krb5-user
#11 3.400 Recommended packages:
#11 3.400   krb5-locales libldap-common publicsuffix libsasl2-modules
#11 3.482 The following NEW packages will be installed:
#11 3.483   curl libbrotli1 libcurl4 libgssapi-krb5-2 libk5crypto3 libkeyutils1
#11 3.483   libkrb5-3 libkrb5support0 libldap-2.5-0 libnghttp2-14 libpsl5 librtmp1
#11 3.484   libsasl2-2 libsasl2-modules-db libssh2-1
#11 3.531 0 upgraded, 15 newly installed, 0 to remove and 0 not upgraded.
#11 3.531 Need to get 2206 kB of archives.
#11 3.531 After this operation, 5801 kB of additional disk space will be used.
#11 3.531 Get:1 http://deb.debian.org/debian bookworm/main amd64 libbrotli1 amd64 1.0.9-2+b6 [275 kB]
#11 3.602 Get:2 http://deb.debian.org/debian bookworm/main amd64 libkrb5support0 amd64 1.20.1-2+deb12u5 [33.2 kB]
#11 3.603 Get:3 http://deb.debian.org/debian bookworm/main amd64 libk5crypto3 amd64 1.20.1-2+deb12u5 [79.7 kB]
#11 3.631 Get:4 http://deb.debian.org/debian bookworm/main amd64 libkeyutils1 amd64 1.6.3-2 [8808 B]
#11 3.648 Get:5 http://deb.debian.org/debian bookworm/main amd64 libkrb5-3 amd64 1.20.1-2+deb12u5 [332 kB]
#11 3.692 Get:6 http://deb.debian.org/debian bookworm/main amd64 libgssapi-krb5-2 amd64 1.20.1-2+deb12u5 [135 kB]
#11 3.701 Get:7 http://deb.debian.org/debian bookworm/main amd64 libsasl2-modules-db amd64 2.1.28+dfsg-10 [20.3 kB]
#11 3.702 Get:8 http://deb.debian.org/debian bookworm/main amd64 libsasl2-2 amd64 2.1.28+dfsg-10 [59.7 kB]
#11 3.742 Get:9 http://deb.debian.org/debian bookworm/main amd64 libldap-2.5-0 amd64 2.5.13+dfsg-5 [183 kB]
#11 3.752 Get:10 http://deb.debian.org/debian bookworm/main amd64 libnghttp2-14 amd64 1.52.0-1+deb12u3 [72.4 kB]
#11 3.763 Get:11 http://deb.debian.org/debian bookworm/main amd64 libpsl5 amd64 0.21.2-1 [58.7 kB]
#11 3.763 Get:12 http://deb.debian.org/debian bookworm/main amd64 librtmp1 amd64 2.4+20151223.gitfa8646d.1-2+b2 [60.8 kB]
#11 3.771 Get:13 http://deb.debian.org/debian bookworm/main amd64 libssh2-1 amd64 1.10.0-3+b1 [179 kB]
#11 3.791 Get:14 http://deb.debian.org/debian bookworm/main amd64 libcurl4 amd64 7.88.1-10+deb12u15 [392 kB]
#11 3.828 Get:15 http://deb.debian.org/debian bookworm/main amd64 curl amd64 7.88.1-10+deb12u15 [316 kB]
#11 3.996 debconf: delaying package configuration, since apt-utils is not installed
#11 4.025 Fetched 2206 kB in 0s (6133 kB/s)
#11 4.055 Selecting previously unselected package libbrotli1:amd64.
#11 4.055 (Reading database ... 
(Reading database ... 5%
(Reading database ... 10%
(Reading database ... 15%
(Reading database ... 20%
(Reading database ... 25%
(Reading database ... 30%
(Reading database ... 35%
(Reading database ... 40%
(Reading database ... 45%
(Reading database ... 50%
(Reading database ... 55%
(Reading database ... 60%
(Reading database ... 65%
(Reading database ... 70%
(Reading database ... 75%
(Reading database ... 80%
(Reading database ... 85%
(Reading database ... 90%
(Reading database ... 95%
(Reading database ... 100%
(Reading database ... 6609 files and directories currently installed.)
#11 4.087 Preparing to unpack .../00-libbrotli1_1.0.9-2+b6_amd64.deb ...
#11 4.094 Unpacking libbrotli1:amd64 (1.0.9-2+b6) ...
#11 4.155 Selecting previously unselected package libkrb5support0:amd64.
#11 4.156 Preparing to unpack .../01-libkrb5support0_1.20.1-2+deb12u5_amd64.deb ...
#11 4.180 Unpacking libkrb5support0:amd64 (1.20.1-2+deb12u5) ...
#11 4.231 Selecting previously unselected package libk5crypto3:amd64.
#11 4.233 Preparing to unpack .../02-libk5crypto3_1.20.1-2+deb12u5_amd64.deb ...
#11 4.237 Unpacking libk5crypto3:amd64 (1.20.1-2+deb12u5) ...
#11 4.278 Selecting previously unselected package libkeyutils1:amd64.
#11 4.278 Preparing to unpack .../03-libkeyutils1_1.6.3-2_amd64.deb ...
#11 4.283 Unpacking libkeyutils1:amd64 (1.6.3-2) ...
#11 4.318 Selecting previously unselected package libkrb5-3:amd64.
#11 4.319 Preparing to unpack .../04-libkrb5-3_1.20.1-2+deb12u5_amd64.deb ...
#11 4.323 Unpacking libkrb5-3:amd64 (1.20.1-2+deb12u5) ...
#11 4.380 Selecting previously unselected package libgssapi-krb5-2:amd64.
#11 4.380 Preparing to unpack .../05-libgssapi-krb5-2_1.20.1-2+deb12u5_amd64.deb ...
#11 4.385 Unpacking libgssapi-krb5-2:amd64 (1.20.1-2+deb12u5) ...
#11 4.428 Selecting previously unselected package libsasl2-modules-db:amd64.
#11 4.429 Preparing to unpack .../06-libsasl2-modules-db_2.1.28+dfsg-10_amd64.deb ...
#11 4.433 Unpacking libsasl2-modules-db:amd64 (2.1.28+dfsg-10) ...
#11 4.467 Selecting previously unselected package libsasl2-2:amd64.
#11 4.468 Preparing to unpack .../07-libsasl2-2_2.1.28+dfsg-10_amd64.deb ...
#11 4.472 Unpacking libsasl2-2:amd64 (2.1.28+dfsg-10) ...
#11 4.511 Selecting previously unselected package libldap-2.5-0:amd64.
#11 4.512 Preparing to unpack .../08-libldap-2.5-0_2.5.13+dfsg-5_amd64.deb ...
#11 4.516 Unpacking libldap-2.5-0:amd64 (2.5.13+dfsg-5) ...
#11 4.560 Selecting previously unselected package libnghttp2-14:amd64.
#11 4.561 Preparing to unpack .../09-libnghttp2-14_1.52.0-1+deb12u3_amd64.deb ...
#11 4.565 Unpacking libnghttp2-14:amd64 (1.52.0-1+deb12u3) ...
#11 4.606 Selecting previously unselected package libpsl5:amd64.
#11 4.607 Preparing to unpack .../10-libpsl5_0.21.2-1_amd64.deb ...
#11 4.611 Unpacking libpsl5:amd64 (0.21.2-1) ...
#11 4.657 Selecting previously unselected package librtmp1:amd64.
#11 4.657 Preparing to unpack .../11-librtmp1_2.4+20151223.gitfa8646d.1-2+b2_amd64.deb ...
#11 4.663 Unpacking librtmp1:amd64 (2.4+20151223.gitfa8646d.1-2+b2) ...
#11 4.715 Selecting previously unselected package libssh2-1:amd64.
#11 4.715 Preparing to unpack .../12-libssh2-1_1.10.0-3+b1_amd64.deb ...
#11 4.722 Unpacking libssh2-1:amd64 (1.10.0-3+b1) ...
#11 4.806 Selecting previously unselected package libcurl4:amd64.
#11 ...

#12 [build 4/5] RUN dotnet restore     benchmarks/CoffeeBeanery.Performance/Foundgine.CoffeeBeanery.BenchmarkApi/Foundgine.CoffeeBeanery.BenchmarkApi.csproj
#12 0.946   Determining projects to restore...
#12 2.076   Restored /src/src/Foundgine.Execution/Foundgine.Execution.csproj (in 158 ms).
#12 2.076   Restored /src/src/Foundgine.Planning/Foundgine.Planning.csproj (in 158 ms).
#12 2.076   Restored /src/src/Foundgine.Semantics/Foundgine.Semantics.csproj (in 158 ms).
#12 2.076   Restored /src/src/Foundgine.Metadata/Foundgine.Metadata.csproj (in 158 ms).
#12 2.076   Restored /src/src/Foundgine.Sql/Foundgine.Sql.csproj (in 158 ms).
#12 2.082   Restored /src/src/Foundgine.Abstractions/Foundgine.Abstractions.csproj (in 2 ms).
#12 4.347   Restored /src/src/Foundgine.GraphQL.HotChocolate.Mutations/Foundgine.GraphQL.HotChocolate.Mutations.csproj (in 2.49 sec).
#12 4.347   Restored /src/src/Foundgine.GraphQL.HotChocolate/Foundgine.GraphQL.HotChocolate.csproj (in 2.49 sec).
#12 4.347   Restored /src/benchmarks/CoffeeBeanery.Performance/Foundgine.CoffeeBeanery.BenchmarkApi/Foundgine.CoffeeBeanery.BenchmarkApi.csproj (in 2.49 sec).
#12 DONE 4.5s

#11 [stage-1 2/4] RUN apt-get update     && apt-get install -y --no-install-recommends curl     && rm -rf /var/lib/apt/lists/*
#11 4.807 Preparing to unpack .../13-libcurl4_7.88.1-10+deb12u15_amd64.deb ...
#11 4.811 Unpacking libcurl4:amd64 (7.88.1-10+deb12u15) ...
#11 4.863 Selecting previously unselected package curl.
#11 4.865 Preparing to unpack .../14-curl_7.88.1-10+deb12u15_amd64.deb ...
#11 4.871 Unpacking curl (7.88.1-10+deb12u15) ...
#11 4.918 Setting up libkeyutils1:amd64 (1.6.3-2) ...
#11 4.931 Setting up libpsl5:amd64 (0.21.2-1) ...
#11 4.944 Setting up libbrotli1:amd64 (1.0.9-2+b6) ...
#11 4.958 Setting up libnghttp2-14:amd64 (1.52.0-1+deb12u3) ...
#11 5.049 Setting up libkrb5support0:amd64 (1.20.1-2+deb12u5) ...
#11 5.064 Setting up libsasl2-modules-db:amd64 (2.1.28+dfsg-10) ...
#11 5.076 Setting up librtmp1:amd64 (2.4+20151223.gitfa8646d.1-2+b2) ...
#11 5.089 Setting up libk5crypto3:amd64 (1.20.1-2+deb12u5) ...
#11 5.102 Setting up libsasl2-2:amd64 (2.1.28+dfsg-10) ...
#11 5.193 Setting up libssh2-1:amd64 (1.10.0-3+b1) ...
#11 5.208 Setting up libkrb5-3:amd64 (1.20.1-2+deb12u5) ...
#11 5.221 Setting up libldap-2.5-0:amd64 (2.5.13+dfsg-5) ...
#11 5.234 Setting up libgssapi-krb5-2:amd64 (1.20.1-2+deb12u5) ...
#11 5.324 Setting up libcurl4:amd64 (7.88.1-10+deb12u15) ...
#11 5.339 Setting up curl (7.88.1-10+deb12u15) ...
#11 5.354 Processing triggers for libc-bin (2.36-9+deb12u14) ...
#11 DONE 5.5s

#13 [build 5/5] RUN dotnet publish     benchmarks/CoffeeBeanery.Performance/Foundgine.CoffeeBeanery.BenchmarkApi/Foundgine.CoffeeBeanery.BenchmarkApi.csproj     -c Release     -o /app/publish
#13 ...

#14 [stage-1 3/4] WORKDIR /app
#14 DONE 0.1s

#13 [build 5/5] RUN dotnet publish     benchmarks/CoffeeBeanery.Performance/Foundgine.CoffeeBeanery.BenchmarkApi/Foundgine.CoffeeBeanery.BenchmarkApi.csproj     -c Release     -o /app/publish
#13 1.073   Determining projects to restore...
#13 2.106   All projects are up-to-date for restore.
#13 4.523   Foundgine.Abstractions -> /src/src/Foundgine.Abstractions/bin/Release/net9.0/Foundgine.Abstractions.dll
#13 5.167   Foundgine.Metadata -> /src/src/Foundgine.Metadata/bin/Release/net9.0/Foundgine.Metadata.dll
#13 5.303   Foundgine.Semantics -> /src/src/Foundgine.Semantics/bin/Release/net9.0/Foundgine.Semantics.dll
#13 5.884   Foundgine.GraphQL.HotChocolate -> /src/src/Foundgine.GraphQL.HotChocolate/bin/Release/net9.0/Foundgine.GraphQL.HotChocolate.dll
#13 5.993   Foundgine.Planning -> /src/src/Foundgine.Planning/bin/Release/net9.0/Foundgine.Planning.dll
#13 6.378   Foundgine.Execution -> /src/src/Foundgine.Execution/bin/Release/net9.0/Foundgine.Execution.dll
#13 6.830   Foundgine.GraphQL.HotChocolate.Mutations -> /src/src/Foundgine.GraphQL.HotChocolate.Mutations/bin/Release/net9.0/Foundgine.GraphQL.HotChocolate.Mutations.dll
#13 7.037   Foundgine.Sql -> /src/src/Foundgine.Sql/bin/Release/net9.0/Foundgine.Sql.dll
#13 7.876   Foundgine.CoffeeBeanery.BenchmarkApi -> /src/benchmarks/CoffeeBeanery.Performance/Foundgine.CoffeeBeanery.BenchmarkApi/bin/Release/net9.0/Foundgine.CoffeeBeanery.BenchmarkApi.dll
#13 7.936   Foundgine.CoffeeBeanery.BenchmarkApi -> /app/publish/
#13 DONE 8.1s

#15 [stage-1 4/4] COPY --from=build /app/publish .
#15 DONE 0.2s

#16 exporting to image
#16 exporting layers
#16 exporting layers 0.6s done
#16 exporting manifest sha256:bdf27bd1d67c6ba0eca9e67581251d47037b2a157649a679a0cd39ebe9b6561e 0.0s done
#16 exporting config sha256:71003dfe0894da665f90485559d342db4f82ba8fb907bea87fca8b46b1b5ea6a 0.0s done
#16 exporting attestation manifest sha256:23e2b79839377633bde612d661681a5d7f55bb358f7c4cd1e3cc1922910eef8c 0.1s done
#16 exporting manifest list sha256:73ac528a35f56eb2cd1163675e75cdbdf1bbf0b6f1090a501fd98c320c34c239
#16 exporting manifest list sha256:73ac528a35f56eb2cd1163675e75cdbdf1bbf0b6f1090a501fd98c320c34c239 0.0s done
#16 naming to docker.io/library/foundgine-agent-e2e-run1-foundgine-warm:latest done
#16 unpacking to docker.io/library/foundgine-agent-e2e-run1-foundgine-warm:latest 0.1s done
#16 DONE 0.9s

#17 resolving provenance for metadata file
#17 DONE 0.0s
 Image foundgine-agent-e2e-run1-foundgine-warm Built 
 Container foundgine-agent-e2e-run1-foundgine-warm-1 Creating 
 Container foundgine-agent-e2e-run1-foundgine-warm-1 Created 
 Container foundgine-agent-e2e-run1-foundgine-warm-1 Starting 
Error response from daemon: failed to set up container networking: driver failed programming external connectivity on endpoint foundgine-agent-e2e-run1-foundgine-warm-1 (ba6f940a7f4438c281e800bb02379f004e003c9e1dceb47908db415af79cdd06): Bind for 0.0.0.0:4302 failed: port is already allocated
Removing benchmark containers and PostgreSQL volume...
docker compose failed with exit code 1. Arguments: up -d --no-deps foundgine-warm
At C:\Foundgine\benchmarks\AgentEndToEnd\Run1\run-agent-end-to-end.ps1:124 char:9
+         throw "docker compose failed with exit code $LASTEXITCODE. Ar ...
+         ~~~~~~~~~~~~~~~~~~~~~~~~~~~~~~~~~~~~~~~~~~~~~~~~~~~~~~~~~~~~~
    + CategoryInfo          : OperationStopped: (docker compose ... foundgine-warm:String) [], RuntimeException
    + FullyQualifiedErrorId : docker compose failed with exit code 1. Arguments: up -d --no-deps foundgine-warm
 
