
============================================
 Foundgine Agent End-to-End Performance Run
============================================
Mode:                    replay
Customer tiers:          1
Concurrency:             1
Runs per tier:           1
Warmups per flow:        1
Relationships/customer:  4
Contracts/relationship:  3
Transactions/contract:   4
Reports:                 C:\Foundgine\benchmarks\AgentEndToEnd\Run3\artifacts

Restoring benchmark projects...
  Determining projects to restore...
  All projects are up-to-date for restore.
  Determining projects to restore...
  All projects are up-to-date for restore.
Removing benchmark containers and PostgreSQL volume...
Removing benchmark containers and PostgreSQL volume...
Starting PostgreSQL 17 benchmark container on host port 46574...
 Network foundgine-agent-e2e-run3_default Creating 
 Network foundgine-agent-e2e-run3_default Created 
 Volume foundgine-agent-e2e-run3_agent-e2e-postgres-data Creating 
 Volume foundgine-agent-e2e-run3_agent-e2e-postgres-data Created 
 Container foundgine-agent-e2e-run3-postgres-1 Creating 
 Container foundgine-agent-e2e-run3-postgres-1 Created 
 Container foundgine-agent-e2e-run3-postgres-1 Starting 
 Container foundgine-agent-e2e-run3-postgres-1 Started 
Waiting for PostgreSQL...
Seeding fixture: 1 customers ...
Unhandled exception. Npgsql.NpgsqlException (0x80004005): Failed to connect to 127.0.0.1:46574
 ---> System.TimeoutException: The operation has timed out.
   at Npgsql.TaskTimeoutAndCancellation.ExecuteAsync(Func`2 getTaskFunc, NpgsqlTimeout timeout, CancellationToken cancellationToken)
   at Npgsql.Internal.NpgsqlConnector.ConnectAsync(NpgsqlTimeout timeout, CancellationToken cancellationToken)
   at Npgsql.Internal.NpgsqlConnector.ConnectAsync(NpgsqlTimeout timeout, CancellationToken cancellationToken)
   at Npgsql.Internal.NpgsqlConnector.RawOpen(SslMode sslMode, NpgsqlTimeout timeout, Boolean async, CancellationToken cancellationToken)
   at Npgsql.Internal.NpgsqlConnector.<Open>g__OpenCore|214_1(NpgsqlConnector conn, SslMode sslMode, NpgsqlTimeout timeout, Boolean async, CancellationToken cancellationToken)
   at Npgsql.Internal.NpgsqlConnector.Open(NpgsqlTimeout timeout, Boolean async, CancellationToken cancellationToken)
   at Npgsql.PoolingDataSource.OpenNewConnector(NpgsqlConnection conn, NpgsqlTimeout timeout, Boolean async, CancellationToken cancellationToken)
   at Npgsql.PoolingDataSource.<Get>g__RentAsync|33_0(NpgsqlConnection conn, NpgsqlTimeout timeout, Boolean async, CancellationToken cancellationToken)
   at Npgsql.NpgsqlConnection.<Open>g__OpenAsync|42_0(Boolean async, CancellationToken cancellationToken)
   at Microsoft.EntityFrameworkCore.Storage.RelationalConnection.OpenInternalAsync(Boolean errorsExpected, CancellationToken cancellationToken)
   at Microsoft.EntityFrameworkCore.Storage.RelationalConnection.OpenInternalAsync(Boolean errorsExpected, CancellationToken cancellationToken)
   at Microsoft.EntityFrameworkCore.Storage.RelationalConnection.OpenAsync(CancellationToken cancellationToken, Boolean errorsExpected)
   at Microsoft.EntityFrameworkCore.Storage.RelationalCommand.ExecuteReaderAsync(RelationalCommandParameterObject parameterObject, CancellationToken cancellationToken)
   at Microsoft.EntityFrameworkCore.Migrations.HistoryRepository.GetAppliedMigrationsAsync(CancellationToken cancellationToken)
   at Npgsql.EntityFrameworkCore.PostgreSQL.Migrations.Internal.NpgsqlHistoryRepository.GetAppliedMigrationsAsync(CancellationToken cancellationToken)
   at Npgsql.EntityFrameworkCore.PostgreSQL.Migrations.Internal.NpgsqlMigrator.MigrateAsync(String targetMigration, CancellationToken cancellationToken)
   at Program.<Main>$(String[] args) in C:\Foundgine\benchmarks\CoffeeBeanery.Performance\CoffeeBeanery.Database\Program.cs:line 29
   at Program.<Main>$(String[] args) in C:\Foundgine\benchmarks\CoffeeBeanery.Performance\CoffeeBeanery.Database\Program.cs:line 220
   at Program.<Main>(String[] args)
Removing benchmark containers and PostgreSQL volume...
Fixture seeding failed for 1 customers.
At C:\Foundgine\benchmarks\AgentEndToEnd\Run3\run-agent-end-to-end.ps1:236 char:9
+         throw "Fixture seeding failed for $CustomerCount customers."
+         ~~~~~~~~~~~~~~~~~~~~~~~~~~~~~~~~~~~~~~~~~~~~~~~~~~~~~~~~~~~~
    + CategoryInfo          : OperationStopped: (Fixture seeding failed for 1 customers.:String) [], RuntimeException
    + FullyQualifiedErrorId : Fixture seeding failed for 1 customers.
 
